******************************************************************************
               TMS320C6x Linker PC v7.4.20                     
******************************************************************************
>> Linked Thu Sep 07 13:01:37 2017

OUTPUT FILE NAME:   <app2.out>
ENTRY POINT SYMBOL: "_c_int00"  address: 0000ece0


MEMORY CONFIGURATION

         name            origin    length      used     unused   attr    fill
----------------------  --------  ---------  --------  --------  ----  --------
  IVECS                 00000000   00000220  00000038  000001e8  RWIX
  IRAM                  00000220   0002fde0  00011a82  0001e35e  RWIX
  SDRAM                 80000000   01000000  00000000  01000000  RWIX
  FLASH                 90000000   00020000  00000000  00020000  RWIX


SECTION ALLOCATION MAP

 output                                  attributes/
section   page    origin      length       input sections
--------  ----  ----------  ----------   ----------------
.data      0    00000000    00000038     
                  00000000    00000038     test.obj (.data)

.bss       0    00000220    00000000     UNINITIALIZED

.text      0    00000220    0000eee0     
                  00000220    00000be0     rts6200.lib : _scanfi.obj (.text:__scanfi)
                  00000e00    000007c0                 : _scanfi.obj (.text:__sset_arg)
                  000015c0    00000700                 : divd.obj (.text:__divd)
                  00001cc0    00000700                 : _printfi.obj (.text:__getarg_diouxp)
                  000023c0    000006c0                 : strtod.obj (.text:_strtod)
                  00002a80    000006c0                 : strtold.obj (.text:_strtold)
                  00003140    00000680                 : _printfi.obj (.text:__setfield)
                  000037c0    00000620                 : strtoll.obj (.text:_strtoll)
                  00003de0    000005c0                 : _scanfi.obj (.text:__sproc_int)
                  000043a0    000005c0     liste.obj (.text)
                  00004960    00000580     rts6200.lib : strtol.obj (.text:_strtol)
                  00004ee0    00000560                 : _printfi.obj (.text:__printfi)
                  00005440    00000520                 : _printfi.obj (.text:_fcvt)
                  00005960    00000520                 : fputs.obj (.text:_fputs)
                  00005e80    00000520                 : strtoul.obj (.text:_strtoul)
                  000063a0    000004e0                 : _printfi.obj (.text:_ecvt)
                  00006880    000004e0                 : strtoull.obj (.text:_strtoull)
                  00006d60    000004c0                 : _printfi.obj (.text:__pproc_fge)
                  00007220    00000440                 : _printfi.obj (.text:__pconv_e)
                  00007660    000003a0                 : imath64.obj (.text:__divull)
                  00007a00    000003a0                 : _scanfi.obj (.text:__sget_conv)
                  00007da0    00000380                 : _printfi.obj (.text:__pproc_fwp)
                  00008120    00000380                 : _scanfi.obj (.text:__sproc_float)
                  000084a0    00000380                 : memory.obj (.text:_free)
                  00008820    00000320                 : frcaddd.obj (.text:__frcaddd)
                  00008b40    00000300                 : addd.obj (.text:__addd)
                  00008e40    00000300                 : _printfi.obj (.text:__pproc_diouxp)
                  00009140    00000300                 : setvbuf.obj (.text:_setvbuf)
                  00009440    000002e0                 : mpyd.obj (.text:__mpyd)
                  00009720    000002e0                 : _printfi.obj (.text:__pproc_str)
                  00009a00    000002e0                 : fputc.obj (.text:_fputc)
                  00009ce0    00000260                 : imath40.obj (.text:__divul)
                  00009f40    00000260                 : memory.obj (.text:_malloc)
                  0000a1a0    00000240                 : _printfi.obj (.text:__mcpy)
                  0000a3e0    00000240                 : memcpy62.obj (.text:_memcpy)
                  0000a620    00000220                 : trgdrv.obj (.text:_HOSTrename)
                  0000a840    00000220                 : fscanf.obj (.text:__chkmbc)
                  0000aa60    00000220                 : _scanfi.obj (.text:__sproc_lb)
                  0000ac80    00000220                 : _scanfi.obj (.text:__sproc_str)
                  0000aea0    00000200                 : _printfi.obj (.text:__pconv_g)
                  0000b0a0    000001e0                 : fseek.obj (.text:_fseek)
                  0000b280    000001e0                 : lowlev.obj (.text:_getdevice)
                  0000b460    000001c0                 : _printfi.obj (.text:__ltostr)
                  0000b620    000001a0                 : _printfi.obj (.text:__pproc_fflags)
                  0000b7c0    00000180                 : fclose.obj (.text:__closefile)
                  0000b940    00000180                 : fgetc.obj (.text:_fgetc)
                  0000bac0    00000160                 : trgdrv.obj (.text:_HOSTlseek)
                  0000bc20    00000160                 : _bufread.obj (.text:__buff_read)
                  0000bd80    00000160                 : frcmpyd_div.obj (.text:__frcmpyd_div)
                  0000bee0    00000160                 : _scanfi.obj (.text:__sget_scanset)
                  0000c040    00000160                 : ungetc.obj (.text:_ungetc)
                  0000c1a0    00000140                 : trgdrv.obj (.text:_HOSTread)
                  0000c2e0    00000140                 : frcmpyd.obj (.text:__frcmpyd)
                  0000c420    00000140                 : atoi.obj (.text:_atoi)
                  0000c560    00000140                 : ltoa.obj (.text:_ltoa)
                  0000c6a0    00000120                 : trgdrv.obj (.text:_HOSTopen)
                  0000c7c0    00000120                 : trgdrv.obj (.text:_HOSTwrite)
                  0000c8e0    00000120                 : divi.obj (.text:__divi)
                  0000ca00    00000120                 : _io_perm.obj (.text:__wrt_ok)
                  0000cb20    00000120                 : lowlev.obj (.text:_close)
                  0000cc40    00000120                 : memset.obj (.text:_memset)
                  0000cd60    00000120                 : printf.obj (.text:_printf)
                  0000ce80    00000120                 : fscanf.obj (.text:_scanf)
                  0000cfa0    00000100                 : trgdrv.obj (.text:_HOSTclose)
                  0000d0a0    00000100                 : trgdrv.obj (.text:_HOSTunlink)
                  0000d1a0    00000100                 : autoinit.obj (.text:__auto_init)
                  0000d2a0    00000100                 : cmpd.obj (.text:__cmpd)
                  0000d3a0    00000100                 : _printfi.obj (.text:__div)
                  0000d4a0    00000100                 : imath40.obj (.text:__divli)
                  0000d5a0    00000100                 : _printfi.obj (.text:__pconv_f)
                  0000d6a0    00000100                 : lowlev.obj (.text:_lseek)
                  0000d7a0    00000100                 : lowlev.obj (.text:_read)
                  0000d8a0    00000100                 : lowlev.obj (.text:_write)
                  0000d9a0    000000e0                 : fopen.obj (.text:__cleanup)
                  0000da80    000000e0                 : fflush.obj (.text:__doflush)
                  0000db60    000000e0                 : _printfi.obj (.text:__ecpy)
                  0000dc40    000000e0                 : _printfi.obj (.text:__fcpy)
                  0000dd20    000000e0                 : _io_perm.obj (.text:__rd_ok)
                  0000de00    000000e0                 : exit.obj (.text:_exit)
                  0000dee0    000000e0                 : memory.obj (.text:_minsert)
                  0000dfc0    000000e0                 : memory.obj (.text:_mremove)
                  0000e0a0    000000c0                 : cvtdf.obj (.text:__cvtdf)
                  0000e160    000000c0                 : divu.obj (.text:__divu)
                  0000e220    000000c0                 : imath40.obj (.text:__remli)
                  0000e2e0    000000c0                 : imath40.obj (.text:__remul)
                  0000e3a0    000000c0                 : cpy_tbl.obj (.text:_copy_in)
                  0000e460    000000c0                 : lowlev.obj (.text:_finddevice)
                  0000e520    000000c0     main.obj (.text)
                  0000e5e0    000000a0     rts6200.lib : fixdi.obj (.text:__fixdi)
                  0000e680    000000a0                 : fixdli.obj (.text:__fixdli)
                  0000e720    000000a0                 : llshift.obj (.text:__llshl)
                  0000e7c0    000000a0                 : mpyll.obj (.text:__mpyll)
                  0000e860    000000a0                 : renormd.obj (.text:__renormd)
                  0000e900    000000a0                 : trgmsg.obj (.text:_readmsg)
                  0000e9a0    000000a0                 : lowlev.obj (.text:_unlink)
                  0000ea40    000000a0                 : trgmsg.obj (.text:_writemsg)
                  0000eae0    00000080                 : cpp_init.obj (.text:___TI_cpp_init)
                  0000eb60    00000080                 : fltlid.obj (.text:__fltlid)
                  0000ebe0    00000080                 : llshift.obj (.text:__llshru)
                  0000ec60    00000080                 : imath64.obj (.text:__remull)
                  0000ece0    00000080                 : boot.obj (.text:_c_int00)
                  0000ed60    00000080                 : memccpy.obj (.text:_memccpy)
                  0000ede0    00000060                 : isinf.obj (.text:___isinf)
                  0000ee40    00000060                 : _printfi.obj (.text:___isnan)
                  0000eea0    00000060                 : imath64.obj (.text:__subcull)
                  0000ef00    00000060                 : subd.obj (.text:__subd)
                  0000ef60    00000040                 : args_main.obj (.text:__args_main)
                  0000efa0    00000040                 : negd.obj (.text:__negd)
                  0000efe0    00000020                 : fscanf.obj (.text:__inpchar)
                  0000f000    00000020                 : negll.obj (.text:__negll)
                  0000f020    00000020                 : _lock.obj (.text:__nop)
                  0000f040    00000020                 : printf.obj (.text:__outc)
                  0000f060    00000020                 : printf.obj (.text:__outs)
                  0000f080    00000020                 : fscanf.obj (.text:__uninpchar)
                  0000f0a0    00000020                 : exit.obj (.text:_abort)
                  0000f0c0    00000020                 : remove.obj (.text:_remove)
                  0000f0e0    00000020     test.obj (.text)

.stack     0    0000f100    00001000     UNINITIALIZED
                  0000f100    00000008     rts6200.lib : boot.obj (.stack)
                  0000f108    00000ff8     --HOLE--

.sysmem    0    00010100    00001000     UNINITIALIZED
                  00010100    00000008     rts6200.lib : memory.obj (.sysmem)
                  00010108    00000ff8     --HOLE--

.const     0    00011100    0000048a     
                  00011100    00000218     liste.obj (.const:.string)
                  00011318    00000101     rts6200.lib : ctype.obj (.const:.string:__ctypes_)
                  00011419    00000002                 : fputs.obj (.const:.string)
                  0001141b    00000001     --HOLE-- [fill = 0]
                  0001141c    00000004     main.obj (.const:.string)
                  00011420    00000050     rts6200.lib : strtod.obj (.const:_digits)
                  00011470    00000050                 : strtold.obj (.const:_digits)
                  000114c0    00000048                 : strtod.obj (.const:_powerof10)
                  00011508    00000048                 : strtold.obj (.const:_powerof10)
                  00011550    00000023                 : _printfi.obj (.const:.string)
                  00011573    00000001     --HOLE-- [fill = 0]
                  00011574    00000008                 : divd.obj (.const:.string:_initial_approx$1)
                  0001157c    00000007                 : _scanfi.obj (.const:.string:_flit$1)
                  00011583    00000001     --HOLE-- [fill = 0]
                  00011584    00000006                 : _scanfi.obj (.const:.string:_barr$2)

.far       0    0001158c    0000046c     UNINITIALIZED
                  0001158c    00000324     rts6200.lib : defs.obj (.far)
                  000118b0    0000011c                 : lowlev.obj (.far)
                  000119cc    0000000c                 : exit.obj (.far)
                  000119d8    00000008                 : _lock.obj (.far)
                  000119e0    00000008                 : memory.obj (.far)
                  000119e8    00000008                 : trgdrv.obj (.far)
                  000119f0    00000004                 : errno.obj (.far)
                  000119f4    00000004                 : fopen.obj (.far)

.cinit     0    000119f8    00000164     
                  000119f8    0000005c     rts6200.lib : defs.obj (.cinit)
                  00011a54    00000004     --HOLE-- [fill = 0]
                  00011a58    0000005c                 : lowlev.obj (.cinit)
                  00011ab4    00000004     --HOLE-- [fill = 0]
                  00011ab8    0000002c                 : exit.obj (.cinit)
                  00011ae4    00000004     --HOLE-- [fill = 0]
                  00011ae8    0000002c                 : memory.obj (.cinit)
                  00011b14    00000004     --HOLE-- [fill = 0]
                  00011b18    0000001c                 : _lock.obj (.cinit)
                  00011b34    00000004     --HOLE-- [fill = 0]
                  00011b38    0000000c                 : errno.obj (.cinit)
                  00011b44    00000004     --HOLE-- [fill = 0]
                  00011b48    0000000c                 : fopen.obj (.cinit)
                  00011b54    00000004     --HOLE-- [fill = 0]
                  00011b58    00000004     (.pad.cinit) [fill = 0]

.cio       0    00011b5c    00000120     UNINITIALIZED
                  00011b5c    00000120     rts6200.lib : trgmsg.obj (.cio)

.switch    0    00011c7c    00000028     
                  00011c7c    00000028     rts6200.lib : _scanfi.obj (.switch:__sset_arg)


GLOBAL SYMBOLS: SORTED ALPHABETICALLY BY Name 

address    name
--------   ----
00000220   $bss
00000220   .bss
00000000   .data
00000220   .text
0000f0a0   C$$EXIT
0000eab8   C$$IO$$
0000cfa0   _HOSTclose
0000bac0   _HOSTlseek
0000c6a0   _HOSTopen
0000c1a0   _HOSTread
0000a620   _HOSTrename
0000d0a0   _HOSTunlink
0000c7c0   _HOSTwrite
0000f0e0   _TaMere
00011b5c   __CIOBUF_
00010100   __STACK_END
00001000   __STACK_SIZE
00001000   __SYSMEM_SIZE
00000001   __TI_args_main
0000eae0   ___TI_cpp_init
000119d4   ___TI_enable_exit_profile_output
ffffffff   ___TI_pprof_out_hndl
ffffffff   ___TI_prof_data_size
ffffffff   ___TI_prof_data_start
ffffffff   ___binit__
00000220   ___bss__
ffffffff   ___c_args__
000119f8   ___cinit__
00000000   ___data__
00000038   ___edata__
00000220   ___end__
0000f100   ___etext__
0000ede0   ___isinf
ffffffff   ___pinit__
00000220   ___text__
00008b40   __addd
0000ef60   __args_main
0000d1a0   __auto_init
0000bc20   __buff_read
0000c8e0   __c6xabi_divi
0000e160   __c6xabi_divu
0000d9a0   __cleanup
000119cc   __cleanup_ptr
0000b7c0   __closefile
0000d2a0   __cmpd
00011318   __ctypes_
0000e0a0   __cvtdf
000015c0   __divd
0000c8e0   __divi
0000d4a0   __divli
0000e160   __divu
00009ce0   __divul
00007660   __divull
0000da80   __doflush
000119d0   __dtors_ptr
0000e5e0   __fixdi
0000e680   __fixdli
0000eb60   __fltlid
00008820   __frcaddd
0000c2e0   __frcmpyd
0000bd80   __frcmpyd_div
000118ac   __ft_end
0001158c   __ftable
0000e720   __llshl
0000ebe0   __llshru
000119d8   __lock
00009440   __mpyd
0000e7c0   __mpyll
0000efa0   __negd
0000f000   __negll
0000f020   __nop
00004ee0   __printfi
0000dd20   __rd_ok
0000e220   __remli
0000e2e0   __remul
0000ec60   __remull
0000e860   __renormd
00000220   __scanfi
0000f100   __stack
0000eea0   __subcull
0000ef00   __subd
00010100   __sys_memory
0001176c   __tmpnams
000119dc   __unlock
0000ca00   __wrt_ok
0000f0a0   _abort
0000c420   _atoi
0000ece0   _c_int00
0000cb20   _close
0000e3a0   _copy_in
000119f0   _errno
0000de00   _exit
0000b940   _fgetc
00009a00   _fputc
00005960   _fputs
000084a0   _free
0000b0a0   _fseek
0000b940   _getc
0000d6a0   _lseek
0000c560   _ltoa
0000e520   _main
00009f40   _malloc
0000ed60   _memccpy
0000a3e0   _memcpy
0000cc40   _memset
0000456c   _obtenirFormat
00004738   _obtenirOperation
000043a0   _obtenirType
0000cd60   _printf
00009a00   _putc
0000d7a0   _read
0000e900   _readmsg
0000f0c0   _remove
0000ce80   _scanf
00009140   _setvbuf
000023c0   _strtod
00004960   _strtol
00002a80   _strtold
000037c0   _strtoll
00005e80   _strtoul
00006880   _strtoull
0000c040   _ungetc
0000e9a0   _unlink
0000d8a0   _write
0000ea40   _writemsg
ffffffff   binit
000119f8   cinit
00000038   edata
00000220   end
0000f100   etext
ffffffff   pinit


GLOBAL SYMBOLS: SORTED BY Symbol Address 

address    name
--------   ----
00000000   .data
00000000   ___data__
00000001   __TI_args_main
00000038   ___edata__
00000038   edata
00000220   $bss
00000220   .bss
00000220   .text
00000220   ___bss__
00000220   ___end__
00000220   ___text__
00000220   __scanfi
00000220   end
00001000   __STACK_SIZE
00001000   __SYSMEM_SIZE
000015c0   __divd
000023c0   _strtod
00002a80   _strtold
000037c0   _strtoll
000043a0   _obtenirType
0000456c   _obtenirFormat
00004738   _obtenirOperation
00004960   _strtol
00004ee0   __printfi
00005960   _fputs
00005e80   _strtoul
00006880   _strtoull
00007660   __divull
000084a0   _free
00008820   __frcaddd
00008b40   __addd
00009140   _setvbuf
00009440   __mpyd
00009a00   _fputc
00009a00   _putc
00009ce0   __divul
00009f40   _malloc
0000a3e0   _memcpy
0000a620   _HOSTrename
0000b0a0   _fseek
0000b7c0   __closefile
0000b940   _fgetc
0000b940   _getc
0000bac0   _HOSTlseek
0000bc20   __buff_read
0000bd80   __frcmpyd_div
0000c040   _ungetc
0000c1a0   _HOSTread
0000c2e0   __frcmpyd
0000c420   _atoi
0000c560   _ltoa
0000c6a0   _HOSTopen
0000c7c0   _HOSTwrite
0000c8e0   __c6xabi_divi
0000c8e0   __divi
0000ca00   __wrt_ok
0000cb20   _close
0000cc40   _memset
0000cd60   _printf
0000ce80   _scanf
0000cfa0   _HOSTclose
0000d0a0   _HOSTunlink
0000d1a0   __auto_init
0000d2a0   __cmpd
0000d4a0   __divli
0000d6a0   _lseek
0000d7a0   _read
0000d8a0   _write
0000d9a0   __cleanup
0000da80   __doflush
0000dd20   __rd_ok
0000de00   _exit
0000e0a0   __cvtdf
0000e160   __c6xabi_divu
0000e160   __divu
0000e220   __remli
0000e2e0   __remul
0000e3a0   _copy_in
0000e520   _main
0000e5e0   __fixdi
0000e680   __fixdli
0000e720   __llshl
0000e7c0   __mpyll
0000e860   __renormd
0000e900   _readmsg
0000e9a0   _unlink
0000ea40   _writemsg
0000eab8   C$$IO$$
0000eae0   ___TI_cpp_init
0000eb60   __fltlid
0000ebe0   __llshru
0000ec60   __remull
0000ece0   _c_int00
0000ed60   _memccpy
0000ede0   ___isinf
0000eea0   __subcull
0000ef00   __subd
0000ef60   __args_main
0000efa0   __negd
0000f000   __negll
0000f020   __nop
0000f0a0   C$$EXIT
0000f0a0   _abort
0000f0c0   _remove
0000f0e0   _TaMere
0000f100   ___etext__
0000f100   __stack
0000f100   etext
00010100   __STACK_END
00010100   __sys_memory
00011318   __ctypes_
0001158c   __ftable
0001176c   __tmpnams
000118ac   __ft_end
000119cc   __cleanup_ptr
000119d0   __dtors_ptr
000119d4   ___TI_enable_exit_profile_output
000119d8   __lock
000119dc   __unlock
000119f0   _errno
000119f8   ___cinit__
000119f8   cinit
00011b5c   __CIOBUF_
ffffffff   ___TI_pprof_out_hndl
ffffffff   ___TI_prof_data_size
ffffffff   ___TI_prof_data_start
ffffffff   ___binit__
ffffffff   ___c_args__
ffffffff   ___pinit__
ffffffff   binit
ffffffff   pinit

[131 symbols]
