<?xml version="1.0"?>
<link_info>
   <banner>TMS320C6x Linker PC v7.4.20</banner>
   <copyright>Copyright (c) 1996-2015 Texas Instruments Incorporated</copyright>
   <link_time>0x59b17b71</link_time>
   <output_file>app2.out</output_file>
   <entry_point>
      <name>_c_int00</name>
      <address>0xece0</address>
   </entry_point>
   <input_file_list>
      <input_file id="fl-2">
         <path>.\</path>
         <kind>object</kind>
         <file>liste.obj</file>
         <name>liste.obj</name>
      </input_file>
      <input_file id="fl-3">
         <path>.\</path>
         <kind>object</kind>
         <file>main.obj</file>
         <name>main.obj</name>
      </input_file>
      <input_file id="fl-4">
         <path>.\</path>
         <kind>object</kind>
         <file>test.obj</file>
         <name>test.obj</name>
      </input_file>
      <input_file id="fl-82">
         <path>C:\ti\ccsv7\tools\compiler\c6000_7.4.20\lib\</path>
         <kind>archive</kind>
         <file>rts6200.lib</file>
         <name>boot.obj</name>
      </input_file>
      <input_file id="fl-83">
         <path>C:\ti\ccsv7\tools\compiler\c6000_7.4.20\lib\</path>
         <kind>archive</kind>
         <file>rts6200.lib</file>
         <name>exit.obj</name>
      </input_file>
      <input_file id="fl-84">
         <path>C:\ti\ccsv7\tools\compiler\c6000_7.4.20\lib\</path>
         <kind>archive</kind>
         <file>rts6200.lib</file>
         <name>fscanf.obj</name>
      </input_file>
      <input_file id="fl-85">
         <path>C:\ti\ccsv7\tools\compiler\c6000_7.4.20\lib\</path>
         <kind>archive</kind>
         <file>rts6200.lib</file>
         <name>printf.obj</name>
      </input_file>
      <input_file id="fl-86">
         <path>C:\ti\ccsv7\tools\compiler\c6000_7.4.20\lib\</path>
         <kind>archive</kind>
         <file>rts6200.lib</file>
         <name>ungetc.obj</name>
      </input_file>
      <input_file id="fl-87">
         <path>C:\ti\ccsv7\tools\compiler\c6000_7.4.20\lib\</path>
         <kind>archive</kind>
         <file>rts6200.lib</file>
         <name>_lock.obj</name>
      </input_file>
      <input_file id="fl-88">
         <path>C:\ti\ccsv7\tools\compiler\c6000_7.4.20\lib\</path>
         <kind>archive</kind>
         <file>rts6200.lib</file>
         <name>_printfi.obj</name>
      </input_file>
      <input_file id="fl-89">
         <path>C:\ti\ccsv7\tools\compiler\c6000_7.4.20\lib\</path>
         <kind>archive</kind>
         <file>rts6200.lib</file>
         <name>_scanfi.obj</name>
      </input_file>
      <input_file id="fl-8a">
         <path>C:\ti\ccsv7\tools\compiler\c6000_7.4.20\lib\</path>
         <kind>archive</kind>
         <file>rts6200.lib</file>
         <name>args_main.obj</name>
      </input_file>
      <input_file id="fl-8b">
         <path>C:\ti\ccsv7\tools\compiler\c6000_7.4.20\lib\</path>
         <kind>archive</kind>
         <file>rts6200.lib</file>
         <name>atoi.obj</name>
      </input_file>
      <input_file id="fl-8c">
         <path>C:\ti\ccsv7\tools\compiler\c6000_7.4.20\lib\</path>
         <kind>archive</kind>
         <file>rts6200.lib</file>
         <name>autoinit.obj</name>
      </input_file>
      <input_file id="fl-8d">
         <path>C:\ti\ccsv7\tools\compiler\c6000_7.4.20\lib\</path>
         <kind>archive</kind>
         <file>rts6200.lib</file>
         <name>cmpd.obj</name>
      </input_file>
      <input_file id="fl-8e">
         <path>C:\ti\ccsv7\tools\compiler\c6000_7.4.20\lib\</path>
         <kind>archive</kind>
         <file>rts6200.lib</file>
         <name>cpp_init.obj</name>
      </input_file>
      <input_file id="fl-8f">
         <path>C:\ti\ccsv7\tools\compiler\c6000_7.4.20\lib\</path>
         <kind>archive</kind>
         <file>rts6200.lib</file>
         <name>cpy_tbl.obj</name>
      </input_file>
      <input_file id="fl-90">
         <path>C:\ti\ccsv7\tools\compiler\c6000_7.4.20\lib\</path>
         <kind>archive</kind>
         <file>rts6200.lib</file>
         <name>ctype.obj</name>
      </input_file>
      <input_file id="fl-91">
         <path>C:\ti\ccsv7\tools\compiler\c6000_7.4.20\lib\</path>
         <kind>archive</kind>
         <file>rts6200.lib</file>
         <name>cvtdf.obj</name>
      </input_file>
      <input_file id="fl-92">
         <path>C:\ti\ccsv7\tools\compiler\c6000_7.4.20\lib\</path>
         <kind>archive</kind>
         <file>rts6200.lib</file>
         <name>defs.obj</name>
      </input_file>
      <input_file id="fl-93">
         <path>C:\ti\ccsv7\tools\compiler\c6000_7.4.20\lib\</path>
         <kind>archive</kind>
         <file>rts6200.lib</file>
         <name>divd.obj</name>
      </input_file>
      <input_file id="fl-94">
         <path>C:\ti\ccsv7\tools\compiler\c6000_7.4.20\lib\</path>
         <kind>archive</kind>
         <file>rts6200.lib</file>
         <name>divu.obj</name>
      </input_file>
      <input_file id="fl-95">
         <path>C:\ti\ccsv7\tools\compiler\c6000_7.4.20\lib\</path>
         <kind>archive</kind>
         <file>rts6200.lib</file>
         <name>fgetc.obj</name>
      </input_file>
      <input_file id="fl-96">
         <path>C:\ti\ccsv7\tools\compiler\c6000_7.4.20\lib\</path>
         <kind>archive</kind>
         <file>rts6200.lib</file>
         <name>fixdi.obj</name>
      </input_file>
      <input_file id="fl-97">
         <path>C:\ti\ccsv7\tools\compiler\c6000_7.4.20\lib\</path>
         <kind>archive</kind>
         <file>rts6200.lib</file>
         <name>fixdli.obj</name>
      </input_file>
      <input_file id="fl-98">
         <path>C:\ti\ccsv7\tools\compiler\c6000_7.4.20\lib\</path>
         <kind>archive</kind>
         <file>rts6200.lib</file>
         <name>fltlid.obj</name>
      </input_file>
      <input_file id="fl-99">
         <path>C:\ti\ccsv7\tools\compiler\c6000_7.4.20\lib\</path>
         <kind>archive</kind>
         <file>rts6200.lib</file>
         <name>fputc.obj</name>
      </input_file>
      <input_file id="fl-9a">
         <path>C:\ti\ccsv7\tools\compiler\c6000_7.4.20\lib\</path>
         <kind>archive</kind>
         <file>rts6200.lib</file>
         <name>fputs.obj</name>
      </input_file>
      <input_file id="fl-9b">
         <path>C:\ti\ccsv7\tools\compiler\c6000_7.4.20\lib\</path>
         <kind>archive</kind>
         <file>rts6200.lib</file>
         <name>frcmpyd_div.obj</name>
      </input_file>
      <input_file id="fl-9c">
         <path>C:\ti\ccsv7\tools\compiler\c6000_7.4.20\lib\</path>
         <kind>archive</kind>
         <file>rts6200.lib</file>
         <name>imath40.obj</name>
      </input_file>
      <input_file id="fl-9d">
         <path>C:\ti\ccsv7\tools\compiler\c6000_7.4.20\lib\</path>
         <kind>archive</kind>
         <file>rts6200.lib</file>
         <name>imath64.obj</name>
      </input_file>
      <input_file id="fl-9e">
         <path>C:\ti\ccsv7\tools\compiler\c6000_7.4.20\lib\</path>
         <kind>archive</kind>
         <file>rts6200.lib</file>
         <name>isinf.obj</name>
      </input_file>
      <input_file id="fl-9f">
         <path>C:\ti\ccsv7\tools\compiler\c6000_7.4.20\lib\</path>
         <kind>archive</kind>
         <file>rts6200.lib</file>
         <name>llshift.obj</name>
      </input_file>
      <input_file id="fl-a0">
         <path>C:\ti\ccsv7\tools\compiler\c6000_7.4.20\lib\</path>
         <kind>archive</kind>
         <file>rts6200.lib</file>
         <name>lowlev.obj</name>
      </input_file>
      <input_file id="fl-a1">
         <path>C:\ti\ccsv7\tools\compiler\c6000_7.4.20\lib\</path>
         <kind>archive</kind>
         <file>rts6200.lib</file>
         <name>ltoa.obj</name>
      </input_file>
      <input_file id="fl-a2">
         <path>C:\ti\ccsv7\tools\compiler\c6000_7.4.20\lib\</path>
         <kind>archive</kind>
         <file>rts6200.lib</file>
         <name>memccpy.obj</name>
      </input_file>
      <input_file id="fl-a3">
         <path>C:\ti\ccsv7\tools\compiler\c6000_7.4.20\lib\</path>
         <kind>archive</kind>
         <file>rts6200.lib</file>
         <name>memcpy62.obj</name>
      </input_file>
      <input_file id="fl-a4">
         <path>C:\ti\ccsv7\tools\compiler\c6000_7.4.20\lib\</path>
         <kind>archive</kind>
         <file>rts6200.lib</file>
         <name>memset.obj</name>
      </input_file>
      <input_file id="fl-a5">
         <path>C:\ti\ccsv7\tools\compiler\c6000_7.4.20\lib\</path>
         <kind>archive</kind>
         <file>rts6200.lib</file>
         <name>mpyd.obj</name>
      </input_file>
      <input_file id="fl-a6">
         <path>C:\ti\ccsv7\tools\compiler\c6000_7.4.20\lib\</path>
         <kind>archive</kind>
         <file>rts6200.lib</file>
         <name>mpyll.obj</name>
      </input_file>
      <input_file id="fl-a7">
         <path>C:\ti\ccsv7\tools\compiler\c6000_7.4.20\lib\</path>
         <kind>archive</kind>
         <file>rts6200.lib</file>
         <name>negd.obj</name>
      </input_file>
      <input_file id="fl-a8">
         <path>C:\ti\ccsv7\tools\compiler\c6000_7.4.20\lib\</path>
         <kind>archive</kind>
         <file>rts6200.lib</file>
         <name>negll.obj</name>
      </input_file>
      <input_file id="fl-a9">
         <path>C:\ti\ccsv7\tools\compiler\c6000_7.4.20\lib\</path>
         <kind>archive</kind>
         <file>rts6200.lib</file>
         <name>setvbuf.obj</name>
      </input_file>
      <input_file id="fl-aa">
         <path>C:\ti\ccsv7\tools\compiler\c6000_7.4.20\lib\</path>
         <kind>archive</kind>
         <file>rts6200.lib</file>
         <name>strtod.obj</name>
      </input_file>
      <input_file id="fl-ab">
         <path>C:\ti\ccsv7\tools\compiler\c6000_7.4.20\lib\</path>
         <kind>archive</kind>
         <file>rts6200.lib</file>
         <name>strtol.obj</name>
      </input_file>
      <input_file id="fl-ac">
         <path>C:\ti\ccsv7\tools\compiler\c6000_7.4.20\lib\</path>
         <kind>archive</kind>
         <file>rts6200.lib</file>
         <name>strtold.obj</name>
      </input_file>
      <input_file id="fl-ad">
         <path>C:\ti\ccsv7\tools\compiler\c6000_7.4.20\lib\</path>
         <kind>archive</kind>
         <file>rts6200.lib</file>
         <name>strtoll.obj</name>
      </input_file>
      <input_file id="fl-ae">
         <path>C:\ti\ccsv7\tools\compiler\c6000_7.4.20\lib\</path>
         <kind>archive</kind>
         <file>rts6200.lib</file>
         <name>strtoul.obj</name>
      </input_file>
      <input_file id="fl-af">
         <path>C:\ti\ccsv7\tools\compiler\c6000_7.4.20\lib\</path>
         <kind>archive</kind>
         <file>rts6200.lib</file>
         <name>strtoull.obj</name>
      </input_file>
      <input_file id="fl-b0">
         <path>C:\ti\ccsv7\tools\compiler\c6000_7.4.20\lib\</path>
         <kind>archive</kind>
         <file>rts6200.lib</file>
         <name>subd.obj</name>
      </input_file>
      <input_file id="fl-b1">
         <path>C:\ti\ccsv7\tools\compiler\c6000_7.4.20\lib\</path>
         <kind>archive</kind>
         <file>rts6200.lib</file>
         <name>trgdrv.obj</name>
      </input_file>
      <input_file id="fl-b2">
         <path>C:\ti\ccsv7\tools\compiler\c6000_7.4.20\lib\</path>
         <kind>archive</kind>
         <file>rts6200.lib</file>
         <name>trgmsg.obj</name>
      </input_file>
      <input_file id="fl-b3">
         <path>C:\ti\ccsv7\tools\compiler\c6000_7.4.20\lib\</path>
         <kind>archive</kind>
         <file>rts6200.lib</file>
         <name>_bufread.obj</name>
      </input_file>
      <input_file id="fl-b4">
         <path>C:\ti\ccsv7\tools\compiler\c6000_7.4.20\lib\</path>
         <kind>archive</kind>
         <file>rts6200.lib</file>
         <name>_io_perm.obj</name>
      </input_file>
      <input_file id="fl-b5">
         <path>C:\ti\ccsv7\tools\compiler\c6000_7.4.20\lib\</path>
         <kind>archive</kind>
         <file>rts6200.lib</file>
         <name>abs.obj</name>
      </input_file>
      <input_file id="fl-b6">
         <path>C:\ti\ccsv7\tools\compiler\c6000_7.4.20\lib\</path>
         <kind>archive</kind>
         <file>rts6200.lib</file>
         <name>addd.obj</name>
      </input_file>
      <input_file id="fl-b7">
         <path>C:\ti\ccsv7\tools\compiler\c6000_7.4.20\lib\</path>
         <kind>archive</kind>
         <file>rts6200.lib</file>
         <name>divi.obj</name>
      </input_file>
      <input_file id="fl-b8">
         <path>C:\ti\ccsv7\tools\compiler\c6000_7.4.20\lib\</path>
         <kind>archive</kind>
         <file>rts6200.lib</file>
         <name>errno.obj</name>
      </input_file>
      <input_file id="fl-b9">
         <path>C:\ti\ccsv7\tools\compiler\c6000_7.4.20\lib\</path>
         <kind>archive</kind>
         <file>rts6200.lib</file>
         <name>fflush.obj</name>
      </input_file>
      <input_file id="fl-ba">
         <path>C:\ti\ccsv7\tools\compiler\c6000_7.4.20\lib\</path>
         <kind>archive</kind>
         <file>rts6200.lib</file>
         <name>fopen.obj</name>
      </input_file>
      <input_file id="fl-bb">
         <path>C:\ti\ccsv7\tools\compiler\c6000_7.4.20\lib\</path>
         <kind>archive</kind>
         <file>rts6200.lib</file>
         <name>frcaddd.obj</name>
      </input_file>
      <input_file id="fl-bc">
         <path>C:\ti\ccsv7\tools\compiler\c6000_7.4.20\lib\</path>
         <kind>archive</kind>
         <file>rts6200.lib</file>
         <name>frcmpyd.obj</name>
      </input_file>
      <input_file id="fl-bd">
         <path>C:\ti\ccsv7\tools\compiler\c6000_7.4.20\lib\</path>
         <kind>archive</kind>
         <file>rts6200.lib</file>
         <name>fseek.obj</name>
      </input_file>
      <input_file id="fl-be">
         <path>C:\ti\ccsv7\tools\compiler\c6000_7.4.20\lib\</path>
         <kind>archive</kind>
         <file>rts6200.lib</file>
         <name>memory.obj</name>
      </input_file>
      <input_file id="fl-bf">
         <path>C:\ti\ccsv7\tools\compiler\c6000_7.4.20\lib\</path>
         <kind>archive</kind>
         <file>rts6200.lib</file>
         <name>renormd.obj</name>
      </input_file>
      <input_file id="fl-c0">
         <path>C:\ti\ccsv7\tools\compiler\c6000_7.4.20\lib\</path>
         <kind>archive</kind>
         <file>rts6200.lib</file>
         <name>fclose.obj</name>
      </input_file>
      <input_file id="fl-c1">
         <path>C:\ti\ccsv7\tools\compiler\c6000_7.4.20\lib\</path>
         <kind>archive</kind>
         <file>rts6200.lib</file>
         <name>remove.obj</name>
      </input_file>
   </input_file_list>
   <object_component_list>
      <object_component id="oc-10a">
         <name>.text:__scanfi</name>
         <load_address>0x220</load_address>
         <run_address>0x220</run_address>
         <size>0xbe0</size>
         <input_file_ref idref="fl-89"/>
      </object_component>
      <object_component id="oc-11a">
         <name>.text:__sset_arg</name>
         <load_address>0xe00</load_address>
         <run_address>0xe00</run_address>
         <size>0x7c0</size>
         <input_file_ref idref="fl-89"/>
      </object_component>
      <object_component id="oc-147">
         <name>.text:__divd</name>
         <load_address>0x15c0</load_address>
         <run_address>0x15c0</run_address>
         <size>0x700</size>
         <input_file_ref idref="fl-93"/>
      </object_component>
      <object_component id="oc-139">
         <name>.text:__getarg_diouxp</name>
         <load_address>0x1cc0</load_address>
         <run_address>0x1cc0</run_address>
         <size>0x700</size>
         <input_file_ref idref="fl-88"/>
      </object_component>
      <object_component id="oc-12c">
         <name>.text:_strtod</name>
         <load_address>0x23c0</load_address>
         <run_address>0x23c0</run_address>
         <size>0x6c0</size>
         <input_file_ref idref="fl-aa"/>
      </object_component>
      <object_component id="oc-12e">
         <name>.text:_strtold</name>
         <load_address>0x2a80</load_address>
         <run_address>0x2a80</run_address>
         <size>0x6c0</size>
         <input_file_ref idref="fl-ac"/>
      </object_component>
      <object_component id="oc-10f">
         <name>.text:__setfield</name>
         <load_address>0x3140</load_address>
         <run_address>0x3140</run_address>
         <size>0x680</size>
         <input_file_ref idref="fl-88"/>
      </object_component>
      <object_component id="oc-130">
         <name>.text:_strtoll</name>
         <load_address>0x37c0</load_address>
         <run_address>0x37c0</run_address>
         <size>0x620</size>
         <input_file_ref idref="fl-ad"/>
      </object_component>
      <object_component id="oc-117">
         <name>.text:__sproc_int</name>
         <load_address>0x3de0</load_address>
         <run_address>0x3de0</run_address>
         <size>0x5c0</size>
         <input_file_ref idref="fl-89"/>
      </object_component>
      <object_component id="oc-101">
         <name>.text</name>
         <load_address>0x43a0</load_address>
         <run_address>0x43a0</run_address>
         <size>0x5c0</size>
         <input_file_ref idref="fl-2"/>
      </object_component>
      <object_component id="oc-12f">
         <name>.text:_strtol</name>
         <load_address>0x4960</load_address>
         <run_address>0x4960</run_address>
         <size>0x580</size>
         <input_file_ref idref="fl-ab"/>
      </object_component>
      <object_component id="oc-106">
         <name>.text:__printfi</name>
         <load_address>0x4ee0</load_address>
         <run_address>0x4ee0</run_address>
         <size>0x560</size>
         <input_file_ref idref="fl-88"/>
      </object_component>
      <object_component id="oc-150">
         <name>.text:_fcvt</name>
         <load_address>0x5440</load_address>
         <run_address>0x5440</run_address>
         <size>0x520</size>
         <input_file_ref idref="fl-88"/>
      </object_component>
      <object_component id="oc-10b">
         <name>.text:_fputs</name>
         <load_address>0x5960</load_address>
         <run_address>0x5960</run_address>
         <size>0x520</size>
         <input_file_ref idref="fl-9a"/>
      </object_component>
      <object_component id="oc-12a">
         <name>.text:_strtoul</name>
         <load_address>0x5e80</load_address>
         <run_address>0x5e80</run_address>
         <size>0x520</size>
         <input_file_ref idref="fl-ae"/>
      </object_component>
      <object_component id="oc-14d">
         <name>.text:_ecvt</name>
         <load_address>0x63a0</load_address>
         <run_address>0x63a0</run_address>
         <size>0x4e0</size>
         <input_file_ref idref="fl-88"/>
      </object_component>
      <object_component id="oc-12b">
         <name>.text:_strtoull</name>
         <load_address>0x6880</load_address>
         <run_address>0x6880</run_address>
         <size>0x4e0</size>
         <input_file_ref idref="fl-af"/>
      </object_component>
      <object_component id="oc-11f">
         <name>.text:__pproc_fge</name>
         <load_address>0x6d60</load_address>
         <run_address>0x6d60</run_address>
         <size>0x4c0</size>
         <input_file_ref idref="fl-88"/>
      </object_component>
      <object_component id="oc-138">
         <name>.text:__pconv_e</name>
         <load_address>0x7220</load_address>
         <run_address>0x7220</run_address>
         <size>0x440</size>
         <input_file_ref idref="fl-88"/>
      </object_component>
      <object_component id="oc-141">
         <name>.text:__divull</name>
         <load_address>0x7660</load_address>
         <run_address>0x7660</run_address>
         <size>0x3a0</size>
         <input_file_ref idref="fl-9d"/>
      </object_component>
      <object_component id="oc-115">
         <name>.text:__sget_conv</name>
         <load_address>0x7a00</load_address>
         <run_address>0x7a00</run_address>
         <size>0x3a0</size>
         <input_file_ref idref="fl-89"/>
      </object_component>
      <object_component id="oc-10e">
         <name>.text:__pproc_fwp</name>
         <load_address>0x7da0</load_address>
         <run_address>0x7da0</run_address>
         <size>0x380</size>
         <input_file_ref idref="fl-88"/>
      </object_component>
      <object_component id="oc-116">
         <name>.text:__sproc_float</name>
         <load_address>0x8120</load_address>
         <run_address>0x8120</run_address>
         <size>0x380</size>
         <input_file_ref idref="fl-89"/>
      </object_component>
      <object_component id="oc-13c">
         <name>.text:_free</name>
         <load_address>0x84a0</load_address>
         <run_address>0x84a0</run_address>
         <size>0x380</size>
         <input_file_ref idref="fl-be"/>
      </object_component>
      <object_component id="oc-15a">
         <name>.text:__frcaddd</name>
         <load_address>0x8820</load_address>
         <run_address>0x8820</run_address>
         <size>0x320</size>
         <input_file_ref idref="fl-bb"/>
      </object_component>
      <object_component id="oc-144">
         <name>.text:__addd</name>
         <load_address>0x8b40</load_address>
         <run_address>0x8b40</run_address>
         <size>0x300</size>
         <input_file_ref idref="fl-b6"/>
      </object_component>
      <object_component id="oc-120">
         <name>.text:__pproc_diouxp</name>
         <load_address>0x8e40</load_address>
         <run_address>0x8e40</run_address>
         <size>0x300</size>
         <input_file_ref idref="fl-88"/>
      </object_component>
      <object_component id="oc-122">
         <name>.text:_setvbuf</name>
         <load_address>0x9140</load_address>
         <run_address>0x9140</run_address>
         <size>0x300</size>
         <input_file_ref idref="fl-a9"/>
      </object_component>
      <object_component id="oc-142">
         <name>.text:__mpyd</name>
         <load_address>0x9440</load_address>
         <run_address>0x9440</run_address>
         <size>0x2e0</size>
         <input_file_ref idref="fl-a5"/>
      </object_component>
      <object_component id="oc-110">
         <name>.text:__pproc_str</name>
         <load_address>0x9720</load_address>
         <run_address>0x9720</run_address>
         <size>0x2e0</size>
         <input_file_ref idref="fl-88"/>
      </object_component>
      <object_component id="oc-10c">
         <name>.text:_fputc</name>
         <load_address>0x9a00</load_address>
         <run_address>0x9a00</run_address>
         <size>0x2e0</size>
         <input_file_ref idref="fl-99"/>
      </object_component>
      <object_component id="oc-13f">
         <name>.text:__divul</name>
         <load_address>0x9ce0</load_address>
         <run_address>0x9ce0</run_address>
         <size>0x260</size>
         <input_file_ref idref="fl-9c"/>
      </object_component>
      <object_component id="oc-13d">
         <name>.text:_malloc</name>
         <load_address>0x9f40</load_address>
         <run_address>0x9f40</run_address>
         <size>0x260</size>
         <input_file_ref idref="fl-be"/>
      </object_component>
      <object_component id="oc-14f">
         <name>.text:__mcpy</name>
         <load_address>0xa1a0</load_address>
         <run_address>0xa1a0</run_address>
         <size>0x240</size>
         <input_file_ref idref="fl-88"/>
      </object_component>
      <object_component id="oc-fb">
         <name>.text:_memcpy</name>
         <load_address>0xa3e0</load_address>
         <run_address>0xa3e0</run_address>
         <size>0x240</size>
         <input_file_ref idref="fl-a3"/>
      </object_component>
      <object_component id="oc-f9">
         <name>.text:_HOSTrename</name>
         <load_address>0xa620</load_address>
         <run_address>0xa620</run_address>
         <size>0x220</size>
         <input_file_ref idref="fl-b1"/>
      </object_component>
      <object_component id="oc-108">
         <name>.text:__chkmbc</name>
         <load_address>0xa840</load_address>
         <run_address>0xa840</run_address>
         <size>0x220</size>
         <input_file_ref idref="fl-84"/>
      </object_component>
      <object_component id="oc-119">
         <name>.text:__sproc_lb</name>
         <load_address>0xaa60</load_address>
         <run_address>0xaa60</run_address>
         <size>0x220</size>
         <input_file_ref idref="fl-89"/>
      </object_component>
      <object_component id="oc-118">
         <name>.text:__sproc_str</name>
         <load_address>0xac80</load_address>
         <run_address>0xac80</run_address>
         <size>0x220</size>
         <input_file_ref idref="fl-89"/>
      </object_component>
      <object_component id="oc-136">
         <name>.text:__pconv_g</name>
         <load_address>0xaea0</load_address>
         <run_address>0xaea0</run_address>
         <size>0x200</size>
         <input_file_ref idref="fl-88"/>
      </object_component>
      <object_component id="oc-131">
         <name>.text:_fseek</name>
         <load_address>0xb0a0</load_address>
         <run_address>0xb0a0</run_address>
         <size>0x1e0</size>
         <input_file_ref idref="fl-bd"/>
      </object_component>
      <object_component id="oc-169">
         <name>.text:_getdevice</name>
         <load_address>0xb280</load_address>
         <run_address>0xb280</run_address>
         <size>0x1e0</size>
         <input_file_ref idref="fl-a0"/>
      </object_component>
      <object_component id="oc-13b">
         <name>.text:__ltostr</name>
         <load_address>0xb460</load_address>
         <run_address>0xb460</run_address>
         <size>0x1c0</size>
         <input_file_ref idref="fl-88"/>
      </object_component>
      <object_component id="oc-10d">
         <name>.text:__pproc_fflags</name>
         <load_address>0xb620</load_address>
         <run_address>0xb620</run_address>
         <size>0x1a0</size>
         <input_file_ref idref="fl-88"/>
      </object_component>
      <object_component id="oc-155">
         <name>.text:__closefile</name>
         <load_address>0xb7c0</load_address>
         <run_address>0xb7c0</run_address>
         <size>0x180</size>
         <input_file_ref idref="fl-c0"/>
      </object_component>
      <object_component id="oc-113">
         <name>.text:_fgetc</name>
         <load_address>0xb940</load_address>
         <run_address>0xb940</run_address>
         <size>0x180</size>
         <input_file_ref idref="fl-95"/>
      </object_component>
      <object_component id="oc-f7">
         <name>.text:_HOSTlseek</name>
         <load_address>0xbac0</load_address>
         <run_address>0xbac0</run_address>
         <size>0x160</size>
         <input_file_ref idref="fl-b1"/>
      </object_component>
      <object_component id="oc-124">
         <name>.text:__buff_read</name>
         <load_address>0xbc20</load_address>
         <run_address>0xbc20</run_address>
         <size>0x160</size>
         <input_file_ref idref="fl-b3"/>
      </object_component>
      <object_component id="oc-15c">
         <name>.text:__frcmpyd_div</name>
         <load_address>0xbd80</load_address>
         <run_address>0xbd80</run_address>
         <size>0x160</size>
         <input_file_ref idref="fl-9b"/>
      </object_component>
      <object_component id="oc-126">
         <name>.text:__sget_scanset</name>
         <load_address>0xbee0</load_address>
         <run_address>0xbee0</run_address>
         <size>0x160</size>
         <input_file_ref idref="fl-89"/>
      </object_component>
      <object_component id="oc-111">
         <name>.text:_ungetc</name>
         <load_address>0xc040</load_address>
         <run_address>0xc040</run_address>
         <size>0x160</size>
         <input_file_ref idref="fl-86"/>
      </object_component>
      <object_component id="oc-f5">
         <name>.text:_HOSTread</name>
         <load_address>0xc1a0</load_address>
         <run_address>0xc1a0</run_address>
         <size>0x140</size>
         <input_file_ref idref="fl-b1"/>
      </object_component>
      <object_component id="oc-159">
         <name>.text:__frcmpyd</name>
         <load_address>0xc2e0</load_address>
         <run_address>0xc2e0</run_address>
         <size>0x140</size>
         <input_file_ref idref="fl-bc"/>
      </object_component>
      <object_component id="oc-11e">
         <name>.text:_atoi</name>
         <load_address>0xc420</load_address>
         <run_address>0xc420</run_address>
         <size>0x140</size>
         <input_file_ref idref="fl-8b"/>
      </object_component>
      <object_component id="oc-15e">
         <name>.text:_ltoa</name>
         <load_address>0xc560</load_address>
         <run_address>0xc560</run_address>
         <size>0x140</size>
         <input_file_ref idref="fl-a1"/>
      </object_component>
      <object_component id="oc-f3">
         <name>.text:_HOSTopen</name>
         <load_address>0xc6a0</load_address>
         <run_address>0xc6a0</run_address>
         <size>0x120</size>
         <input_file_ref idref="fl-b1"/>
      </object_component>
      <object_component id="oc-f6">
         <name>.text:_HOSTwrite</name>
         <load_address>0xc7c0</load_address>
         <run_address>0xc7c0</run_address>
         <size>0x120</size>
         <input_file_ref idref="fl-b1"/>
      </object_component>
      <object_component id="oc-145">
         <name>.text:__divi</name>
         <load_address>0xc8e0</load_address>
         <run_address>0xc8e0</run_address>
         <size>0x120</size>
         <input_file_ref idref="fl-b7"/>
      </object_component>
      <object_component id="oc-11b">
         <name>.text:__wrt_ok</name>
         <load_address>0xca00</load_address>
         <run_address>0xca00</run_address>
         <size>0x120</size>
         <input_file_ref idref="fl-b4"/>
      </object_component>
      <object_component id="oc-163">
         <name>.text:_close</name>
         <load_address>0xcb20</load_address>
         <run_address>0xcb20</run_address>
         <size>0x120</size>
         <input_file_ref idref="fl-a0"/>
      </object_component>
      <object_component id="oc-114">
         <name>.text:_memset</name>
         <load_address>0xcc40</load_address>
         <run_address>0xcc40</run_address>
         <size>0x120</size>
         <input_file_ref idref="fl-a4"/>
      </object_component>
      <object_component id="oc-102">
         <name>.text:_printf</name>
         <load_address>0xcd60</load_address>
         <run_address>0xcd60</run_address>
         <size>0x120</size>
         <input_file_ref idref="fl-85"/>
      </object_component>
      <object_component id="oc-103">
         <name>.text:_scanf</name>
         <load_address>0xce80</load_address>
         <run_address>0xce80</run_address>
         <size>0x120</size>
         <input_file_ref idref="fl-84"/>
      </object_component>
      <object_component id="oc-f4">
         <name>.text:_HOSTclose</name>
         <load_address>0xcfa0</load_address>
         <run_address>0xcfa0</run_address>
         <size>0x100</size>
         <input_file_ref idref="fl-b1"/>
      </object_component>
      <object_component id="oc-f8">
         <name>.text:_HOSTunlink</name>
         <load_address>0xd0a0</load_address>
         <run_address>0xd0a0</run_address>
         <size>0x100</size>
         <input_file_ref idref="fl-b1"/>
      </object_component>
      <object_component id="oc-ef">
         <name>.text:__auto_init</name>
         <load_address>0xd1a0</load_address>
         <run_address>0xd1a0</run_address>
         <size>0x100</size>
         <input_file_ref idref="fl-8c"/>
      </object_component>
      <object_component id="oc-134">
         <name>.text:__cmpd</name>
         <load_address>0xd2a0</load_address>
         <run_address>0xd2a0</run_address>
         <size>0x100</size>
         <input_file_ref idref="fl-8d"/>
      </object_component>
      <object_component id="oc-152">
         <name>.text:__div</name>
         <load_address>0xd3a0</load_address>
         <run_address>0xd3a0</run_address>
         <size>0x100</size>
         <input_file_ref idref="fl-88"/>
      </object_component>
      <object_component id="oc-167">
         <name>.text:__divli</name>
         <load_address>0xd4a0</load_address>
         <run_address>0xd4a0</run_address>
         <size>0x100</size>
         <input_file_ref idref="fl-9c"/>
      </object_component>
      <object_component id="oc-137">
         <name>.text:__pconv_f</name>
         <load_address>0xd5a0</load_address>
         <run_address>0xd5a0</run_address>
         <size>0x100</size>
         <input_file_ref idref="fl-88"/>
      </object_component>
      <object_component id="oc-14c">
         <name>.text:_lseek</name>
         <load_address>0xd6a0</load_address>
         <run_address>0xd6a0</run_address>
         <size>0x100</size>
         <input_file_ref idref="fl-a0"/>
      </object_component>
      <object_component id="oc-125">
         <name>.text:_read</name>
         <load_address>0xd7a0</load_address>
         <run_address>0xd7a0</run_address>
         <size>0x100</size>
         <input_file_ref idref="fl-a0"/>
      </object_component>
      <object_component id="oc-11d">
         <name>.text:_write</name>
         <load_address>0xd8a0</load_address>
         <run_address>0xd8a0</run_address>
         <size>0x100</size>
         <input_file_ref idref="fl-a0"/>
      </object_component>
      <object_component id="oc-13e">
         <name>.text:__cleanup</name>
         <load_address>0xd9a0</load_address>
         <run_address>0xd9a0</run_address>
         <size>0xe0</size>
         <input_file_ref idref="fl-ba"/>
      </object_component>
      <object_component id="oc-11c">
         <name>.text:__doflush</name>
         <load_address>0xda80</load_address>
         <run_address>0xda80</run_address>
         <size>0xe0</size>
         <input_file_ref idref="fl-b9"/>
      </object_component>
      <object_component id="oc-14e">
         <name>.text:__ecpy</name>
         <load_address>0xdb60</load_address>
         <run_address>0xdb60</run_address>
         <size>0xe0</size>
         <input_file_ref idref="fl-88"/>
      </object_component>
      <object_component id="oc-151">
         <name>.text:__fcpy</name>
         <load_address>0xdc40</load_address>
         <run_address>0xdc40</run_address>
         <size>0xe0</size>
         <input_file_ref idref="fl-88"/>
      </object_component>
      <object_component id="oc-123">
         <name>.text:__rd_ok</name>
         <load_address>0xdd20</load_address>
         <run_address>0xdd20</run_address>
         <size>0xe0</size>
         <input_file_ref idref="fl-b4"/>
      </object_component>
      <object_component id="oc-f1">
         <name>.text:_exit</name>
         <load_address>0xde00</load_address>
         <run_address>0xde00</run_address>
         <size>0xe0</size>
         <input_file_ref idref="fl-83"/>
      </object_component>
      <object_component id="oc-154">
         <name>.text:_minsert</name>
         <load_address>0xdee0</load_address>
         <run_address>0xdee0</run_address>
         <size>0xe0</size>
         <input_file_ref idref="fl-be"/>
      </object_component>
      <object_component id="oc-153">
         <name>.text:_mremove</name>
         <load_address>0xdfc0</load_address>
         <run_address>0xdfc0</run_address>
         <size>0xe0</size>
         <input_file_ref idref="fl-be"/>
      </object_component>
      <object_component id="oc-12d">
         <name>.text:__cvtdf</name>
         <load_address>0xe0a0</load_address>
         <run_address>0xe0a0</run_address>
         <size>0xc0</size>
         <input_file_ref idref="fl-91"/>
      </object_component>
      <object_component id="oc-162">
         <name>.text:__divu</name>
         <load_address>0xe160</load_address>
         <run_address>0xe160</run_address>
         <size>0xc0</size>
         <input_file_ref idref="fl-94"/>
      </object_component>
      <object_component id="oc-166">
         <name>.text:__remli</name>
         <load_address>0xe220</load_address>
         <run_address>0xe220</run_address>
         <size>0xc0</size>
         <input_file_ref idref="fl-9c"/>
      </object_component>
      <object_component id="oc-14a">
         <name>.text:__remul</name>
         <load_address>0xe2e0</load_address>
         <run_address>0xe2e0</run_address>
         <size>0xc0</size>
         <input_file_ref idref="fl-9c"/>
      </object_component>
      <object_component id="oc-fa">
         <name>.text:_copy_in</name>
         <load_address>0xe3a0</load_address>
         <run_address>0xe3a0</run_address>
         <size>0xc0</size>
         <input_file_ref idref="fl-8f"/>
      </object_component>
      <object_component id="oc-16a">
         <name>.text:_finddevice</name>
         <load_address>0xe460</load_address>
         <run_address>0xe460</run_address>
         <size>0xc0</size>
         <input_file_ref idref="fl-a0"/>
      </object_component>
      <object_component id="oc-fd">
         <name>.text</name>
         <load_address>0xe520</load_address>
         <run_address>0xe520</run_address>
         <size>0xc0</size>
         <input_file_ref idref="fl-3"/>
      </object_component>
      <object_component id="oc-161">
         <name>.text:__fixdi</name>
         <load_address>0xe5e0</load_address>
         <run_address>0xe5e0</run_address>
         <size>0xa0</size>
         <input_file_ref idref="fl-96"/>
      </object_component>
      <object_component id="oc-15d">
         <name>.text:__fixdli</name>
         <load_address>0xe680</load_address>
         <run_address>0xe680</run_address>
         <size>0xa0</size>
         <input_file_ref idref="fl-97"/>
      </object_component>
      <object_component id="oc-156">
         <name>.text:__llshl</name>
         <load_address>0xe720</load_address>
         <run_address>0xe720</run_address>
         <size>0xa0</size>
         <input_file_ref idref="fl-9f"/>
      </object_component>
      <object_component id="oc-140">
         <name>.text:__mpyll</name>
         <load_address>0xe7c0</load_address>
         <run_address>0xe7c0</run_address>
         <size>0xa0</size>
         <input_file_ref idref="fl-a6"/>
      </object_component>
      <object_component id="oc-165">
         <name>.text:__renormd</name>
         <load_address>0xe860</load_address>
         <run_address>0xe860</run_address>
         <size>0xa0</size>
         <input_file_ref idref="fl-bf"/>
      </object_component>
      <object_component id="oc-100">
         <name>.text:_readmsg</name>
         <load_address>0xe900</load_address>
         <run_address>0xe900</run_address>
         <size>0xa0</size>
         <input_file_ref idref="fl-b2"/>
      </object_component>
      <object_component id="oc-168">
         <name>.text:_unlink</name>
         <load_address>0xe9a0</load_address>
         <run_address>0xe9a0</run_address>
         <size>0xa0</size>
         <input_file_ref idref="fl-a0"/>
      </object_component>
      <object_component id="oc-ff">
         <name>.text:_writemsg</name>
         <load_address>0xea40</load_address>
         <run_address>0xea40</run_address>
         <size>0xa0</size>
         <input_file_ref idref="fl-b2"/>
      </object_component>
      <object_component id="oc-fc">
         <name>.text:___TI_cpp_init</name>
         <load_address>0xeae0</load_address>
         <run_address>0xeae0</run_address>
         <size>0x80</size>
         <input_file_ref idref="fl-8e"/>
      </object_component>
      <object_component id="oc-15f">
         <name>.text:__fltlid</name>
         <load_address>0xeb60</load_address>
         <run_address>0xeb60</run_address>
         <size>0x80</size>
         <input_file_ref idref="fl-98"/>
      </object_component>
      <object_component id="oc-158">
         <name>.text:__llshru</name>
         <load_address>0xebe0</load_address>
         <run_address>0xebe0</run_address>
         <size>0x80</size>
         <input_file_ref idref="fl-9f"/>
      </object_component>
      <object_component id="oc-14b">
         <name>.text:__remull</name>
         <load_address>0xec60</load_address>
         <run_address>0xec60</run_address>
         <size>0x80</size>
         <input_file_ref idref="fl-9d"/>
      </object_component>
      <object_component id="oc-e">
         <name>.text:_c_int00</name>
         <load_address>0xece0</load_address>
         <run_address>0xece0</run_address>
         <size>0x80</size>
         <input_file_ref idref="fl-82"/>
      </object_component>
      <object_component id="oc-121">
         <name>.text:_memccpy</name>
         <load_address>0xed60</load_address>
         <run_address>0xed60</run_address>
         <size>0x80</size>
         <input_file_ref idref="fl-a2"/>
      </object_component>
      <object_component id="oc-133">
         <name>.text:___isinf</name>
         <load_address>0xede0</load_address>
         <run_address>0xede0</run_address>
         <size>0x60</size>
         <input_file_ref idref="fl-9e"/>
      </object_component>
      <object_component id="oc-132">
         <name>.text:___isnan</name>
         <load_address>0xee40</load_address>
         <run_address>0xee40</run_address>
         <size>0x60</size>
         <input_file_ref idref="fl-88"/>
      </object_component>
      <object_component id="oc-157">
         <name>.text:__subcull</name>
         <load_address>0xeea0</load_address>
         <run_address>0xeea0</run_address>
         <size>0x60</size>
         <input_file_ref idref="fl-9d"/>
      </object_component>
      <object_component id="oc-160">
         <name>.text:__subd</name>
         <load_address>0xef00</load_address>
         <run_address>0xef00</run_address>
         <size>0x60</size>
         <input_file_ref idref="fl-b0"/>
      </object_component>
      <object_component id="oc-f0">
         <name>.text:__args_main</name>
         <load_address>0xef60</load_address>
         <run_address>0xef60</run_address>
         <size>0x40</size>
         <input_file_ref idref="fl-8a"/>
      </object_component>
      <object_component id="oc-135">
         <name>.text:__negd</name>
         <load_address>0xefa0</load_address>
         <run_address>0xefa0</run_address>
         <size>0x40</size>
         <input_file_ref idref="fl-a7"/>
      </object_component>
      <object_component id="oc-109">
         <name>.text:__inpchar</name>
         <load_address>0xefe0</load_address>
         <run_address>0xefe0</run_address>
         <size>0x20</size>
         <input_file_ref idref="fl-84"/>
      </object_component>
      <object_component id="oc-13a">
         <name>.text:__negll</name>
         <load_address>0xf000</load_address>
         <run_address>0xf000</run_address>
         <size>0x20</size>
         <input_file_ref idref="fl-a8"/>
      </object_component>
      <object_component id="oc-f2">
         <name>.text:__nop</name>
         <load_address>0xf020</load_address>
         <run_address>0xf020</run_address>
         <size>0x20</size>
         <input_file_ref idref="fl-87"/>
      </object_component>
      <object_component id="oc-105">
         <name>.text:__outc</name>
         <load_address>0xf040</load_address>
         <run_address>0xf040</run_address>
         <size>0x20</size>
         <input_file_ref idref="fl-85"/>
      </object_component>
      <object_component id="oc-104">
         <name>.text:__outs</name>
         <load_address>0xf060</load_address>
         <run_address>0xf060</run_address>
         <size>0x20</size>
         <input_file_ref idref="fl-85"/>
      </object_component>
      <object_component id="oc-107">
         <name>.text:__uninpchar</name>
         <load_address>0xf080</load_address>
         <run_address>0xf080</run_address>
         <size>0x20</size>
         <input_file_ref idref="fl-84"/>
      </object_component>
      <object_component id="oc-fe">
         <name>.text:_abort</name>
         <load_address>0xf0a0</load_address>
         <run_address>0xf0a0</run_address>
         <size>0x20</size>
         <input_file_ref idref="fl-83"/>
      </object_component>
      <object_component id="oc-164">
         <name>.text:_remove</name>
         <load_address>0xf0c0</load_address>
         <run_address>0xf0c0</run_address>
         <size>0x20</size>
         <input_file_ref idref="fl-c1"/>
      </object_component>
      <object_component id="oc-19">
         <name>.text</name>
         <load_address>0xf0e0</load_address>
         <run_address>0xf0e0</run_address>
         <size>0x20</size>
         <input_file_ref idref="fl-4"/>
      </object_component>
      <object_component id="oc-54">
         <name>.cinit</name>
         <load_address>0x119f8</load_address>
         <run_address>0x119f8</run_address>
         <size>0x5c</size>
         <input_file_ref idref="fl-92"/>
      </object_component>
      <object_component id="oc-80">
         <name>.cinit</name>
         <load_address>0x11a58</load_address>
         <run_address>0x11a58</run_address>
         <size>0x5c</size>
         <input_file_ref idref="fl-a0"/>
      </object_component>
      <object_component id="oc-23">
         <name>.cinit</name>
         <load_address>0x11ab8</load_address>
         <run_address>0x11ab8</run_address>
         <size>0x2c</size>
         <input_file_ref idref="fl-83"/>
      </object_component>
      <object_component id="oc-e1">
         <name>.cinit</name>
         <load_address>0x11ae8</load_address>
         <run_address>0x11ae8</run_address>
         <size>0x2c</size>
         <input_file_ref idref="fl-be"/>
      </object_component>
      <object_component id="oc-31">
         <name>.cinit</name>
         <load_address>0x11b18</load_address>
         <run_address>0x11b18</run_address>
         <size>0x1c</size>
         <input_file_ref idref="fl-87"/>
      </object_component>
      <object_component id="oc-cc">
         <name>.cinit</name>
         <load_address>0x11b38</load_address>
         <run_address>0x11b38</run_address>
         <size>0xc</size>
         <input_file_ref idref="fl-b8"/>
      </object_component>
      <object_component id="oc-d3">
         <name>.cinit</name>
         <load_address>0x11b48</load_address>
         <run_address>0x11b48</run_address>
         <size>0xc</size>
         <input_file_ref idref="fl-ba"/>
      </object_component>
      <object_component id="oc-1f">
         <name>.stack</name>
         <uninitialized>true</uninitialized>
         <run_address>0xf100</run_address>
         <size>0x8</size>
         <input_file_ref idref="fl-82"/>
      </object_component>
      <object_component id="oc-182">
         <name>.stack</name>
         <uninitialized>true</uninitialized>
         <run_address>0xf100</run_address>
         <size>0x0</size>
      </object_component>
      <object_component id="oc-e3">
         <name>.sysmem</name>
         <uninitialized>true</uninitialized>
         <run_address>0x10100</run_address>
         <size>0x8</size>
         <input_file_ref idref="fl-be"/>
      </object_component>
      <object_component id="oc-183">
         <name>.sysmem</name>
         <uninitialized>true</uninitialized>
         <run_address>0x10100</run_address>
         <size>0x0</size>
      </object_component>
      <object_component id="oc-10">
         <name>.const:.string</name>
         <load_address>0x11100</load_address>
         <run_address>0x11100</run_address>
         <size>0x218</size>
         <input_file_ref idref="fl-2"/>
      </object_component>
      <object_component id="oc-112">
         <name>.const:.string:__ctypes_</name>
         <load_address>0x11318</load_address>
         <run_address>0x11318</run_address>
         <size>0x101</size>
         <input_file_ref idref="fl-90"/>
      </object_component>
      <object_component id="oc-6d">
         <name>.const:.string</name>
         <load_address>0x11419</load_address>
         <run_address>0x11419</run_address>
         <size>0x2</size>
         <input_file_ref idref="fl-9a"/>
      </object_component>
      <object_component id="oc-15">
         <name>.const:.string</name>
         <load_address>0x1141c</load_address>
         <run_address>0x1141c</run_address>
         <size>0x4</size>
         <input_file_ref idref="fl-3"/>
      </object_component>
      <object_component id="oc-143">
         <name>.const:_digits</name>
         <load_address>0x11420</load_address>
         <run_address>0x11420</run_address>
         <size>0x50</size>
         <input_file_ref idref="fl-aa"/>
      </object_component>
      <object_component id="oc-148">
         <name>.const:_digits</name>
         <load_address>0x11470</load_address>
         <run_address>0x11470</run_address>
         <size>0x50</size>
         <input_file_ref idref="fl-ac"/>
      </object_component>
      <object_component id="oc-146">
         <name>.const:_powerof10</name>
         <load_address>0x114c0</load_address>
         <run_address>0x114c0</run_address>
         <size>0x48</size>
         <input_file_ref idref="fl-aa"/>
      </object_component>
      <object_component id="oc-149">
         <name>.const:_powerof10</name>
         <load_address>0x11508</load_address>
         <run_address>0x11508</run_address>
         <size>0x48</size>
         <input_file_ref idref="fl-ac"/>
      </object_component>
      <object_component id="oc-36">
         <name>.const:.string</name>
         <load_address>0x11550</load_address>
         <run_address>0x11550</run_address>
         <size>0x23</size>
         <input_file_ref idref="fl-88"/>
      </object_component>
      <object_component id="oc-15b">
         <name>.const:.string:_initial_approx$1</name>
         <load_address>0x11574</load_address>
         <run_address>0x11574</run_address>
         <size>0x8</size>
         <input_file_ref idref="fl-93"/>
      </object_component>
      <object_component id="oc-127">
         <name>.const:.string:_flit$1</name>
         <load_address>0x1157c</load_address>
         <run_address>0x1157c</run_address>
         <size>0x7</size>
         <input_file_ref idref="fl-89"/>
      </object_component>
      <object_component id="oc-128">
         <name>.const:.string:_barr$2</name>
         <load_address>0x11584</load_address>
         <run_address>0x11584</run_address>
         <size>0x6</size>
         <input_file_ref idref="fl-89"/>
      </object_component>
      <object_component id="oc-129">
         <name>.switch:__sset_arg</name>
         <load_address>0x11c7c</load_address>
         <run_address>0x11c7c</run_address>
         <size>0x28</size>
         <input_file_ref idref="fl-89"/>
      </object_component>
      <object_component id="oc-24">
         <name>.far</name>
         <uninitialized>true</uninitialized>
         <run_address>0x119cc</run_address>
         <size>0xc</size>
         <input_file_ref idref="fl-83"/>
      </object_component>
      <object_component id="oc-32">
         <name>.far</name>
         <uninitialized>true</uninitialized>
         <run_address>0x119d8</run_address>
         <size>0x8</size>
         <input_file_ref idref="fl-87"/>
      </object_component>
      <object_component id="oc-55">
         <name>.far</name>
         <uninitialized>true</uninitialized>
         <run_address>0x1158c</run_address>
         <size>0x324</size>
         <input_file_ref idref="fl-92"/>
      </object_component>
      <object_component id="oc-81">
         <name>.far</name>
         <uninitialized>true</uninitialized>
         <run_address>0x118b0</run_address>
         <size>0x11c</size>
         <input_file_ref idref="fl-a0"/>
      </object_component>
      <object_component id="oc-b5">
         <name>.far</name>
         <uninitialized>true</uninitialized>
         <run_address>0x119e8</run_address>
         <size>0x8</size>
         <input_file_ref idref="fl-b1"/>
      </object_component>
      <object_component id="oc-cd">
         <name>.far</name>
         <uninitialized>true</uninitialized>
         <run_address>0x119f0</run_address>
         <size>0x4</size>
         <input_file_ref idref="fl-b8"/>
      </object_component>
      <object_component id="oc-d4">
         <name>.far</name>
         <uninitialized>true</uninitialized>
         <run_address>0x119f4</run_address>
         <size>0x4</size>
         <input_file_ref idref="fl-ba"/>
      </object_component>
      <object_component id="oc-e2">
         <name>.far</name>
         <uninitialized>true</uninitialized>
         <run_address>0x119e0</run_address>
         <size>0x8</size>
         <input_file_ref idref="fl-be"/>
      </object_component>
      <object_component id="oc-b9">
         <name>.cio</name>
         <uninitialized>true</uninitialized>
         <run_address>0x11b5c</run_address>
         <size>0x120</size>
         <input_file_ref idref="fl-b2"/>
      </object_component>
      <object_component id="oc-f">
         <name>.debug_info</name>
         <load_address>0x0</load_address>
         <run_address>0x0</run_address>
         <size>0x9a1</size>
         <input_file_ref idref="fl-2"/>
      </object_component>
      <object_component id="oc-14">
         <name>.debug_info</name>
         <load_address>0x9a1</load_address>
         <run_address>0x9a1</run_address>
         <size>0x73f</size>
         <input_file_ref idref="fl-3"/>
      </object_component>
      <object_component id="oc-1b">
         <name>.debug_info</name>
         <load_address>0x10e0</load_address>
         <run_address>0x10e0</run_address>
         <size>0xbb</size>
         <input_file_ref idref="fl-4"/>
      </object_component>
      <object_component id="oc-1e">
         <name>.debug_info</name>
         <load_address>0x119b</load_address>
         <run_address>0x119b</run_address>
         <size>0x73c</size>
         <input_file_ref idref="fl-82"/>
      </object_component>
      <object_component id="oc-22">
         <name>.debug_info</name>
         <load_address>0x18d7</load_address>
         <run_address>0x18d7</run_address>
         <size>0x877</size>
         <input_file_ref idref="fl-83"/>
      </object_component>
      <object_component id="oc-27">
         <name>.debug_info</name>
         <load_address>0x214e</load_address>
         <run_address>0x214e</run_address>
         <size>0xd70</size>
         <input_file_ref idref="fl-84"/>
      </object_component>
      <object_component id="oc-2a">
         <name>.debug_info</name>
         <load_address>0x2ebe</load_address>
         <run_address>0x2ebe</run_address>
         <size>0x933</size>
         <input_file_ref idref="fl-85"/>
      </object_component>
      <object_component id="oc-2d">
         <name>.debug_info</name>
         <load_address>0x37f1</load_address>
         <run_address>0x37f1</run_address>
         <size>0x7a2</size>
         <input_file_ref idref="fl-86"/>
      </object_component>
      <object_component id="oc-30">
         <name>.debug_info</name>
         <load_address>0x3f93</load_address>
         <run_address>0x3f93</run_address>
         <size>0x67d</size>
         <input_file_ref idref="fl-87"/>
      </object_component>
      <object_component id="oc-35">
         <name>.debug_info</name>
         <load_address>0x4610</load_address>
         <run_address>0x4610</run_address>
         <size>0x3b98</size>
         <input_file_ref idref="fl-88"/>
      </object_component>
      <object_component id="oc-39">
         <name>.debug_info</name>
         <load_address>0x81a8</load_address>
         <run_address>0x81a8</run_address>
         <size>0x2524</size>
         <input_file_ref idref="fl-89"/>
      </object_component>
      <object_component id="oc-3c">
         <name>.debug_info</name>
         <load_address>0xa6cc</load_address>
         <run_address>0xa6cc</run_address>
         <size>0x712</size>
         <input_file_ref idref="fl-8a"/>
      </object_component>
      <object_component id="oc-3f">
         <name>.debug_info</name>
         <load_address>0xadde</load_address>
         <run_address>0xadde</run_address>
         <size>0x7e1</size>
         <input_file_ref idref="fl-8b"/>
      </object_component>
      <object_component id="oc-42">
         <name>.debug_info</name>
         <load_address>0xb5bf</load_address>
         <run_address>0xb5bf</run_address>
         <size>0x8e9</size>
         <input_file_ref idref="fl-8c"/>
      </object_component>
      <object_component id="oc-45">
         <name>.debug_info</name>
         <load_address>0xbea8</load_address>
         <run_address>0xbea8</run_address>
         <size>0x6d6</size>
         <input_file_ref idref="fl-8d"/>
      </object_component>
      <object_component id="oc-48">
         <name>.debug_info</name>
         <load_address>0xc57e</load_address>
         <run_address>0xc57e</run_address>
         <size>0x761</size>
         <input_file_ref idref="fl-8e"/>
      </object_component>
      <object_component id="oc-4b">
         <name>.debug_info</name>
         <load_address>0xccdf</load_address>
         <run_address>0xccdf</run_address>
         <size>0x857</size>
         <input_file_ref idref="fl-8f"/>
      </object_component>
      <object_component id="oc-4e">
         <name>.debug_info</name>
         <load_address>0xd536</load_address>
         <run_address>0xd536</run_address>
         <size>0x62b</size>
         <input_file_ref idref="fl-90"/>
      </object_component>
      <object_component id="oc-50">
         <name>.debug_info</name>
         <load_address>0xdb61</load_address>
         <run_address>0xdb61</run_address>
         <size>0x6d5</size>
         <input_file_ref idref="fl-91"/>
      </object_component>
      <object_component id="oc-53">
         <name>.debug_info</name>
         <load_address>0xe236</load_address>
         <run_address>0xe236</run_address>
         <size>0x718</size>
         <input_file_ref idref="fl-92"/>
      </object_component>
      <object_component id="oc-57">
         <name>.debug_info</name>
         <load_address>0xe94e</load_address>
         <run_address>0xe94e</run_address>
         <size>0xa3b</size>
         <input_file_ref idref="fl-93"/>
      </object_component>
      <object_component id="oc-5a">
         <name>.debug_info</name>
         <load_address>0xf389</load_address>
         <run_address>0xf389</run_address>
         <size>0x101</size>
         <input_file_ref idref="fl-94"/>
      </object_component>
      <object_component id="oc-5d">
         <name>.debug_info</name>
         <load_address>0xf48a</load_address>
         <run_address>0xf48a</run_address>
         <size>0x7f3</size>
         <input_file_ref idref="fl-95"/>
      </object_component>
      <object_component id="oc-60">
         <name>.debug_info</name>
         <load_address>0xfc7d</load_address>
         <run_address>0xfc7d</run_address>
         <size>0x6bf</size>
         <input_file_ref idref="fl-96"/>
      </object_component>
      <object_component id="oc-63">
         <name>.debug_info</name>
         <load_address>0x1033c</load_address>
         <run_address>0x1033c</run_address>
         <size>0x6c2</size>
         <input_file_ref idref="fl-97"/>
      </object_component>
      <object_component id="oc-66">
         <name>.debug_info</name>
         <load_address>0x109fe</load_address>
         <run_address>0x109fe</run_address>
         <size>0x6db</size>
         <input_file_ref idref="fl-98"/>
      </object_component>
      <object_component id="oc-69">
         <name>.debug_info</name>
         <load_address>0x110d9</load_address>
         <run_address>0x110d9</run_address>
         <size>0x85b</size>
         <input_file_ref idref="fl-99"/>
      </object_component>
      <object_component id="oc-6c">
         <name>.debug_info</name>
         <load_address>0x11934</load_address>
         <run_address>0x11934</run_address>
         <size>0xdb1</size>
         <input_file_ref idref="fl-9a"/>
      </object_component>
      <object_component id="oc-70">
         <name>.debug_info</name>
         <load_address>0x126e5</load_address>
         <run_address>0x126e5</run_address>
         <size>0x6d5</size>
         <input_file_ref idref="fl-9b"/>
      </object_component>
      <object_component id="oc-73">
         <name>.debug_info</name>
         <load_address>0x12dba</load_address>
         <run_address>0x12dba</run_address>
         <size>0x8a7</size>
         <input_file_ref idref="fl-9c"/>
      </object_component>
      <object_component id="oc-76">
         <name>.debug_info</name>
         <load_address>0x13661</load_address>
         <run_address>0x13661</run_address>
         <size>0x8b3</size>
         <input_file_ref idref="fl-9d"/>
      </object_component>
      <object_component id="oc-79">
         <name>.debug_info</name>
         <load_address>0x13f14</load_address>
         <run_address>0x13f14</run_address>
         <size>0x847</size>
         <input_file_ref idref="fl-9e"/>
      </object_component>
      <object_component id="oc-7c">
         <name>.debug_info</name>
         <load_address>0x1475b</load_address>
         <run_address>0x1475b</run_address>
         <size>0x732</size>
         <input_file_ref idref="fl-9f"/>
      </object_component>
      <object_component id="oc-7f">
         <name>.debug_info</name>
         <load_address>0x14e8d</load_address>
         <run_address>0x14e8d</run_address>
         <size>0x1250</size>
         <input_file_ref idref="fl-a0"/>
      </object_component>
      <object_component id="oc-84">
         <name>.debug_info</name>
         <load_address>0x160dd</load_address>
         <run_address>0x160dd</run_address>
         <size>0x7c0</size>
         <input_file_ref idref="fl-a1"/>
      </object_component>
      <object_component id="oc-87">
         <name>.debug_info</name>
         <load_address>0x1689d</load_address>
         <run_address>0x1689d</run_address>
         <size>0x764</size>
         <input_file_ref idref="fl-a2"/>
      </object_component>
      <object_component id="oc-8a">
         <name>.debug_info</name>
         <load_address>0x17001</load_address>
         <run_address>0x17001</run_address>
         <size>0x851</size>
         <input_file_ref idref="fl-a3"/>
      </object_component>
      <object_component id="oc-8d">
         <name>.debug_info</name>
         <load_address>0x17852</load_address>
         <run_address>0x17852</run_address>
         <size>0x7a8</size>
         <input_file_ref idref="fl-a4"/>
      </object_component>
      <object_component id="oc-90">
         <name>.debug_info</name>
         <load_address>0x17ffa</load_address>
         <run_address>0x17ffa</run_address>
         <size>0x716</size>
         <input_file_ref idref="fl-a5"/>
      </object_component>
      <object_component id="oc-93">
         <name>.debug_info</name>
         <load_address>0x18710</load_address>
         <run_address>0x18710</run_address>
         <size>0x6e8</size>
         <input_file_ref idref="fl-a6"/>
      </object_component>
      <object_component id="oc-96">
         <name>.debug_info</name>
         <load_address>0x18df8</load_address>
         <run_address>0x18df8</run_address>
         <size>0x64e</size>
         <input_file_ref idref="fl-a7"/>
      </object_component>
      <object_component id="oc-99">
         <name>.debug_info</name>
         <load_address>0x19446</load_address>
         <run_address>0x19446</run_address>
         <size>0x649</size>
         <input_file_ref idref="fl-a8"/>
      </object_component>
      <object_component id="oc-9c">
         <name>.debug_info</name>
         <load_address>0x19a8f</load_address>
         <run_address>0x19a8f</run_address>
         <size>0x844</size>
         <input_file_ref idref="fl-a9"/>
      </object_component>
      <object_component id="oc-9f">
         <name>.debug_info</name>
         <load_address>0x1a2d3</load_address>
         <run_address>0x1a2d3</run_address>
         <size>0xc5e</size>
         <input_file_ref idref="fl-aa"/>
      </object_component>
      <object_component id="oc-a2">
         <name>.debug_info</name>
         <load_address>0x1af31</load_address>
         <run_address>0x1af31</run_address>
         <size>0x7bf</size>
         <input_file_ref idref="fl-ab"/>
      </object_component>
      <object_component id="oc-a5">
         <name>.debug_info</name>
         <load_address>0x1b6f0</load_address>
         <run_address>0x1b6f0</run_address>
         <size>0xc6f</size>
         <input_file_ref idref="fl-ac"/>
      </object_component>
      <object_component id="oc-a8">
         <name>.debug_info</name>
         <load_address>0x1c35f</load_address>
         <run_address>0x1c35f</run_address>
         <size>0x7eb</size>
         <input_file_ref idref="fl-ad"/>
      </object_component>
      <object_component id="oc-ab">
         <name>.debug_info</name>
         <load_address>0x1cb4a</load_address>
         <run_address>0x1cb4a</run_address>
         <size>0x7a4</size>
         <input_file_ref idref="fl-ae"/>
      </object_component>
      <object_component id="oc-ae">
         <name>.debug_info</name>
         <load_address>0x1d2ee</load_address>
         <run_address>0x1d2ee</run_address>
         <size>0x7d6</size>
         <input_file_ref idref="fl-af"/>
      </object_component>
      <object_component id="oc-b1">
         <name>.debug_info</name>
         <load_address>0x1dac4</load_address>
         <run_address>0x1dac4</run_address>
         <size>0x675</size>
         <input_file_ref idref="fl-b0"/>
      </object_component>
      <object_component id="oc-b4">
         <name>.debug_info</name>
         <load_address>0x1e139</load_address>
         <run_address>0x1e139</run_address>
         <size>0x11f7</size>
         <input_file_ref idref="fl-b1"/>
      </object_component>
      <object_component id="oc-b8">
         <name>.debug_info</name>
         <load_address>0x1f330</load_address>
         <run_address>0x1f330</run_address>
         <size>0xa1e</size>
         <input_file_ref idref="fl-b2"/>
      </object_component>
      <object_component id="oc-bc">
         <name>.debug_info</name>
         <load_address>0x1fd4e</load_address>
         <run_address>0x1fd4e</run_address>
         <size>0x878</size>
         <input_file_ref idref="fl-b3"/>
      </object_component>
      <object_component id="oc-bf">
         <name>.debug_info</name>
         <load_address>0x205c6</load_address>
         <run_address>0x205c6</run_address>
         <size>0x7fe</size>
         <input_file_ref idref="fl-b4"/>
      </object_component>
      <object_component id="oc-c2">
         <name>.debug_info</name>
         <load_address>0x20dc4</load_address>
         <run_address>0x20dc4</run_address>
         <size>0x5fd</size>
         <input_file_ref idref="fl-b5"/>
      </object_component>
      <object_component id="oc-c5">
         <name>.debug_info</name>
         <load_address>0x213c1</load_address>
         <run_address>0x213c1</run_address>
         <size>0x721</size>
         <input_file_ref idref="fl-b6"/>
      </object_component>
      <object_component id="oc-c8">
         <name>.debug_info</name>
         <load_address>0x21ae2</load_address>
         <run_address>0x21ae2</run_address>
         <size>0x101</size>
         <input_file_ref idref="fl-b7"/>
      </object_component>
      <object_component id="oc-cb">
         <name>.debug_info</name>
         <load_address>0x21be3</load_address>
         <run_address>0x21be3</run_address>
         <size>0x613</size>
         <input_file_ref idref="fl-b8"/>
      </object_component>
      <object_component id="oc-cf">
         <name>.debug_info</name>
         <load_address>0x221f6</load_address>
         <run_address>0x221f6</run_address>
         <size>0x7b2</size>
         <input_file_ref idref="fl-b9"/>
      </object_component>
      <object_component id="oc-d2">
         <name>.debug_info</name>
         <load_address>0x229a8</load_address>
         <run_address>0x229a8</run_address>
         <size>0x8fd</size>
         <input_file_ref idref="fl-ba"/>
      </object_component>
      <object_component id="oc-d7">
         <name>.debug_info</name>
         <load_address>0x232a5</load_address>
         <run_address>0x232a5</run_address>
         <size>0x727</size>
         <input_file_ref idref="fl-bb"/>
      </object_component>
      <object_component id="oc-da">
         <name>.debug_info</name>
         <load_address>0x239cc</load_address>
         <run_address>0x239cc</run_address>
         <size>0x763</size>
         <input_file_ref idref="fl-bc"/>
      </object_component>
      <object_component id="oc-dd">
         <name>.debug_info</name>
         <load_address>0x2412f</load_address>
         <run_address>0x2412f</run_address>
         <size>0x7ea</size>
         <input_file_ref idref="fl-bd"/>
      </object_component>
      <object_component id="oc-e0">
         <name>.debug_info</name>
         <load_address>0x24919</load_address>
         <run_address>0x24919</run_address>
         <size>0xc94</size>
         <input_file_ref idref="fl-be"/>
      </object_component>
      <object_component id="oc-e6">
         <name>.debug_info</name>
         <load_address>0x255ad</load_address>
         <run_address>0x255ad</run_address>
         <size>0x7a0</size>
         <input_file_ref idref="fl-bf"/>
      </object_component>
      <object_component id="oc-e9">
         <name>.debug_info</name>
         <load_address>0x25d4d</load_address>
         <run_address>0x25d4d</run_address>
         <size>0x837</size>
         <input_file_ref idref="fl-c0"/>
      </object_component>
      <object_component id="oc-ec">
         <name>.debug_info</name>
         <load_address>0x26584</load_address>
         <run_address>0x26584</run_address>
         <size>0x695</size>
         <input_file_ref idref="fl-c1"/>
      </object_component>
      <object_component id="oc-184">
         <name>.debug_info</name>
         <load_address>0x26c19</load_address>
         <run_address>0x26c19</run_address>
         <size>0x6e</size>
      </object_component>
      <object_component id="oc-11">
         <name>.debug_frame</name>
         <load_address>0x0</load_address>
         <run_address>0x0</run_address>
         <size>0x29c</size>
         <input_file_ref idref="fl-2"/>
      </object_component>
      <object_component id="oc-16">
         <name>.debug_frame</name>
         <load_address>0x29c</load_address>
         <run_address>0x29c</run_address>
         <size>0x25d</size>
         <input_file_ref idref="fl-3"/>
      </object_component>
      <object_component id="oc-12">
         <name>.debug_line</name>
         <load_address>0x0</load_address>
         <run_address>0x0</run_address>
         <size>0xfa</size>
         <input_file_ref idref="fl-2"/>
      </object_component>
      <object_component id="oc-17">
         <name>.debug_line</name>
         <load_address>0xfa</load_address>
         <run_address>0xfa</run_address>
         <size>0x45</size>
         <input_file_ref idref="fl-3"/>
      </object_component>
      <object_component id="oc-1c">
         <name>.debug_line</name>
         <load_address>0x13f</load_address>
         <run_address>0x13f</run_address>
         <size>0x38</size>
         <input_file_ref idref="fl-4"/>
      </object_component>
      <object_component id="oc-20">
         <name>.debug_line</name>
         <load_address>0x177</load_address>
         <run_address>0x177</run_address>
         <size>0x3d</size>
         <input_file_ref idref="fl-82"/>
      </object_component>
      <object_component id="oc-25">
         <name>.debug_line</name>
         <load_address>0x1b4</load_address>
         <run_address>0x1b4</run_address>
         <size>0x4f</size>
         <input_file_ref idref="fl-83"/>
      </object_component>
      <object_component id="oc-28">
         <name>.debug_line</name>
         <load_address>0x203</load_address>
         <run_address>0x203</run_address>
         <size>0x8c</size>
         <input_file_ref idref="fl-84"/>
      </object_component>
      <object_component id="oc-2b">
         <name>.debug_line</name>
         <load_address>0x28f</load_address>
         <run_address>0x28f</run_address>
         <size>0x6a</size>
         <input_file_ref idref="fl-85"/>
      </object_component>
      <object_component id="oc-2e">
         <name>.debug_line</name>
         <load_address>0x2f9</load_address>
         <run_address>0x2f9</run_address>
         <size>0x3d</size>
         <input_file_ref idref="fl-86"/>
      </object_component>
      <object_component id="oc-33">
         <name>.debug_line</name>
         <load_address>0x336</load_address>
         <run_address>0x336</run_address>
         <size>0x36</size>
         <input_file_ref idref="fl-87"/>
      </object_component>
      <object_component id="oc-37">
         <name>.debug_line</name>
         <load_address>0x36c</load_address>
         <run_address>0x36c</run_address>
         <size>0x39e</size>
         <input_file_ref idref="fl-88"/>
      </object_component>
      <object_component id="oc-3a">
         <name>.debug_line</name>
         <load_address>0x70a</load_address>
         <run_address>0x70a</run_address>
         <size>0x1cd</size>
         <input_file_ref idref="fl-89"/>
      </object_component>
      <object_component id="oc-3d">
         <name>.debug_line</name>
         <load_address>0x8d7</load_address>
         <run_address>0x8d7</run_address>
         <size>0x41</size>
         <input_file_ref idref="fl-8a"/>
      </object_component>
      <object_component id="oc-40">
         <name>.debug_line</name>
         <load_address>0x918</load_address>
         <run_address>0x918</run_address>
         <size>0x41</size>
         <input_file_ref idref="fl-8b"/>
      </object_component>
      <object_component id="oc-43">
         <name>.debug_line</name>
         <load_address>0x959</load_address>
         <run_address>0x959</run_address>
         <size>0x47</size>
         <input_file_ref idref="fl-8c"/>
      </object_component>
      <object_component id="oc-46">
         <name>.debug_line</name>
         <load_address>0x9a0</load_address>
         <run_address>0x9a0</run_address>
         <size>0x37</size>
         <input_file_ref idref="fl-8d"/>
      </object_component>
      <object_component id="oc-49">
         <name>.debug_line</name>
         <load_address>0x9d7</load_address>
         <run_address>0x9d7</run_address>
         <size>0x45</size>
         <input_file_ref idref="fl-8e"/>
      </object_component>
      <object_component id="oc-4c">
         <name>.debug_line</name>
         <load_address>0xa1c</load_address>
         <run_address>0xa1c</run_address>
         <size>0x44</size>
         <input_file_ref idref="fl-8f"/>
      </object_component>
      <object_component id="oc-51">
         <name>.debug_line</name>
         <load_address>0xa60</load_address>
         <run_address>0xa60</run_address>
         <size>0x3d</size>
         <input_file_ref idref="fl-91"/>
      </object_component>
      <object_component id="oc-58">
         <name>.debug_line</name>
         <load_address>0xa9d</load_address>
         <run_address>0xa9d</run_address>
         <size>0x5b</size>
         <input_file_ref idref="fl-93"/>
      </object_component>
      <object_component id="oc-5b">
         <name>.debug_line</name>
         <load_address>0xaf8</load_address>
         <run_address>0xaf8</run_address>
         <size>0x44</size>
         <input_file_ref idref="fl-94"/>
      </object_component>
      <object_component id="oc-5e">
         <name>.debug_line</name>
         <load_address>0xb3c</load_address>
         <run_address>0xb3c</run_address>
         <size>0x3e</size>
         <input_file_ref idref="fl-95"/>
      </object_component>
      <object_component id="oc-61">
         <name>.debug_line</name>
         <load_address>0xb7a</load_address>
         <run_address>0xb7a</run_address>
         <size>0x3d</size>
         <input_file_ref idref="fl-96"/>
      </object_component>
      <object_component id="oc-64">
         <name>.debug_line</name>
         <load_address>0xbb7</load_address>
         <run_address>0xbb7</run_address>
         <size>0x3d</size>
         <input_file_ref idref="fl-97"/>
      </object_component>
      <object_component id="oc-67">
         <name>.debug_line</name>
         <load_address>0xbf4</load_address>
         <run_address>0xbf4</run_address>
         <size>0x3d</size>
         <input_file_ref idref="fl-98"/>
      </object_component>
      <object_component id="oc-6a">
         <name>.debug_line</name>
         <load_address>0xc31</load_address>
         <run_address>0xc31</run_address>
         <size>0x3f</size>
         <input_file_ref idref="fl-99"/>
      </object_component>
      <object_component id="oc-6e">
         <name>.debug_line</name>
         <load_address>0xc70</load_address>
         <run_address>0xc70</run_address>
         <size>0xd8</size>
         <input_file_ref idref="fl-9a"/>
      </object_component>
      <object_component id="oc-71">
         <name>.debug_line</name>
         <load_address>0xd48</load_address>
         <run_address>0xd48</run_address>
         <size>0x3e</size>
         <input_file_ref idref="fl-9b"/>
      </object_component>
      <object_component id="oc-74">
         <name>.debug_line</name>
         <load_address>0xd86</load_address>
         <run_address>0xd86</run_address>
         <size>0x89</size>
         <input_file_ref idref="fl-9c"/>
      </object_component>
      <object_component id="oc-77">
         <name>.debug_line</name>
         <load_address>0xe0f</load_address>
         <run_address>0xe0f</run_address>
         <size>0x75</size>
         <input_file_ref idref="fl-9d"/>
      </object_component>
      <object_component id="oc-7a">
         <name>.debug_line</name>
         <load_address>0xe84</load_address>
         <run_address>0xe84</run_address>
         <size>0x38</size>
         <input_file_ref idref="fl-9e"/>
      </object_component>
      <object_component id="oc-7d">
         <name>.debug_line</name>
         <load_address>0xebc</load_address>
         <run_address>0xebc</run_address>
         <size>0x56</size>
         <input_file_ref idref="fl-9f"/>
      </object_component>
      <object_component id="oc-82">
         <name>.debug_line</name>
         <load_address>0xf12</load_address>
         <run_address>0xf12</run_address>
         <size>0x151</size>
         <input_file_ref idref="fl-a0"/>
      </object_component>
      <object_component id="oc-85">
         <name>.debug_line</name>
         <load_address>0x1063</load_address>
         <run_address>0x1063</run_address>
         <size>0x40</size>
         <input_file_ref idref="fl-a1"/>
      </object_component>
      <object_component id="oc-88">
         <name>.debug_line</name>
         <load_address>0x10a3</load_address>
         <run_address>0x10a3</run_address>
         <size>0x3f</size>
         <input_file_ref idref="fl-a2"/>
      </object_component>
      <object_component id="oc-8b">
         <name>.debug_line</name>
         <load_address>0x10e2</load_address>
         <run_address>0x10e2</run_address>
         <size>0x4e</size>
         <input_file_ref idref="fl-a3"/>
      </object_component>
      <object_component id="oc-8e">
         <name>.debug_line</name>
         <load_address>0x1130</load_address>
         <run_address>0x1130</run_address>
         <size>0x47</size>
         <input_file_ref idref="fl-a4"/>
      </object_component>
      <object_component id="oc-91">
         <name>.debug_line</name>
         <load_address>0x1177</load_address>
         <run_address>0x1177</run_address>
         <size>0x3c</size>
         <input_file_ref idref="fl-a5"/>
      </object_component>
      <object_component id="oc-94">
         <name>.debug_line</name>
         <load_address>0x11b3</load_address>
         <run_address>0x11b3</run_address>
[...]
               <logical_group_ref idref="lg-c"/>
            </allocated_space>
            <allocated_space>
               <start_address>0x11c7c</start_address>
               <size>0x28</size>
               <logical_group_ref idref="lg-a"/>
            </allocated_space>
            <available_space>
               <start_address>0x11ca4</start_address>
               <size>0x1e35c</size>
            </available_space>
         </usage_details>
      </memory_area>
      <memory_area>
         <name>SDRAM</name>
         <page_id>0x0</page_id>
         <origin>0x80000000</origin>
         <length>0x1000000</length>
         <used_space>0x0</used_space>
         <unused_space>0x1000000</unused_space>
         <attributes>RWIX</attributes>
         <usage_details>
         </usage_details>
      </memory_area>
      <memory_area>
         <name>FLASH</name>
         <page_id>0x0</page_id>
         <origin>0x90000000</origin>
         <length>0x20000</length>
         <used_space>0x0</used_space>
         <unused_space>0x20000</unused_space>
         <attributes>RWIX</attributes>
         <usage_details>
         </usage_details>
      </memory_area>
   </placement_map>
   <symbol_table>
      <symbol id="sm-0">
         <name>cinit</name>
         <value>0x119f8</value>
      </symbol>
      <symbol id="sm-1">
         <name>___cinit__</name>
         <value>0x119f8</value>
      </symbol>
      <symbol id="sm-2">
         <name>pinit</name>
         <value>0xffffffff</value>
      </symbol>
      <symbol id="sm-3">
         <name>___pinit__</name>
         <value>0xffffffff</value>
      </symbol>
      <symbol id="sm-4">
         <name>binit</name>
         <value>0xffffffff</value>
      </symbol>
      <symbol id="sm-5">
         <name>___binit__</name>
         <value>0xffffffff</value>
      </symbol>
      <symbol id="sm-6">
         <name>__STACK_SIZE</name>
         <value>0x1000</value>
      </symbol>
      <symbol id="sm-7">
         <name>__STACK_END</name>
         <value>0x10100</value>
      </symbol>
      <symbol id="sm-8">
         <name>__SYSMEM_SIZE</name>
         <value>0x1000</value>
      </symbol>
      <symbol id="sm-9">
         <name>___c_args__</name>
         <value>0xffffffff</value>
      </symbol>
      <symbol id="sm-a">
         <name>.text</name>
         <value>0x220</value>
      </symbol>
      <symbol id="sm-b">
         <name>___text__</name>
         <value>0x220</value>
      </symbol>
      <symbol id="sm-c">
         <name>etext</name>
         <value>0xf100</value>
      </symbol>
      <symbol id="sm-d">
         <name>___etext__</name>
         <value>0xf100</value>
      </symbol>
      <symbol id="sm-e">
         <name>.data</name>
         <value>0x0</value>
      </symbol>
      <symbol id="sm-f">
         <name>___data__</name>
         <value>0x0</value>
      </symbol>
      <symbol id="sm-10">
         <name>edata</name>
         <value>0x38</value>
      </symbol>
      <symbol id="sm-11">
         <name>___edata__</name>
         <value>0x38</value>
      </symbol>
      <symbol id="sm-12">
         <name>.bss</name>
         <value>0x220</value>
      </symbol>
      <symbol id="sm-13">
         <name>___bss__</name>
         <value>0x220</value>
      </symbol>
      <symbol id="sm-14">
         <name>end</name>
         <value>0x220</value>
      </symbol>
      <symbol id="sm-15">
         <name>___end__</name>
         <value>0x220</value>
      </symbol>
      <symbol id="sm-16">
         <name>___TI_pprof_out_hndl</name>
         <value>0xffffffff</value>
      </symbol>
      <symbol id="sm-17">
         <name>___TI_prof_data_start</name>
         <value>0xffffffff</value>
      </symbol>
      <symbol id="sm-18">
         <name>___TI_prof_data_size</name>
         <value>0xffffffff</value>
      </symbol>
      <symbol id="sm-19">
         <name>$bss</name>
         <value>0x220</value>
      </symbol>
      <symbol id="sm-9c">
         <name>_obtenirOperation</name>
         <value>0x4738</value>
         <object_component_ref idref="oc-101"/>
      </symbol>
      <symbol id="sm-9d">
         <name>_obtenirFormat</name>
         <value>0x456c</value>
         <object_component_ref idref="oc-101"/>
      </symbol>
      <symbol id="sm-9e">
         <name>_obtenirType</name>
         <value>0x43a0</value>
         <object_component_ref idref="oc-101"/>
      </symbol>
      <symbol id="sm-b1">
         <name>_main</name>
         <value>0xe520</value>
         <object_component_ref idref="oc-fd"/>
      </symbol>
      <symbol id="sm-c4">
         <name>_TaMere</name>
         <value>0xf0e0</value>
         <object_component_ref idref="oc-19"/>
      </symbol>
      <symbol id="sm-d0">
         <name>_c_int00</name>
         <value>0xece0</value>
         <object_component_ref idref="oc-e"/>
      </symbol>
      <symbol id="sm-d1">
         <name>__stack</name>
         <value>0xf100</value>
         <object_component_ref idref="oc-1f"/>
      </symbol>
      <symbol id="sm-e1">
         <name>C$$EXIT</name>
         <value>0xf0a0</value>
         <object_component_ref idref="oc-fe"/>
      </symbol>
      <symbol id="sm-e2">
         <name>_exit</name>
         <value>0xde00</value>
         <object_component_ref idref="oc-f1"/>
      </symbol>
      <symbol id="sm-e3">
         <name>___TI_enable_exit_profile_output</name>
         <value>0x119d4</value>
         <object_component_ref idref="oc-24"/>
      </symbol>
      <symbol id="sm-e4">
         <name>_abort</name>
         <value>0xf0a0</value>
         <object_component_ref idref="oc-fe"/>
      </symbol>
      <symbol id="sm-e5">
         <name>__cleanup_ptr</name>
         <value>0x119cc</value>
         <object_component_ref idref="oc-24"/>
      </symbol>
      <symbol id="sm-e6">
         <name>__dtors_ptr</name>
         <value>0x119d0</value>
         <object_component_ref idref="oc-24"/>
      </symbol>
      <symbol id="sm-f6">
         <name>_scanf</name>
         <value>0xce80</value>
         <object_component_ref idref="oc-103"/>
      </symbol>
      <symbol id="sm-104">
         <name>_printf</name>
         <value>0xcd60</value>
         <object_component_ref idref="oc-102"/>
      </symbol>
      <symbol id="sm-10e">
         <name>_ungetc</name>
         <value>0xc040</value>
         <object_component_ref idref="oc-111"/>
      </symbol>
      <symbol id="sm-11c">
         <name>__unlock</name>
         <value>0x119dc</value>
         <object_component_ref idref="oc-32"/>
      </symbol>
      <symbol id="sm-11d">
         <name>__lock</name>
         <value>0x119d8</value>
         <object_component_ref idref="oc-32"/>
      </symbol>
      <symbol id="sm-11e">
         <name>__nop</name>
         <value>0xf020</value>
         <object_component_ref idref="oc-f2"/>
      </symbol>
      <symbol id="sm-14e">
         <name>__printfi</name>
         <value>0x4ee0</value>
         <object_component_ref idref="oc-106"/>
      </symbol>
      <symbol id="sm-16c">
         <name>__scanfi</name>
         <value>0x220</value>
         <object_component_ref idref="oc-10a"/>
      </symbol>
      <symbol id="sm-176">
         <name>__args_main</name>
         <value>0xef60</value>
         <object_component_ref idref="oc-f0"/>
      </symbol>
      <symbol id="sm-177">
         <name>__TI_args_main</name>
         <value>0x1</value>
      </symbol>
      <symbol id="sm-181">
         <name>_atoi</name>
         <value>0xc420</value>
         <object_component_ref idref="oc-11e"/>
      </symbol>
      <symbol id="sm-18b">
         <name>__auto_init</name>
         <value>0xd1a0</value>
         <object_component_ref idref="oc-ef"/>
      </symbol>
      <symbol id="sm-195">
         <name>__cmpd</name>
         <value>0xd2a0</value>
         <object_component_ref idref="oc-134"/>
      </symbol>
      <symbol id="sm-19f">
         <name>___TI_cpp_init</name>
         <value>0xeae0</value>
         <object_component_ref idref="oc-fc"/>
      </symbol>
      <symbol id="sm-1a9">
         <name>_copy_in</name>
         <value>0xe3a0</value>
         <object_component_ref idref="oc-fa"/>
      </symbol>
      <symbol id="sm-1b1">
         <name>__ctypes_</name>
         <value>0x11318</value>
         <object_component_ref idref="oc-112"/>
      </symbol>
      <symbol id="sm-1bb">
         <name>__cvtdf</name>
         <value>0xe0a0</value>
         <object_component_ref idref="oc-12d"/>
      </symbol>
      <symbol id="sm-1c5">
         <name>__tmpnams</name>
         <value>0x1176c</value>
         <object_component_ref idref="oc-55"/>
      </symbol>
      <symbol id="sm-1c6">
         <name>__ft_end</name>
         <value>0x118ac</value>
         <object_component_ref idref="oc-55"/>
      </symbol>
      <symbol id="sm-1c7">
         <name>__ftable</name>
         <value>0x1158c</value>
         <object_component_ref idref="oc-55"/>
      </symbol>
      <symbol id="sm-1d3">
         <name>__divd</name>
         <value>0x15c0</value>
         <object_component_ref idref="oc-147"/>
      </symbol>
      <symbol id="sm-1db">
         <name>__c6xabi_divu</name>
         <value>0xe160</value>
         <object_component_ref idref="oc-162"/>
      </symbol>
      <symbol id="sm-1dc">
         <name>__divu</name>
         <value>0xe160</value>
         <object_component_ref idref="oc-162"/>
      </symbol>
      <symbol id="sm-1e6">
         <name>_getc</name>
         <value>0xb940</value>
         <object_component_ref idref="oc-113"/>
      </symbol>
      <symbol id="sm-1e7">
         <name>_fgetc</name>
         <value>0xb940</value>
         <object_component_ref idref="oc-113"/>
      </symbol>
      <symbol id="sm-1f1">
         <name>__fixdi</name>
         <value>0xe5e0</value>
         <object_component_ref idref="oc-161"/>
      </symbol>
      <symbol id="sm-1fb">
         <name>__fixdli</name>
         <value>0xe680</value>
         <object_component_ref idref="oc-15d"/>
      </symbol>
      <symbol id="sm-205">
         <name>__fltlid</name>
         <value>0xeb60</value>
         <object_component_ref idref="oc-15f"/>
      </symbol>
      <symbol id="sm-20f">
         <name>_putc</name>
         <value>0x9a00</value>
         <object_component_ref idref="oc-10c"/>
      </symbol>
      <symbol id="sm-210">
         <name>_fputc</name>
         <value>0x9a00</value>
         <object_component_ref idref="oc-10c"/>
      </symbol>
      <symbol id="sm-21c">
         <name>_fputs</name>
         <value>0x5960</value>
         <object_component_ref idref="oc-10b"/>
      </symbol>
      <symbol id="sm-226">
         <name>__frcmpyd_div</name>
         <value>0xbd80</value>
         <object_component_ref idref="oc-15c"/>
      </symbol>
      <symbol id="sm-236">
         <name>__divul</name>
         <value>0x9ce0</value>
         <object_component_ref idref="oc-13f"/>
      </symbol>
      <symbol id="sm-237">
         <name>__remli</name>
         <value>0xe220</value>
         <object_component_ref idref="oc-166"/>
      </symbol>
      <symbol id="sm-238">
         <name>__remul</name>
         <value>0xe2e0</value>
         <object_component_ref idref="oc-14a"/>
      </symbol>
      <symbol id="sm-239">
         <name>__divli</name>
         <value>0xd4a0</value>
         <object_component_ref idref="oc-167"/>
      </symbol>
      <symbol id="sm-247">
         <name>__subcull</name>
         <value>0xeea0</value>
         <object_component_ref idref="oc-157"/>
      </symbol>
      <symbol id="sm-248">
         <name>__divull</name>
         <value>0x7660</value>
         <object_component_ref idref="oc-141"/>
      </symbol>
      <symbol id="sm-249">
         <name>__remull</name>
         <value>0xec60</value>
         <object_component_ref idref="oc-14b"/>
      </symbol>
      <symbol id="sm-253">
         <name>___isinf</name>
         <value>0xede0</value>
         <object_component_ref idref="oc-133"/>
      </symbol>
      <symbol id="sm-25f">
         <name>__llshl</name>
         <value>0xe720</value>
         <object_component_ref idref="oc-156"/>
      </symbol>
      <symbol id="sm-260">
         <name>__llshru</name>
         <value>0xebe0</value>
         <object_component_ref idref="oc-158"/>
      </symbol>
      <symbol id="sm-27a">
         <name>_read</name>
         <value>0xd7a0</value>
         <object_component_ref idref="oc-125"/>
      </symbol>
      <symbol id="sm-27b">
         <name>_unlink</name>
         <value>0xe9a0</value>
         <object_component_ref idref="oc-168"/>
      </symbol>
      <symbol id="sm-27c">
         <name>_lseek</name>
         <value>0xd6a0</value>
         <object_component_ref idref="oc-14c"/>
      </symbol>
      <symbol id="sm-27d">
         <name>_close</name>
         <value>0xcb20</value>
         <object_component_ref idref="oc-163"/>
      </symbol>
      <symbol id="sm-27e">
         <name>_write</name>
         <value>0xd8a0</value>
         <object_component_ref idref="oc-11d"/>
      </symbol>
      <symbol id="sm-288">
         <name>_ltoa</name>
         <value>0xc560</value>
         <object_component_ref idref="oc-15e"/>
      </symbol>
      <symbol id="sm-292">
         <name>_memccpy</name>
         <value>0xed60</value>
         <object_component_ref idref="oc-121"/>
      </symbol>
      <symbol id="sm-29c">
         <name>_memcpy</name>
         <value>0xa3e0</value>
         <object_component_ref idref="oc-fb"/>
      </symbol>
      <symbol id="sm-2a6">
         <name>_memset</name>
         <value>0xcc40</value>
         <object_component_ref idref="oc-114"/>
      </symbol>
      <symbol id="sm-2b0">
         <name>__mpyd</name>
         <value>0x9440</value>
         <object_component_ref idref="oc-142"/>
      </symbol>
      <symbol id="sm-2ba">
         <name>__mpyll</name>
         <value>0xe7c0</value>
         <object_component_ref idref="oc-140"/>
      </symbol>
      <symbol id="sm-2c4">
         <name>__negd</name>
         <value>0xefa0</value>
         <object_component_ref idref="oc-135"/>
      </symbol>
      <symbol id="sm-2ce">
         <name>__negll</name>
         <value>0xf000</value>
         <object_component_ref idref="oc-13a"/>
      </symbol>
      <symbol id="sm-2d8">
         <name>_setvbuf</name>
         <value>0x9140</value>
         <object_component_ref idref="oc-122"/>
      </symbol>
      <symbol id="sm-2e6">
         <name>_strtod</name>
         <value>0x23c0</value>
         <object_component_ref idref="oc-12c"/>
      </symbol>
      <symbol id="sm-2f0">
         <name>_strtol</name>
         <value>0x4960</value>
         <object_component_ref idref="oc-12f"/>
      </symbol>
      <symbol id="sm-2fe">
         <name>_strtold</name>
         <value>0x2a80</value>
         <object_component_ref idref="oc-12e"/>
      </symbol>
      <symbol id="sm-308">
         <name>_strtoll</name>
         <value>0x37c0</value>
         <object_component_ref idref="oc-130"/>
      </symbol>
      <symbol id="sm-312">
         <name>_strtoul</name>
         <value>0x5e80</value>
         <object_component_ref idref="oc-12a"/>
      </symbol>
      <symbol id="sm-31c">
         <name>_strtoull</name>
         <value>0x6880</value>
         <object_component_ref idref="oc-12b"/>
      </symbol>
      <symbol id="sm-326">
         <name>__subd</name>
         <value>0xef00</value>
         <object_component_ref idref="oc-160"/>
      </symbol>
      <symbol id="sm-33e">
         <name>_HOSTopen</name>
         <value>0xc6a0</value>
         <object_component_ref idref="oc-f3"/>
      </symbol>
      <symbol id="sm-33f">
         <name>_HOSTread</name>
         <value>0xc1a0</value>
         <object_component_ref idref="oc-f5"/>
      </symbol>
      <symbol id="sm-340">
         <name>_HOSTrename</name>
         <value>0xa620</value>
         <object_component_ref idref="oc-f9"/>
      </symbol>
      <symbol id="sm-341">
         <name>_HOSTwrite</name>
         <value>0xc7c0</value>
         <object_component_ref idref="oc-f6"/>
      </symbol>
      <symbol id="sm-342">
         <name>_HOSTlseek</name>
         <value>0xbac0</value>
         <object_component_ref idref="oc-f7"/>
      </symbol>
      <symbol id="sm-343">
         <name>_HOSTunlink</name>
         <value>0xd0a0</value>
         <object_component_ref idref="oc-f8"/>
      </symbol>
      <symbol id="sm-344">
         <name>_HOSTclose</name>
         <value>0xcfa0</value>
         <object_component_ref idref="oc-f4"/>
      </symbol>
      <symbol id="sm-352">
         <name>C$$IO$$</name>
         <value>0xeab8</value>
         <object_component_ref idref="oc-ff"/>
      </symbol>
      <symbol id="sm-353">
         <name>__CIOBUF_</name>
         <value>0x11b5c</value>
         <object_component_ref idref="oc-b9"/>
      </symbol>
      <symbol id="sm-354">
         <name>_readmsg</name>
         <value>0xe900</value>
         <object_component_ref idref="oc-100"/>
      </symbol>
      <symbol id="sm-355">
         <name>_writemsg</name>
         <value>0xea40</value>
         <object_component_ref idref="oc-ff"/>
      </symbol>
      <symbol id="sm-35f">
         <name>__buff_read</name>
         <value>0xbc20</value>
         <object_component_ref idref="oc-124"/>
      </symbol>
      <symbol id="sm-36b">
         <name>__rd_ok</name>
         <value>0xdd20</value>
         <object_component_ref idref="oc-123"/>
      </symbol>
      <symbol id="sm-36c">
         <name>__wrt_ok</name>
         <value>0xca00</value>
         <object_component_ref idref="oc-11b"/>
      </symbol>
      <symbol id="sm-37d">
         <name>__addd</name>
         <value>0x8b40</value>
         <object_component_ref idref="oc-144"/>
      </symbol>
      <symbol id="sm-385">
         <name>__c6xabi_divi</name>
         <value>0xc8e0</value>
         <object_component_ref idref="oc-145"/>
      </symbol>
      <symbol id="sm-386">
         <name>__divi</name>
         <value>0xc8e0</value>
         <object_component_ref idref="oc-145"/>
      </symbol>
      <symbol id="sm-390">
         <name>_errno</name>
         <value>0x119f0</value>
         <object_component_ref idref="oc-cd"/>
      </symbol>
      <symbol id="sm-39a">
         <name>__doflush</name>
         <value>0xda80</value>
         <object_component_ref idref="oc-11c"/>
      </symbol>
      <symbol id="sm-3a8">
         <name>__cleanup</name>
         <value>0xd9a0</value>
         <object_component_ref idref="oc-13e"/>
      </symbol>
      <symbol id="sm-3b2">
         <name>__frcaddd</name>
         <value>0x8820</value>
         <object_component_ref idref="oc-15a"/>
      </symbol>
      <symbol id="sm-3bc">
         <name>__frcmpyd</name>
         <value>0xc2e0</value>
         <object_component_ref idref="oc-159"/>
      </symbol>
      <symbol id="sm-3c6">
         <name>_fseek</name>
         <value>0xb0a0</value>
         <object_component_ref idref="oc-131"/>
      </symbol>
      <symbol id="sm-3dc">
         <name>__sys_memory</name>
         <value>0x10100</value>
         <object_component_ref idref="oc-e3"/>
      </symbol>
      <symbol id="sm-3dd">
         <name>_free</name>
         <value>0x84a0</value>
         <object_component_ref idref="oc-13c"/>
      </symbol>
      <symbol id="sm-3de">
         <name>_malloc</name>
         <value>0x9f40</value>
         <object_component_ref idref="oc-13d"/>
      </symbol>
      <symbol id="sm-3e8">
         <name>__renormd</name>
         <value>0xe860</value>
         <object_component_ref idref="oc-165"/>
      </symbol>
      <symbol id="sm-3f2">
         <name>__closefile</name>
         <value>0xb7c0</value>
         <object_component_ref idref="oc-155"/>
      </symbol>
      <symbol id="sm-3fc">
         <name>_remove</name>
         <value>0xf0c0</value>
         <object_component_ref idref="oc-164"/>
      </symbol>
   </symbol_table>
</link_info>
