<?xml version="1.0"?>
<link_info>
   <banner>TMS320C6x Linker PC v7.4.20</banner>
   <copyright>Copyright (c) 1996-2015 Texas Instruments Incorporated</copyright>
   <link_time>0x59b6da57</link_time>
   <output_file>APP2.out</output_file>
   <entry_point>
      <name>_c_int00</name>
      <address>0xf280</address>
   </entry_point>
   <input_file_list>
      <input_file id="fl-2">
         <path>.\</path>
         <kind>object</kind>
         <file>Mpy.obj</file>
         <name>Mpy.obj</name>
      </input_file>
      <input_file id="fl-3">
         <path>.\</path>
         <kind>object</kind>
         <file>div.obj</file>
         <name>div.obj</name>
      </input_file>
      <input_file id="fl-4">
         <path>.\</path>
         <kind>object</kind>
         <file>fonctionHugo.obj</file>
         <name>fonctionHugo.obj</name>
      </input_file>
      <input_file id="fl-5">
         <path>.\</path>
         <kind>object</kind>
         <file>liste.obj</file>
         <name>liste.obj</name>
      </input_file>
      <input_file id="fl-6">
         <path>.\</path>
         <kind>object</kind>
         <file>main.obj</file>
         <name>main.obj</name>
      </input_file>
      <input_file id="fl-7">
         <path>.\</path>
         <kind>object</kind>
         <file>operande.obj</file>
         <name>operande.obj</name>
      </input_file>
      <input_file id="fl-8">
         <path>.\</path>
         <kind>object</kind>
         <file>sub.obj</file>
         <name>sub.obj</name>
      </input_file>
      <input_file id="fl-86">
         <path>C:\ti\02 - Push compiler 7.x\c6000_7.4.20\lib\</path>
         <kind>archive</kind>
         <file>rts6700.lib</file>
         <name>boot.obj</name>
      </input_file>
      <input_file id="fl-87">
         <path>C:\ti\02 - Push compiler 7.x\c6000_7.4.20\lib\</path>
         <kind>archive</kind>
         <file>rts6700.lib</file>
         <name>divd.obj</name>
      </input_file>
      <input_file id="fl-88">
         <path>C:\ti\02 - Push compiler 7.x\c6000_7.4.20\lib\</path>
         <kind>archive</kind>
         <file>rts6700.lib</file>
         <name>exit.obj</name>
      </input_file>
      <input_file id="fl-89">
         <path>C:\ti\02 - Push compiler 7.x\c6000_7.4.20\lib\</path>
         <kind>archive</kind>
         <file>rts6700.lib</file>
         <name>fltllid.obj</name>
      </input_file>
      <input_file id="fl-8a">
         <path>C:\ti\02 - Push compiler 7.x\c6000_7.4.20\lib\</path>
         <kind>archive</kind>
         <file>rts6700.lib</file>
         <name>frcmpyd_div.obj</name>
      </input_file>
      <input_file id="fl-8b">
         <path>C:\ti\02 - Push compiler 7.x\c6000_7.4.20\lib\</path>
         <kind>archive</kind>
         <file>rts6700.lib</file>
         <name>fscanf.obj</name>
      </input_file>
      <input_file id="fl-8c">
         <path>C:\ti\02 - Push compiler 7.x\c6000_7.4.20\lib\</path>
         <kind>archive</kind>
         <file>rts6700.lib</file>
         <name>llshift.obj</name>
      </input_file>
      <input_file id="fl-8d">
         <path>C:\ti\02 - Push compiler 7.x\c6000_7.4.20\lib\</path>
         <kind>archive</kind>
         <file>rts6700.lib</file>
         <name>mpyll.obj</name>
      </input_file>
      <input_file id="fl-8e">
         <path>C:\ti\02 - Push compiler 7.x\c6000_7.4.20\lib\</path>
         <kind>archive</kind>
         <file>rts6700.lib</file>
         <name>negll.obj</name>
      </input_file>
      <input_file id="fl-8f">
         <path>C:\ti\02 - Push compiler 7.x\c6000_7.4.20\lib\</path>
         <kind>archive</kind>
         <file>rts6700.lib</file>
         <name>pow.obj</name>
      </input_file>
      <input_file id="fl-90">
         <path>C:\ti\02 - Push compiler 7.x\c6000_7.4.20\lib\</path>
         <kind>archive</kind>
         <file>rts6700.lib</file>
         <name>printf.obj</name>
      </input_file>
      <input_file id="fl-91">
         <path>C:\ti\02 - Push compiler 7.x\c6000_7.4.20\lib\</path>
         <kind>archive</kind>
         <file>rts6700.lib</file>
         <name>round.obj</name>
      </input_file>
      <input_file id="fl-92">
         <path>C:\ti\02 - Push compiler 7.x\c6000_7.4.20\lib\</path>
         <kind>archive</kind>
         <file>rts6700.lib</file>
         <name>trunc.obj</name>
      </input_file>
      <input_file id="fl-93">
         <path>C:\ti\02 - Push compiler 7.x\c6000_7.4.20\lib\</path>
         <kind>archive</kind>
         <file>rts6700.lib</file>
         <name>ungetc.obj</name>
      </input_file>
      <input_file id="fl-94">
         <path>C:\ti\02 - Push compiler 7.x\c6000_7.4.20\lib\</path>
         <kind>archive</kind>
         <file>rts6700.lib</file>
         <name>_lock.obj</name>
      </input_file>
      <input_file id="fl-95">
         <path>C:\ti\02 - Push compiler 7.x\c6000_7.4.20\lib\</path>
         <kind>archive</kind>
         <file>rts6700.lib</file>
         <name>_printfi.obj</name>
      </input_file>
      <input_file id="fl-96">
         <path>C:\ti\02 - Push compiler 7.x\c6000_7.4.20\lib\</path>
         <kind>archive</kind>
         <file>rts6700.lib</file>
         <name>_scanfi.obj</name>
      </input_file>
      <input_file id="fl-97">
         <path>C:\ti\02 - Push compiler 7.x\c6000_7.4.20\lib\</path>
         <kind>archive</kind>
         <file>rts6700.lib</file>
         <name>args_main.obj</name>
      </input_file>
      <input_file id="fl-98">
         <path>C:\ti\02 - Push compiler 7.x\c6000_7.4.20\lib\</path>
         <kind>archive</kind>
         <file>rts6700.lib</file>
         <name>atoi.obj</name>
      </input_file>
      <input_file id="fl-99">
         <path>C:\ti\02 - Push compiler 7.x\c6000_7.4.20\lib\</path>
         <kind>archive</kind>
         <file>rts6700.lib</file>
         <name>autoinit.obj</name>
      </input_file>
      <input_file id="fl-9a">
         <path>C:\ti\02 - Push compiler 7.x\c6000_7.4.20\lib\</path>
         <kind>archive</kind>
         <file>rts6700.lib</file>
         <name>cpp_init.obj</name>
      </input_file>
      <input_file id="fl-9b">
         <path>C:\ti\02 - Push compiler 7.x\c6000_7.4.20\lib\</path>
         <kind>archive</kind>
         <file>rts6700.lib</file>
         <name>cpy_tbl.obj</name>
      </input_file>
      <input_file id="fl-9c">
         <path>C:\ti\02 - Push compiler 7.x\c6000_7.4.20\lib\</path>
         <kind>archive</kind>
         <file>rts6700.lib</file>
         <name>ctype.obj</name>
      </input_file>
      <input_file id="fl-9d">
         <path>C:\ti\02 - Push compiler 7.x\c6000_7.4.20\lib\</path>
         <kind>archive</kind>
         <file>rts6700.lib</file>
         <name>defs.obj</name>
      </input_file>
      <input_file id="fl-9e">
         <path>C:\ti\02 - Push compiler 7.x\c6000_7.4.20\lib\</path>
         <kind>archive</kind>
         <file>rts6700.lib</file>
         <name>divu.obj</name>
      </input_file>
      <input_file id="fl-9f">
         <path>C:\ti\02 - Push compiler 7.x\c6000_7.4.20\lib\</path>
         <kind>archive</kind>
         <file>rts6700.lib</file>
         <name>errno.obj</name>
      </input_file>
      <input_file id="fl-a0">
         <path>C:\ti\02 - Push compiler 7.x\c6000_7.4.20\lib\</path>
         <kind>archive</kind>
         <file>rts6700.lib</file>
         <name>fgetc.obj</name>
      </input_file>
      <input_file id="fl-a1">
         <path>C:\ti\02 - Push compiler 7.x\c6000_7.4.20\lib\</path>
         <kind>archive</kind>
         <file>rts6700.lib</file>
         <name>fixdli.obj</name>
      </input_file>
      <input_file id="fl-a2">
         <path>C:\ti\02 - Push compiler 7.x\c6000_7.4.20\lib\</path>
         <kind>archive</kind>
         <file>rts6700.lib</file>
         <name>fltlid.obj</name>
      </input_file>
      <input_file id="fl-a3">
         <path>C:\ti\02 - Push compiler 7.x\c6000_7.4.20\lib\</path>
         <kind>archive</kind>
         <file>rts6700.lib</file>
         <name>fputc.obj</name>
      </input_file>
      <input_file id="fl-a4">
         <path>C:\ti\02 - Push compiler 7.x\c6000_7.4.20\lib\</path>
         <kind>archive</kind>
         <file>rts6700.lib</file>
         <name>fputs.obj</name>
      </input_file>
      <input_file id="fl-a5">
         <path>C:\ti\02 - Push compiler 7.x\c6000_7.4.20\lib\</path>
         <kind>archive</kind>
         <file>rts6700.lib</file>
         <name>frexp.obj</name>
      </input_file>
      <input_file id="fl-a6">
         <path>C:\ti\02 - Push compiler 7.x\c6000_7.4.20\lib\</path>
         <kind>archive</kind>
         <file>rts6700.lib</file>
         <name>imath40.obj</name>
      </input_file>
      <input_file id="fl-a7">
         <path>C:\ti\02 - Push compiler 7.x\c6000_7.4.20\lib\</path>
         <kind>archive</kind>
         <file>rts6700.lib</file>
         <name>imath64.obj</name>
      </input_file>
      <input_file id="fl-a8">
         <path>C:\ti\02 - Push compiler 7.x\c6000_7.4.20\lib\</path>
         <kind>archive</kind>
         <file>rts6700.lib</file>
         <name>isinf.obj</name>
      </input_file>
      <input_file id="fl-a9">
         <path>C:\ti\02 - Push compiler 7.x\c6000_7.4.20\lib\</path>
         <kind>archive</kind>
         <file>rts6700.lib</file>
         <name>ldexp.obj</name>
      </input_file>
      <input_file id="fl-aa">
         <path>C:\ti\02 - Push compiler 7.x\c6000_7.4.20\lib\</path>
         <kind>archive</kind>
         <file>rts6700.lib</file>
         <name>lowlev.obj</name>
      </input_file>
      <input_file id="fl-ab">
         <path>C:\ti\02 - Push compiler 7.x\c6000_7.4.20\lib\</path>
         <kind>archive</kind>
         <file>rts6700.lib</file>
         <name>ltoa.obj</name>
      </input_file>
      <input_file id="fl-ac">
         <path>C:\ti\02 - Push compiler 7.x\c6000_7.4.20\lib\</path>
         <kind>archive</kind>
         <file>rts6700.lib</file>
         <name>memccpy.obj</name>
      </input_file>
      <input_file id="fl-ad">
         <path>C:\ti\02 - Push compiler 7.x\c6000_7.4.20\lib\</path>
         <kind>archive</kind>
         <file>rts6700.lib</file>
         <name>memcpy62.obj</name>
      </input_file>
      <input_file id="fl-ae">
         <path>C:\ti\02 - Push compiler 7.x\c6000_7.4.20\lib\</path>
         <kind>archive</kind>
         <file>rts6700.lib</file>
         <name>memset.obj</name>
      </input_file>
      <input_file id="fl-af">
         <path>C:\ti\02 - Push compiler 7.x\c6000_7.4.20\lib\</path>
         <kind>archive</kind>
         <file>rts6700.lib</file>
         <name>modf.obj</name>
      </input_file>
      <input_file id="fl-b0">
         <path>C:\ti\02 - Push compiler 7.x\c6000_7.4.20\lib\</path>
         <kind>archive</kind>
         <file>rts6700.lib</file>
         <name>setvbuf.obj</name>
      </input_file>
      <input_file id="fl-b1">
         <path>C:\ti\02 - Push compiler 7.x\c6000_7.4.20\lib\</path>
         <kind>archive</kind>
         <file>rts6700.lib</file>
         <name>strtod.obj</name>
      </input_file>
      <input_file id="fl-b2">
         <path>C:\ti\02 - Push compiler 7.x\c6000_7.4.20\lib\</path>
         <kind>archive</kind>
         <file>rts6700.lib</file>
         <name>strtol.obj</name>
      </input_file>
      <input_file id="fl-b3">
         <path>C:\ti\02 - Push compiler 7.x\c6000_7.4.20\lib\</path>
         <kind>archive</kind>
         <file>rts6700.lib</file>
         <name>strtold.obj</name>
      </input_file>
      <input_file id="fl-b4">
         <path>C:\ti\02 - Push compiler 7.x\c6000_7.4.20\lib\</path>
         <kind>archive</kind>
         <file>rts6700.lib</file>
         <name>strtoll.obj</name>
      </input_file>
      <input_file id="fl-b5">
         <path>C:\ti\02 - Push compiler 7.x\c6000_7.4.20\lib\</path>
         <kind>archive</kind>
         <file>rts6700.lib</file>
         <name>strtoul.obj</name>
      </input_file>
      <input_file id="fl-b6">
         <path>C:\ti\02 - Push compiler 7.x\c6000_7.4.20\lib\</path>
         <kind>archive</kind>
         <file>rts6700.lib</file>
         <name>strtoull.obj</name>
      </input_file>
      <input_file id="fl-b7">
         <path>C:\ti\02 - Push compiler 7.x\c6000_7.4.20\lib\</path>
         <kind>archive</kind>
         <file>rts6700.lib</file>
         <name>trgdrv.obj</name>
      </input_file>
      <input_file id="fl-b8">
         <path>C:\ti\02 - Push compiler 7.x\c6000_7.4.20\lib\</path>
         <kind>archive</kind>
         <file>rts6700.lib</file>
         <name>trgmsg.obj</name>
      </input_file>
      <input_file id="fl-b9">
         <path>C:\ti\02 - Push compiler 7.x\c6000_7.4.20\lib\</path>
         <kind>archive</kind>
         <file>rts6700.lib</file>
         <name>_bufread.obj</name>
      </input_file>
      <input_file id="fl-ba">
         <path>C:\ti\02 - Push compiler 7.x\c6000_7.4.20\lib\</path>
         <kind>archive</kind>
         <file>rts6700.lib</file>
         <name>_io_perm.obj</name>
      </input_file>
      <input_file id="fl-bb">
         <path>C:\ti\02 - Push compiler 7.x\c6000_7.4.20\lib\</path>
         <kind>archive</kind>
         <file>rts6700.lib</file>
         <name>abs.obj</name>
      </input_file>
      <input_file id="fl-bc">
         <path>C:\ti\02 - Push compiler 7.x\c6000_7.4.20\lib\</path>
         <kind>archive</kind>
         <file>rts6700.lib</file>
         <name>divi.obj</name>
      </input_file>
      <input_file id="fl-bd">
         <path>C:\ti\02 - Push compiler 7.x\c6000_7.4.20\lib\</path>
         <kind>archive</kind>
         <file>rts6700.lib</file>
         <name>fflush.obj</name>
      </input_file>
      <input_file id="fl-be">
         <path>C:\ti\02 - Push compiler 7.x\c6000_7.4.20\lib\</path>
         <kind>archive</kind>
         <file>rts6700.lib</file>
         <name>fopen.obj</name>
      </input_file>
      <input_file id="fl-bf">
         <path>C:\ti\02 - Push compiler 7.x\c6000_7.4.20\lib\</path>
         <kind>archive</kind>
         <file>rts6700.lib</file>
         <name>fseek.obj</name>
      </input_file>
      <input_file id="fl-c0">
         <path>C:\ti\02 - Push compiler 7.x\c6000_7.4.20\lib\</path>
         <kind>archive</kind>
         <file>rts6700.lib</file>
         <name>memory.obj</name>
      </input_file>
      <input_file id="fl-c1">
         <path>C:\ti\02 - Push compiler 7.x\c6000_7.4.20\lib\</path>
         <kind>archive</kind>
         <file>rts6700.lib</file>
         <name>fclose.obj</name>
      </input_file>
      <input_file id="fl-c2">
         <path>C:\ti\02 - Push compiler 7.x\c6000_7.4.20\lib\</path>
         <kind>archive</kind>
         <file>rts6700.lib</file>
         <name>remove.obj</name>
      </input_file>
   </input_file_list>
   <object_component_list>
      <object_component id="oc-10b">
         <name>.text</name>
         <load_address>0x220</load_address>
         <run_address>0x220</run_address>
         <size>0xd80</size>
         <input_file_ref idref="fl-5"/>
      </object_component>
      <object_component id="oc-119">
         <name>.text:__scanfi</name>
         <load_address>0xfa0</load_address>
         <run_address>0xfa0</run_address>
         <size>0xbc0</size>
         <input_file_ref idref="fl-96"/>
      </object_component>
      <object_component id="oc-10f">
         <name>.text:_pow</name>
         <load_address>0x1b60</load_address>
         <run_address>0x1b60</run_address>
         <size>0x900</size>
         <input_file_ref idref="fl-8f"/>
      </object_component>
      <object_component id="oc-132">
         <name>.text:__sset_arg</name>
         <load_address>0x2460</load_address>
         <run_address>0x2460</run_address>
         <size>0x7c0</size>
         <input_file_ref idref="fl-96"/>
      </object_component>
      <object_component id="oc-110">
         <name>.text:__divd</name>
         <load_address>0x2c20</load_address>
         <run_address>0x2c20</run_address>
         <size>0x720</size>
         <input_file_ref idref="fl-87"/>
      </object_component>
      <object_component id="oc-14f">
         <name>.text:__getarg_diouxp</name>
         <load_address>0x3340</load_address>
         <run_address>0x3340</run_address>
         <size>0x6c0</size>
         <input_file_ref idref="fl-95"/>
      </object_component>
      <object_component id="oc-127">
         <name>.text:__setfield</name>
         <load_address>0x3a00</load_address>
         <run_address>0x3a00</run_address>
         <size>0x640</size>
         <input_file_ref idref="fl-95"/>
      </object_component>
      <object_component id="oc-145">
         <name>.text:_strtod</name>
         <load_address>0x4040</load_address>
         <run_address>0x4040</run_address>
         <size>0x5e0</size>
         <input_file_ref idref="fl-b1"/>
      </object_component>
      <object_component id="oc-146">
         <name>.text:_strtold</name>
         <load_address>0x4620</load_address>
         <run_address>0x4620</run_address>
         <size>0x5e0</size>
         <input_file_ref idref="fl-b3"/>
      </object_component>
      <object_component id="oc-148">
         <name>.text:_strtoll</name>
         <load_address>0x4c00</load_address>
         <run_address>0x4c00</run_address>
         <size>0x5e0</size>
         <input_file_ref idref="fl-b4"/>
      </object_component>
      <object_component id="oc-12f">
         <name>.text:__sproc_int</name>
         <load_address>0x51e0</load_address>
         <run_address>0x51e0</run_address>
         <size>0x5a0</size>
         <input_file_ref idref="fl-96"/>
      </object_component>
      <object_component id="oc-147">
         <name>.text:_strtol</name>
         <load_address>0x5780</load_address>
         <run_address>0x5780</run_address>
         <size>0x580</size>
         <input_file_ref idref="fl-b2"/>
      </object_component>
      <object_component id="oc-115">
         <name>.text:__printfi</name>
         <load_address>0x5d00</load_address>
         <run_address>0x5d00</run_address>
         <size>0x560</size>
         <input_file_ref idref="fl-95"/>
      </object_component>
      <object_component id="oc-143">
         <name>.text:_strtoul</name>
         <load_address>0x6260</load_address>
         <run_address>0x6260</run_address>
         <size>0x520</size>
         <input_file_ref idref="fl-b5"/>
      </object_component>
      <object_component id="oc-123">
         <name>.text:_fputs</name>
         <load_address>0x6780</load_address>
         <run_address>0x6780</run_address>
         <size>0x4c0</size>
         <input_file_ref idref="fl-a4"/>
      </object_component>
      <object_component id="oc-144">
         <name>.text:_strtoull</name>
         <load_address>0x6c40</load_address>
         <run_address>0x6c40</run_address>
         <size>0x4a0</size>
         <input_file_ref idref="fl-b6"/>
      </object_component>
      <object_component id="oc-161">
         <name>.text:_fcvt</name>
         <load_address>0x70e0</load_address>
         <run_address>0x70e0</run_address>
         <size>0x420</size>
         <input_file_ref idref="fl-95"/>
      </object_component>
      <object_component id="oc-138">
         <name>.text:__pproc_fge</name>
         <load_address>0x7500</load_address>
         <run_address>0x7500</run_address>
         <size>0x400</size>
         <input_file_ref idref="fl-95"/>
      </object_component>
      <object_component id="oc-15e">
         <name>.text:_ecvt</name>
         <load_address>0x7900</load_address>
         <run_address>0x7900</run_address>
         <size>0x400</size>
         <input_file_ref idref="fl-95"/>
      </object_component>
      <object_component id="oc-12d">
         <name>.text:__sget_conv</name>
         <load_address>0x7d00</load_address>
         <run_address>0x7d00</run_address>
         <size>0x3a0</size>
         <input_file_ref idref="fl-96"/>
      </object_component>
      <object_component id="oc-155">
         <name>.text:__divull</name>
         <load_address>0x80a0</load_address>
         <run_address>0x80a0</run_address>
         <size>0x380</size>
         <input_file_ref idref="fl-a7"/>
      </object_component>
      <object_component id="oc-12e">
         <name>.text:__sproc_float</name>
         <load_address>0x8420</load_address>
         <run_address>0x8420</run_address>
         <size>0x380</size>
         <input_file_ref idref="fl-96"/>
      </object_component>
      <object_component id="oc-151">
         <name>.text:_free</name>
         <load_address>0x87a0</load_address>
         <run_address>0x87a0</run_address>
         <size>0x380</size>
         <input_file_ref idref="fl-c0"/>
      </object_component>
      <object_component id="oc-10e">
         <name>.text</name>
         <load_address>0x8b20</load_address>
         <run_address>0x8b20</run_address>
         <size>0x380</size>
         <input_file_ref idref="fl-7"/>
      </object_component>
      <object_component id="oc-14e">
         <name>.text:__pconv_e</name>
         <load_address>0x8ea0</load_address>
         <run_address>0x8ea0</run_address>
         <size>0x360</size>
         <input_file_ref idref="fl-95"/>
      </object_component>
      <object_component id="oc-126">
         <name>.text:__pproc_fwp</name>
         <load_address>0x9200</load_address>
         <run_address>0x9200</run_address>
         <size>0x360</size>
         <input_file_ref idref="fl-95"/>
      </object_component>
      <object_component id="oc-139">
         <name>.text:__pproc_diouxp</name>
         <load_address>0x9560</load_address>
         <run_address>0x9560</run_address>
         <size>0x300</size>
         <input_file_ref idref="fl-95"/>
      </object_component>
      <object_component id="oc-128">
         <name>.text:__pproc_str</name>
         <load_address>0x9860</load_address>
         <run_address>0x9860</run_address>
         <size>0x2c0</size>
         <input_file_ref idref="fl-95"/>
      </object_component>
      <object_component id="oc-13b">
         <name>.text:_setvbuf</name>
         <load_address>0x9b20</load_address>
         <run_address>0x9b20</run_address>
         <size>0x2c0</size>
         <input_file_ref idref="fl-b0"/>
      </object_component>
      <object_component id="oc-14c">
         <name>.text:__pconv_g</name>
         <load_address>0x9de0</load_address>
         <run_address>0x9de0</run_address>
         <size>0x2a0</size>
         <input_file_ref idref="fl-95"/>
      </object_component>
      <object_component id="oc-124">
         <name>.text:_fputc</name>
         <load_address>0xa080</load_address>
         <run_address>0xa080</run_address>
         <size>0x2a0</size>
         <input_file_ref idref="fl-a3"/>
      </object_component>
      <object_component id="oc-154">
         <name>.text:__divul</name>
         <load_address>0xa320</load_address>
         <run_address>0xa320</run_address>
         <size>0x260</size>
         <input_file_ref idref="fl-a6"/>
      </object_component>
      <object_component id="oc-160">
         <name>.text:__mcpy</name>
         <load_address>0xa580</load_address>
         <run_address>0xa580</run_address>
         <size>0x240</size>
         <input_file_ref idref="fl-95"/>
      </object_component>
      <object_component id="oc-152">
         <name>.text:_malloc</name>
         <load_address>0xa7c0</load_address>
         <run_address>0xa7c0</run_address>
         <size>0x240</size>
         <input_file_ref idref="fl-c0"/>
      </object_component>
      <object_component id="oc-105">
         <name>.text:_memcpy</name>
         <load_address>0xaa00</load_address>
         <run_address>0xaa00</run_address>
         <size>0x240</size>
         <input_file_ref idref="fl-ad"/>
      </object_component>
      <object_component id="oc-103">
         <name>.text:_HOSTrename</name>
         <load_address>0xac40</load_address>
         <run_address>0xac40</run_address>
         <size>0x220</size>
         <input_file_ref idref="fl-b7"/>
      </object_component>
      <object_component id="oc-130">
         <name>.text:__sproc_str</name>
         <load_address>0xae60</load_address>
         <run_address>0xae60</run_address>
         <size>0x220</size>
         <input_file_ref idref="fl-96"/>
      </object_component>
      <object_component id="oc-117">
         <name>.text:__chkmbc</name>
         <load_address>0xb080</load_address>
         <run_address>0xb080</run_address>
         <size>0x200</size>
         <input_file_ref idref="fl-8b"/>
      </object_component>
      <object_component id="oc-131">
         <name>.text:__sproc_lb</name>
         <load_address>0xb280</load_address>
         <run_address>0xb280</run_address>
         <size>0x1e0</size>
         <input_file_ref idref="fl-96"/>
      </object_component>
      <object_component id="oc-171">
         <name>.text:_getdevice</name>
         <load_address>0xb460</load_address>
         <run_address>0xb460</run_address>
         <size>0x1e0</size>
         <input_file_ref idref="fl-aa"/>
      </object_component>
      <object_component id="oc-149">
         <name>.text:_fseek</name>
         <load_address>0xb640</load_address>
         <run_address>0xb640</run_address>
         <size>0x1c0</size>
         <input_file_ref idref="fl-bf"/>
      </object_component>
      <object_component id="oc-150">
         <name>.text:__ltostr</name>
         <load_address>0xb800</load_address>
         <run_address>0xb800</run_address>
         <size>0x1a0</size>
         <input_file_ref idref="fl-95"/>
      </object_component>
      <object_component id="oc-125">
         <name>.text:__pproc_fflags</name>
         <load_address>0xb9a0</load_address>
         <run_address>0xb9a0</run_address>
         <size>0x1a0</size>
         <input_file_ref idref="fl-95"/>
      </object_component>
      <object_component id="oc-11b">
         <name>.text:_ldexp</name>
         <load_address>0xbb40</load_address>
         <run_address>0xbb40</run_address>
         <size>0x1a0</size>
         <input_file_ref idref="fl-a9"/>
      </object_component>
      <object_component id="oc-12b">
         <name>.text:_fgetc</name>
         <load_address>0xbce0</load_address>
         <run_address>0xbce0</run_address>
         <size>0x180</size>
         <input_file_ref idref="fl-a0"/>
      </object_component>
      <object_component id="oc-101">
         <name>.text:_HOSTlseek</name>
         <load_address>0xbe60</load_address>
         <run_address>0xbe60</run_address>
         <size>0x160</size>
         <input_file_ref idref="fl-b7"/>
      </object_component>
      <object_component id="oc-13d">
         <name>.text:__buff_read</name>
         <load_address>0xbfc0</load_address>
         <run_address>0xbfc0</run_address>
         <size>0x160</size>
         <input_file_ref idref="fl-b9"/>
      </object_component>
      <object_component id="oc-166">
         <name>.text:__closefile</name>
         <load_address>0xc120</load_address>
         <run_address>0xc120</run_address>
         <size>0x160</size>
         <input_file_ref idref="fl-c1"/>
      </object_component>
      <object_component id="oc-13f">
         <name>.text:__sget_scanset</name>
         <load_address>0xc280</load_address>
         <run_address>0xc280</run_address>
         <size>0x160</size>
         <input_file_ref idref="fl-96"/>
      </object_component>
      <object_component id="oc-129">
         <name>.text:_ungetc</name>
         <load_address>0xc3e0</load_address>
         <run_address>0xc3e0</run_address>
         <size>0x160</size>
         <input_file_ref idref="fl-93"/>
      </object_component>
      <object_component id="oc-ff">
         <name>.text:_HOSTread</name>
         <load_address>0xc540</load_address>
         <run_address>0xc540</run_address>
         <size>0x140</size>
         <input_file_ref idref="fl-b7"/>
      </object_component>
      <object_component id="oc-111">
         <name>.text:__fltllid</name>
         <load_address>0xc680</load_address>
         <run_address>0xc680</run_address>
         <size>0x140</size>
         <input_file_ref idref="fl-89"/>
      </object_component>
      <object_component id="oc-120">
         <name>.text:__frcmpyd_div</name>
         <load_address>0xc7c0</load_address>
         <run_address>0xc7c0</run_address>
         <size>0x140</size>
         <input_file_ref idref="fl-8a"/>
      </object_component>
      <object_component id="oc-137">
         <name>.text:_atoi</name>
         <load_address>0xc900</load_address>
         <run_address>0xc900</run_address>
         <size>0x140</size>
         <input_file_ref idref="fl-98"/>
      </object_component>
      <object_component id="oc-169">
         <name>.text:_ltoa</name>
         <load_address>0xca40</load_address>
         <run_address>0xca40</run_address>
         <size>0x140</size>
         <input_file_ref idref="fl-ab"/>
      </object_component>
      <object_component id="oc-fd">
         <name>.text:_HOSTopen</name>
         <load_address>0xcb80</load_address>
         <run_address>0xcb80</run_address>
         <size>0x120</size>
         <input_file_ref idref="fl-b7"/>
      </object_component>
      <object_component id="oc-100">
         <name>.text:_HOSTwrite</name>
         <load_address>0xcca0</load_address>
         <run_address>0xcca0</run_address>
         <size>0x120</size>
         <input_file_ref idref="fl-b7"/>
      </object_component>
      <object_component id="oc-157">
         <name>.text:__divi</name>
         <load_address>0xcdc0</load_address>
         <run_address>0xcdc0</run_address>
         <size>0x120</size>
         <input_file_ref idref="fl-bc"/>
      </object_component>
      <object_component id="oc-134">
         <name>.text:__wrt_ok</name>
         <load_address>0xcee0</load_address>
         <run_address>0xcee0</run_address>
         <size>0x120</size>
         <input_file_ref idref="fl-ba"/>
      </object_component>
      <object_component id="oc-16c">
         <name>.text:_close</name>
         <load_address>0xd000</load_address>
         <run_address>0xd000</run_address>
         <size>0x120</size>
         <input_file_ref idref="fl-aa"/>
      </object_component>
      <object_component id="oc-11a">
         <name>.text:_frexp</name>
         <load_address>0xd120</load_address>
         <run_address>0xd120</run_address>
         <size>0x120</size>
         <input_file_ref idref="fl-a5"/>
      </object_component>
      <object_component id="oc-12c">
         <name>.text:_memset</name>
         <load_address>0xd240</load_address>
         <run_address>0xd240</run_address>
         <size>0x120</size>
         <input_file_ref idref="fl-ae"/>
      </object_component>
      <object_component id="oc-13">
         <name>.text</name>
         <load_address>0xd360</load_address>
         <run_address>0xd360</run_address>
         <size>0x120</size>
         <input_file_ref idref="fl-3"/>
      </object_component>
      <object_component id="oc-fe">
         <name>.text:_HOSTclose</name>
         <load_address>0xd480</load_address>
         <run_address>0xd480</run_address>
         <size>0x100</size>
         <input_file_ref idref="fl-b7"/>
      </object_component>
      <object_component id="oc-102">
         <name>.text:_HOSTunlink</name>
         <load_address>0xd580</load_address>
         <run_address>0xd580</run_address>
         <size>0x100</size>
         <input_file_ref idref="fl-b7"/>
      </object_component>
      <object_component id="oc-f9">
         <name>.text:__auto_init</name>
         <load_address>0xd680</load_address>
         <run_address>0xd680</run_address>
         <size>0x100</size>
         <input_file_ref idref="fl-99"/>
      </object_component>
      <object_component id="oc-163">
         <name>.text:__div</name>
         <load_address>0xd780</load_address>
         <run_address>0xd780</run_address>
         <size>0x100</size>
         <input_file_ref idref="fl-95"/>
      </object_component>
      <object_component id="oc-16f">
         <name>.text:__divli</name>
         <load_address>0xd880</load_address>
         <run_address>0xd880</run_address>
         <size>0x100</size>
         <input_file_ref idref="fl-a6"/>
      </object_component>
      <object_component id="oc-14d">
         <name>.text:__pconv_f</name>
         <load_address>0xd980</load_address>
         <run_address>0xd980</run_address>
         <size>0x100</size>
         <input_file_ref idref="fl-95"/>
      </object_component>
      <object_component id="oc-15d">
         <name>.text:_lseek</name>
         <load_address>0xda80</load_address>
         <run_address>0xda80</run_address>
         <size>0x100</size>
         <input_file_ref idref="fl-aa"/>
      </object_component>
      <object_component id="oc-10c">
         <name>.text:_printf</name>
         <load_address>0xdb80</load_address>
         <run_address>0xdb80</run_address>
         <size>0x100</size>
         <input_file_ref idref="fl-90"/>
      </object_component>
      <object_component id="oc-13e">
         <name>.text:_read</name>
         <load_address>0xdc80</load_address>
         <run_address>0xdc80</run_address>
         <size>0x100</size>
         <input_file_ref idref="fl-aa"/>
      </object_component>
      <object_component id="oc-10d">
         <name>.text:_scanf</name>
         <load_address>0xdd80</load_address>
         <run_address>0xdd80</run_address>
         <size>0x100</size>
         <input_file_ref idref="fl-8b"/>
      </object_component>
      <object_component id="oc-136">
         <name>.text:_write</name>
         <load_address>0xde80</load_address>
         <run_address>0xde80</run_address>
         <size>0x100</size>
         <input_file_ref idref="fl-aa"/>
      </object_component>
      <object_component id="oc-153">
         <name>.text:__cleanup</name>
         <load_address>0xdf80</load_address>
         <run_address>0xdf80</run_address>
         <size>0xe0</size>
         <input_file_ref idref="fl-be"/>
      </object_component>
      <object_component id="oc-135">
         <name>.text:__doflush</name>
         <load_address>0xe060</load_address>
         <run_address>0xe060</run_address>
         <size>0xe0</size>
         <input_file_ref idref="fl-bd"/>
      </object_component>
      <object_component id="oc-15f">
         <name>.text:__ecpy</name>
         <load_address>0xe140</load_address>
         <run_address>0xe140</run_address>
         <size>0xe0</size>
         <input_file_ref idref="fl-95"/>
      </object_component>
      <object_component id="oc-162">
         <name>.text:__fcpy</name>
         <load_address>0xe220</load_address>
         <run_address>0xe220</run_address>
         <size>0xe0</size>
         <input_file_ref idref="fl-95"/>
      </object_component>
      <object_component id="oc-11c">
         <name>.text:__nround</name>
         <load_address>0xe300</load_address>
         <run_address>0xe300</run_address>
         <size>0xe0</size>
         <input_file_ref idref="fl-91"/>
      </object_component>
      <object_component id="oc-13c">
         <name>.text:__rd_ok</name>
         <load_address>0xe3e0</load_address>
         <run_address>0xe3e0</run_address>
         <size>0xe0</size>
         <input_file_ref idref="fl-ba"/>
      </object_component>
      <object_component id="oc-fb">
         <name>.text:_exit</name>
         <load_address>0xe4c0</load_address>
         <run_address>0xe4c0</run_address>
         <size>0xe0</size>
         <input_file_ref idref="fl-88"/>
      </object_component>
      <object_component id="oc-165">
         <name>.text:_minsert</name>
         <load_address>0xe5a0</load_address>
         <run_address>0xe5a0</run_address>
         <size>0xe0</size>
         <input_file_ref idref="fl-c0"/>
      </object_component>
      <object_component id="oc-11e">
         <name>.text:_modf</name>
         <load_address>0xe680</load_address>
         <run_address>0xe680</run_address>
         <size>0xe0</size>
         <input_file_ref idref="fl-af"/>
      </object_component>
      <object_component id="oc-164">
         <name>.text:_mremove</name>
         <load_address>0xe760</load_address>
         <run_address>0xe760</run_address>
         <size>0xe0</size>
         <input_file_ref idref="fl-c0"/>
      </object_component>
      <object_component id="oc-17">
         <name>.text</name>
         <load_address>0xe840</load_address>
         <run_address>0xe840</run_address>
         <size>0xe0</size>
         <input_file_ref idref="fl-4"/>
      </object_component>
      <object_component id="oc-16b">
         <name>.text:__divu</name>
         <load_address>0xe920</load_address>
         <run_address>0xe920</run_address>
         <size>0xc0</size>
         <input_file_ref idref="fl-9e"/>
      </object_component>
      <object_component id="oc-104">
         <name>.text:_copy_in</name>
         <load_address>0xe9e0</load_address>
         <run_address>0xe9e0</run_address>
         <size>0xc0</size>
         <input_file_ref idref="fl-9b"/>
      </object_component>
      <object_component id="oc-172">
         <name>.text:_finddevice</name>
         <load_address>0xeaa0</load_address>
         <run_address>0xeaa0</run_address>
         <size>0xc0</size>
         <input_file_ref idref="fl-aa"/>
      </object_component>
      <object_component id="oc-168">
         <name>.text:__fixdli</name>
         <load_address>0xeb60</load_address>
         <run_address>0xeb60</run_address>
         <size>0xa0</size>
         <input_file_ref idref="fl-a1"/>
      </object_component>
      <object_component id="oc-133">
         <name>.text:__mpyll</name>
         <load_address>0xec00</load_address>
         <run_address>0xec00</run_address>
         <size>0xa0</size>
         <input_file_ref idref="fl-8d"/>
      </object_component>
      <object_component id="oc-16e">
         <name>.text:__remli</name>
         <load_address>0xeca0</load_address>
         <run_address>0xeca0</run_address>
         <size>0xa0</size>
         <input_file_ref idref="fl-a6"/>
      </object_component>
      <object_component id="oc-15b">
         <name>.text:__remul</name>
         <load_address>0xed40</load_address>
         <run_address>0xed40</run_address>
         <size>0xa0</size>
         <input_file_ref idref="fl-a6"/>
      </object_component>
      <object_component id="oc-15c">
         <name>.text:__remull</name>
         <load_address>0xede0</load_address>
         <run_address>0xede0</run_address>
         <size>0xa0</size>
         <input_file_ref idref="fl-a7"/>
      </object_component>
      <object_component id="oc-10a">
         <name>.text:_readmsg</name>
         <load_address>0xee80</load_address>
         <run_address>0xee80</run_address>
         <size>0xa0</size>
         <input_file_ref idref="fl-b8"/>
      </object_component>
      <object_component id="oc-170">
         <name>.text:_unlink</name>
         <load_address>0xef20</load_address>
         <run_address>0xef20</run_address>
         <size>0xa0</size>
         <input_file_ref idref="fl-aa"/>
      </object_component>
      <object_component id="oc-109">
         <name>.text:_writemsg</name>
         <load_address>0xefc0</load_address>
         <run_address>0xefc0</run_address>
         <size>0xa0</size>
         <input_file_ref idref="fl-b8"/>
      </object_component>
      <object_component id="oc-107">
         <name>.text</name>
         <load_address>0xf060</load_address>
         <run_address>0xf060</run_address>
         <size>0xa0</size>
         <input_file_ref idref="fl-6"/>
      </object_component>
      <object_component id="oc-106">
         <name>.text:___TI_cpp_init</name>
         <load_address>0xf100</load_address>
         <run_address>0xf100</run_address>
         <size>0x80</size>
         <input_file_ref idref="fl-9a"/>
      </object_component>
      <object_component id="oc-16a">
         <name>.text:__fltlid</name>
         <load_address>0xf180</load_address>
         <run_address>0xf180</run_address>
         <size>0x80</size>
         <input_file_ref idref="fl-a2"/>
      </object_component>
      <object_component id="oc-122">
         <name>.text:__llshl</name>
         <load_address>0xf200</load_address>
         <run_address>0xf200</run_address>
         <size>0x80</size>
         <input_file_ref idref="fl-8c"/>
      </object_component>
      <object_component id="oc-e">
         <name>.text:_c_int00</name>
         <load_address>0xf280</load_address>
         <run_address>0xf280</run_address>
         <size>0x80</size>
         <input_file_ref idref="fl-86"/>
      </object_component>
      <object_component id="oc-13a">
         <name>.text:_memccpy</name>
         <load_address>0xf300</load_address>
         <run_address>0xf300</run_address>
         <size>0x80</size>
         <input_file_ref idref="fl-ac"/>
      </object_component>
      <object_component id="oc-2b">
         <name>.text</name>
         <load_address>0xf380</load_address>
         <run_address>0xf380</run_address>
         <size>0x80</size>
         <input_file_ref idref="fl-8"/>
      </object_component>
      <object_component id="oc-14b">
         <name>.text:___isinf</name>
         <load_address>0xf400</load_address>
         <run_address>0xf400</run_address>
         <size>0x60</size>
         <input_file_ref idref="fl-a8"/>
      </object_component>
      <object_component id="oc-11f">
         <name>.text:__llshru</name>
         <load_address>0xf460</load_address>
         <run_address>0xf460</run_address>
         <size>0x60</size>
         <input_file_ref idref="fl-8c"/>
      </object_component>
      <object_component id="oc-167">
         <name>.text:__subcull</name>
         <load_address>0xf4c0</load_address>
         <run_address>0xf4c0</run_address>
         <size>0x60</size>
         <input_file_ref idref="fl-a7"/>
      </object_component>
      <object_component id="oc-14a">
         <name>.text:___isnan</name>
         <load_address>0xf520</load_address>
         <run_address>0xf520</run_address>
         <size>0x40</size>
         <input_file_ref idref="fl-95"/>
      </object_component>
      <object_component id="oc-fa">
         <name>.text:__args_main</name>
         <load_address>0xf560</load_address>
         <run_address>0xf560</run_address>
         <size>0x40</size>
         <input_file_ref idref="fl-97"/>
      </object_component>
      <object_component id="oc-11d">
         <name>.text:__trunc</name>
         <load_address>0xf5a0</load_address>
         <run_address>0xf5a0</run_address>
         <size>0x40</size>
         <input_file_ref idref="fl-92"/>
      </object_component>
      <object_component id="oc-118">
         <name>.text:__inpchar</name>
         <load_address>0xf5e0</load_address>
         <run_address>0xf5e0</run_address>
         <size>0x20</size>
         <input_file_ref idref="fl-8b"/>
      </object_component>
      <object_component id="oc-121">
         <name>.text:__negll</name>
         <load_address>0xf600</load_address>
         <run_address>0xf600</run_address>
         <size>0x20</size>
         <input_file_ref idref="fl-8e"/>
      </object_component>
      <object_component id="oc-fc">
         <name>.text:__nop</name>
         <load_address>0xf620</load_address>
         <run_address>0xf620</run_address>
         <size>0x20</size>
         <input_file_ref idref="fl-94"/>
      </object_component>
      <object_component id="oc-114">
         <name>.text:__outc</name>
         <load_address>0xf640</load_address>
         <run_address>0xf640</run_address>
         <size>0x20</size>
         <input_file_ref idref="fl-90"/>
      </object_component>
      <object_component id="oc-113">
         <name>.text:__outs</name>
         <load_address>0xf660</load_address>
         <run_address>0xf660</run_address>
         <size>0x20</size>
         <input_file_ref idref="fl-90"/>
      </object_component>
      <object_component id="oc-116">
         <name>.text:__uninpchar</name>
         <load_address>0xf680</load_address>
         <run_address>0xf680</run_address>
         <size>0x20</size>
         <input_file_ref idref="fl-8b"/>
      </object_component>
      <object_component id="oc-108">
         <name>.text:_abort</name>
         <load_address>0xf6a0</load_address>
         <run_address>0xf6a0</run_address>
         <size>0x20</size>
         <input_file_ref idref="fl-88"/>
      </object_component>
      <object_component id="oc-16d">
         <name>.text:_remove</name>
         <load_address>0xf6c0</load_address>
         <run_address>0xf6c0</run_address>
         <size>0x20</size>
         <input_file_ref idref="fl-c2"/>
      </object_component>
      <object_component id="oc-18f">
         <name>$Tramp$S$$_MpyFlottant64bits</name>
         <load_address>0xf6e0</load_address>
         <run_address>0xf6e0</run_address>
         <size>0x20</size>
         <input_file_ref idref="fl-2"/>
      </object_component>
      <object_component id="oc-18e">
         <name>$Tramp$S$$_MpyFractionnaireOp32bitsRes64bits_Q724_Q1516</name>
         <load_address>0xf700</load_address>
         <run_address>0xf700</run_address>
         <size>0x20</size>
         <input_file_ref idref="fl-2"/>
      </object_component>
      <object_component id="oc-18d">
         <name>$Tramp$S$$_MpyEntierSigneOp32bitsRes64bits</name>
         <load_address>0xf720</load_address>
         <run_address>0xf720</run_address>
         <size>0x20</size>
         <input_file_ref idref="fl-2"/>
      </object_component>
      <object_component id="oc-18c">
         <name>$Tramp$S$$_MpyEntierNonSigneOp32bitsRes64bits</name>
         <load_address>0xf740</load_address>
         <run_address>0xf740</run_address>
         <size>0x20</size>
         <input_file_ref idref="fl-2"/>
      </object_component>
      <object_component id="oc-4e">
         <name>.cinit</name>
         <load_address>0x12310</load_address>
         <run_address>0x12310</run_address>
         <size>0x140</size>
         <input_file_ref idref="fl-8f"/>
      </object_component>
      <object_component id="oc-7c">
         <name>.cinit</name>
         <load_address>0x12450</load_address>
         <run_address>0x12450</run_address>
         <size>0x5c</size>
         <input_file_ref idref="fl-9d"/>
      </object_component>
      <object_component id="oc-a6">
         <name>.cinit</name>
         <load_address>0x124b0</load_address>
         <run_address>0x124b0</run_address>
         <size>0x5c</size>
         <input_file_ref idref="fl-aa"/>
      </object_component>
      <object_component id="oc-37">
         <name>.cinit</name>
         <load_address>0x12510</load_address>
         <run_address>0x12510</run_address>
         <size>0x2c</size>
         <input_file_ref idref="fl-88"/>
      </object_component>
      <object_component id="oc-ee">
         <name>.cinit</name>
         <load_address>0x12540</load_address>
         <run_address>0x12540</run_address>
         <size>0x2c</size>
         <input_file_ref idref="fl-c0"/>
      </object_component>
      <object_component id="oc-5f">
         <name>.cinit</name>
         <load_address>0x12570</load_address>
         <run_address>0x12570</run_address>
         <size>0x1c</size>
         <input_file_ref idref="fl-94"/>
      </object_component>
      <object_component id="oc-83">
         <name>.cinit</name>
         <load_address>0x12590</load_address>
         <run_address>0x12590</run_address>
         <size>0xc</size>
         <input_file_ref idref="fl-9f"/>
      </object_component>
      <object_component id="oc-e6">
         <name>.cinit</name>
         <load_address>0x125a0</load_address>
         <run_address>0x125a0</run_address>
         <size>0xc</size>
         <input_file_ref idref="fl-be"/>
      </object_component>
      <object_component id="oc-30">
         <name>.stack</name>
         <uninitialized>true</uninitialized>
         <run_address>0xf760</run_address>
         <size>0x8</size>
         <input_file_ref idref="fl-86"/>
      </object_component>
      <object_component id="oc-18a">
         <name>.stack</name>
         <uninitialized>true</uninitialized>
         <run_address>0xf760</run_address>
         <size>0x0</size>
      </object_component>
      <object_component id="oc-f0">
         <name>.sysmem</name>
         <uninitialized>true</uninitialized>
         <run_address>0x10760</run_address>
         <size>0x8</size>
         <input_file_ref idref="fl-c0"/>
      </object_component>
      <object_component id="oc-18b">
         <name>.sysmem</name>
         <uninitialized>true</uninitialized>
         <run_address>0x10760</run_address>
         <size>0x0</size>
      </object_component>
      <object_component id="oc-1d">
         <name>.const:.string</name>
         <load_address>0x11760</load_address>
         <run_address>0x11760</run_address>
         <size>0x35c</size>
         <input_file_ref idref="fl-5"/>
      </object_component>
      <object_component id="oc-12a">
         <name>.const:.string:__ctypes_</name>
         <load_address>0x11abc</load_address>
         <run_address>0x11abc</run_address>
         <size>0x101</size>
         <input_file_ref idref="fl-9c"/>
      </object_component>
      <object_component id="oc-93">
         <name>.const:.string</name>
         <load_address>0x11bbd</load_address>
         <run_address>0x11bbd</run_address>
         <size>0x2</size>
         <input_file_ref idref="fl-a4"/>
      </object_component>
      <object_component id="oc-27">
         <name>.const:.string</name>
         <load_address>0x11bc0</load_address>
         <run_address>0x11bc0</run_address>
         <size>0x54</size>
         <input_file_ref idref="fl-7"/>
      </object_component>
      <object_component id="oc-22">
         <name>.const:.string</name>
         <load_address>0x11c14</load_address>
         <run_address>0x11c14</run_address>
         <size>0x4</size>
         <input_file_ref idref="fl-6"/>
      </object_component>
      <object_component id="oc-156">
         <name>.const:_digits</name>
         <load_address>0x11c18</load_address>
         <run_address>0x11c18</run_address>
         <size>0x50</size>
         <input_file_ref idref="fl-b1"/>
      </object_component>
      <object_component id="oc-159">
         <name>.const:_digits</name>
         <load_address>0x11c68</load_address>
         <run_address>0x11c68</run_address>
         <size>0x50</size>
         <input_file_ref idref="fl-b3"/>
      </object_component>
      <object_component id="oc-158">
         <name>.const:_powerof10</name>
         <load_address>0x11cb8</load_address>
         <run_address>0x11cb8</run_address>
         <size>0x48</size>
         <input_file_ref idref="fl-b1"/>
      </object_component>
      <object_component id="oc-15a">
         <name>.const:_powerof10</name>
         <load_address>0x11d00</load_address>
         <run_address>0x11d00</run_address>
         <size>0x48</size>
         <input_file_ref idref="fl-b3"/>
      </object_component>
      <object_component id="oc-64">
         <name>.const:.string</name>
         <load_address>0x11d48</load_address>
         <run_address>0x11d48</run_address>
         <size>0x23</size>
         <input_file_ref idref="fl-95"/>
      </object_component>
      <object_component id="oc-140">
         <name>.const:.string:_flit$1</name>
         <load_address>0x11d6c</load_address>
         <run_address>0x11d6c</run_address>
         <size>0x7</size>
         <input_file_ref idref="fl-96"/>
      </object_component>
      <object_component id="oc-141">
         <name>.const:.string:_barr$2</name>
         <load_address>0x11d74</load_address>
         <run_address>0x11d74</run_address>
         <size>0x6</size>
         <input_file_ref idref="fl-96"/>
      </object_component>
      <object_component id="oc-142">
         <name>.switch:__sset_arg</name>
         <load_address>0x126d4</load_address>
         <run_address>0x126d4</run_address>
         <size>0x28</size>
         <input_file_ref idref="fl-96"/>
      </object_component>
      <object_component id="oc-112">
         <name>.switch:_analyserListe</name>
         <load_address>0x126fc</load_address>
         <run_address>0x126fc</run_address>
         <size>0x14</size>
         <input_file_ref idref="fl-5"/>
      </object_component>
      <object_component id="oc-38">
         <name>.far</name>
         <uninitialized>true</uninitialized>
         <run_address>0x122e4</run_address>
         <size>0xc</size>
         <input_file_ref idref="fl-88"/>
      </object_component>
      <object_component id="oc-4f">
         <name>.far</name>
         <uninitialized>true</uninitialized>
         <run_address>0x120a8</run_address>
         <size>0x120</size>
         <input_file_ref idref="fl-8f"/>
      </object_component>
      <object_component id="oc-60">
         <name>.far</name>
         <uninitialized>true</uninitialized>
         <run_address>0x122f0</run_address>
         <size>0x8</size>
         <input_file_ref idref="fl-94"/>
      </object_component>
      <object_component id="oc-7d">
         <name>.far</name>
         <uninitialized>true</uninitialized>
         <run_address>0x11d80</run_address>
         <size>0x324</size>
         <input_file_ref idref="fl-9d"/>
      </object_component>
      <object_component id="oc-84">
         <name>.far</name>
         <uninitialized>true</uninitialized>
         <run_address>0x120a4</run_address>
         <size>0x4</size>
         <input_file_ref idref="fl-9f"/>
      </object_component>
      <object_component id="oc-a7">
         <name>.far</name>
         <uninitialized>true</uninitialized>
         <run_address>0x121c8</run_address>
         <size>0x11c</size>
         <input_file_ref idref="fl-aa"/>
      </object_component>
      <object_component id="oc-cf">
         <name>.far</name>
         <uninitialized>true</uninitialized>
         <run_address>0x12300</run_address>
         <size>0x8</size>
         <input_file_ref idref="fl-b7"/>
      </object_component>
      <object_component id="oc-e7">
         <name>.far</name>
         <uninitialized>true</uninitialized>
         <run_address>0x12308</run_address>
         <size>0x4</size>
         <input_file_ref idref="fl-be"/>
      </object_component>
      <object_component id="oc-ef">
         <name>.far</name>
         <uninitialized>true</uninitialized>
         <run_address>0x122f8</run_address>
         <size>0x8</size>
         <input_file_ref idref="fl-c0"/>
      </object_component>
      <object_component id="oc-d3">
         <name>.cio</name>
         <uninitialized>true</uninitialized>
         <run_address>0x125b4</run_address>
         <size>0x120</size>
         <input_file_ref idref="fl-b8"/>
      </object_component>
      <object_component id="oc-f">
         <name>.data</name>
         <load_address>0x0</load_address>
         <run_address>0x0</run_address>
         <size>0xe0</size>
         <input_file_ref idref="fl-2"/>
      </object_component>
      <object_component id="oc-18">
         <name>.data</name>
         <load_address>0xe0</load_address>
         <run_address>0xe0</run_address>
         <size>0x1c</size>
         <input_file_ref idref="fl-4"/>
      </object_component>
      <object_component id="oc-10">
         <name>.debug_info</name>
         <load_address>0x0</load_address>
         <run_address>0x0</run_address>
         <size>0x1f0</size>
         <input_file_ref idref="fl-2"/>
      </object_component>
      <object_component id="oc-14">
         <name>.debug_info</name>
         <load_address>0x1f0</load_address>
         <run_address>0x1f0</run_address>
         <size>0x136</size>
         <input_file_ref idref="fl-3"/>
      </object_component>
      <object_component id="oc-19">
         <name>.debug_info</name>
         <load_address>0x326</load_address>
         <run_address>0x326</run_address>
         <size>0x1b5</size>
         <input_file_ref idref="fl-4"/>
      </object_component>
      <object_component id="oc-1c">
         <name>.debug_info</name>
         <load_address>0x4db</load_address>
         <run_address>0x4db</run_address>
         <size>0x1752</size>
         <input_file_ref idref="fl-5"/>
      </object_component>
      <object_component id="oc-21">
         <name>.debug_info</name>
         <load_address>0x1c2d</load_address>
         <run_address>0x1c2d</run_address>
         <size>0x8bd</size>
         <input_file_ref idref="fl-6"/>
      </object_component>
      <object_component id="oc-26">
         <name>.debug_info</name>
         <load_address>0x24ea</load_address>
         <run_address>0x24ea</run_address>
         <size>0xb77</size>
         <input_file_ref idref="fl-7"/>
      </object_component>
      <object_component id="oc-2c">
         <name>.debug_info</name>
         <load_address>0x3061</load_address>
         <run_address>0x3061</run_address>
         <size>0x15c</size>
         <input_file_ref idref="fl-8"/>
      </object_component>
      <object_component id="oc-2f">
         <name>.debug_info</name>
         <load_address>0x31bd</load_address>
         <run_address>0x31bd</run_address>
         <size>0x701</size>
         <input_file_ref idref="fl-86"/>
      </object_component>
      <object_component id="oc-33">
         <name>.debug_info</name>
         <load_address>0x38be</load_address>
         <run_address>0x38be</run_address>
         <size>0x978</size>
         <input_file_ref idref="fl-87"/>
      </object_component>
      <object_component id="oc-36">
         <name>.debug_info</name>
         <load_address>0x4236</load_address>
         <run_address>0x4236</run_address>
         <size>0x7f2</size>
         <input_file_ref idref="fl-88"/>
      </object_component>
      <object_component id="oc-3b">
         <name>.debug_info</name>
         <load_address>0x4a28</load_address>
         <run_address>0x4a28</run_address>
         <size>0x6cd</size>
         <input_file_ref idref="fl-89"/>
      </object_component>
      <object_component id="oc-3e">
         <name>.debug_info</name>
         <load_address>0x50f5</load_address>
         <run_address>0x50f5</run_address>
         <size>0x69a</size>
         <input_file_ref idref="fl-8a"/>
      </object_component>
      <object_component id="oc-41">
         <name>.debug_info</name>
         <load_address>0x578f</load_address>
         <run_address>0x578f</run_address>
         <size>0xbe5</size>
         <input_file_ref idref="fl-8b"/>
      </object_component>
      <object_component id="oc-44">
         <name>.debug_info</name>
         <load_address>0x6374</load_address>
         <run_address>0x6374</run_address>
         <size>0x6f7</size>
         <input_file_ref idref="fl-8c"/>
      </object_component>
      <object_component id="oc-47">
         <name>.debug_info</name>
         <load_address>0x6a6b</load_address>
         <run_address>0x6a6b</run_address>
         <size>0x6ad</size>
         <input_file_ref idref="fl-8d"/>
      </object_component>
      <object_component id="oc-4a">
         <name>.debug_info</name>
         <load_address>0x7118</load_address>
         <run_address>0x7118</run_address>
         <size>0x60e</size>
         <input_file_ref idref="fl-8e"/>
      </object_component>
      <object_component id="oc-4d">
         <name>.debug_info</name>
         <load_address>0x7726</load_address>
         <run_address>0x7726</run_address>
         <size>0x8a9</size>
         <input_file_ref idref="fl-8f"/>
      </object_component>
      <object_component id="oc-52">
         <name>.debug_info</name>
         <load_address>0x7fcf</load_address>
         <run_address>0x7fcf</run_address>
         <size>0x8f8</size>
         <input_file_ref idref="fl-90"/>
      </object_component>
      <object_component id="oc-55">
         <name>.debug_info</name>
         <load_address>0x88c7</load_address>
         <run_address>0x88c7</run_address>
         <size>0x64f</size>
         <input_file_ref idref="fl-91"/>
      </object_component>
      <object_component id="oc-58">
         <name>.debug_info</name>
         <load_address>0x8f16</load_address>
         <run_address>0x8f16</run_address>
         <size>0x647</size>
         <input_file_ref idref="fl-92"/>
      </object_component>
      <object_component id="oc-5b">
         <name>.debug_info</name>
         <load_address>0x955d</load_address>
         <run_address>0x955d</run_address>
         <size>0x767</size>
         <input_file_ref idref="fl-93"/>
      </object_component>
      <object_component id="oc-5e">
         <name>.debug_info</name>
         <load_address>0x9cc4</load_address>
         <run_address>0x9cc4</run_address>
         <size>0x642</size>
         <input_file_ref idref="fl-94"/>
      </object_component>
      <object_component id="oc-63">
         <name>.debug_info</name>
         <load_address>0xa306</load_address>
         <run_address>0xa306</run_address>
         <size>0x2acb</size>
         <input_file_ref idref="fl-95"/>
      </object_component>
      <object_component id="oc-67">
         <name>.debug_info</name>
         <load_address>0xcdd1</load_address>
         <run_address>0xcdd1</run_address>
         <size>0x1e28</size>
         <input_file_ref idref="fl-96"/>
      </object_component>
      <object_component id="oc-6a">
         <name>.debug_info</name>
         <load_address>0xebf9</load_address>
         <run_address>0xebf9</run_address>
         <size>0x6d7</size>
         <input_file_ref idref="fl-97"/>
      </object_component>
      <object_component id="oc-6d">
         <name>.debug_info</name>
         <load_address>0xf2d0</load_address>
         <run_address>0xf2d0</run_address>
         <size>0x712</size>
         <input_file_ref idref="fl-98"/>
      </object_component>
      <object_component id="oc-70">
         <name>.debug_info</name>
         <load_address>0xf9e2</load_address>
         <run_address>0xf9e2</run_address>
         <size>0x864</size>
         <input_file_ref idref="fl-99"/>
      </object_component>
      <object_component id="oc-73">
         <name>.debug_info</name>
         <load_address>0x10246</load_address>
         <run_address>0x10246</run_address>
         <size>0x6dc</size>
         <input_file_ref idref="fl-9a"/>
      </object_component>
      <object_component id="oc-76">
         <name>.debug_info</name>
         <load_address>0x10922</load_address>
         <run_address>0x10922</run_address>
         <size>0x7d2</size>
         <input_file_ref idref="fl-9b"/>
      </object_component>
      <object_component id="oc-79">
         <name>.debug_info</name>
         <load_address>0x110f4</load_address>
         <run_address>0x110f4</run_address>
         <size>0x5f0</size>
         <input_file_ref idref="fl-9c"/>
      </object_component>
      <object_component id="oc-7b">
         <name>.debug_info</name>
         <load_address>0x116e4</load_address>
         <run_address>0x116e4</run_address>
         <size>0x6dd</size>
         <input_file_ref idref="fl-9d"/>
      </object_component>
      <object_component id="oc-7f">
         <name>.debug_info</name>
         <load_address>0x11dc1</load_address>
         <run_address>0x11dc1</run_address>
         <size>0xc6</size>
         <input_file_ref idref="fl-9e"/>
      </object_component>
      <object_component id="oc-82">
         <name>.debug_info</name>
         <load_address>0x11e87</load_address>
         <run_address>0x11e87</run_address>
         <size>0x5d8</size>
         <input_file_ref idref="fl-9f"/>
      </object_component>
      <object_component id="oc-86">
         <name>.debug_info</name>
         <load_address>0x1245f</load_address>
         <run_address>0x1245f</run_address>
         <size>0x7b8</size>
         <input_file_ref idref="fl-a0"/>
      </object_component>
      <object_component id="oc-89">
         <name>.debug_info</name>
         <load_address>0x12c17</load_address>
         <run_address>0x12c17</run_address>
         <size>0x687</size>
         <input_file_ref idref="fl-a1"/>
      </object_component>
      <object_component id="oc-8c">
         <name>.debug_info</name>
         <load_address>0x1329e</load_address>
         <run_address>0x1329e</run_address>
         <size>0x6a0</size>
         <input_file_ref idref="fl-a2"/>
      </object_component>
      <object_component id="oc-8f">
         <name>.debug_info</name>
         <load_address>0x1393e</load_address>
         <run_address>0x1393e</run_address>
         <size>0x820</size>
         <input_file_ref idref="fl-a3"/>
      </object_component>
      <object_component id="oc-92">
         <name>.debug_info</name>
         <load_address>0x1415e</load_address>
         <run_address>0x1415e</run_address>
         <size>0xb59</size>
         <input_file_ref idref="fl-a4"/>
      </object_component>
      <object_component id="oc-96">
         <name>.debug_info</name>
         <load_address>0x14cb7</load_address>
         <run_address>0x14cb7</run_address>
         <size>0x691</size>
         <input_file_ref idref="fl-a5"/>
      </object_component>
      <object_component id="oc-99">
         <name>.debug_info</name>
         <load_address>0x15348</load_address>
         <run_address>0x15348</run_address>
         <size>0x822</size>
         <input_file_ref idref="fl-a6"/>
      </object_component>
      <object_component id="oc-9c">
         <name>.debug_info</name>
         <load_address>0x15b6a</load_address>
         <run_address>0x15b6a</run_address>
         <size>0x82e</size>
         <input_file_ref idref="fl-a7"/>
      </object_component>
      <object_component id="oc-9f">
         <name>.debug_info</name>
         <load_address>0x16398</load_address>
         <run_address>0x16398</run_address>
         <size>0x80c</size>
         <input_file_ref idref="fl-a8"/>
      </object_component>
      <object_component id="oc-a2">
         <name>.debug_info</name>
         <load_address>0x16ba4</load_address>
         <run_address>0x16ba4</run_address>
         <size>0x68d</size>
         <input_file_ref idref="fl-a9"/>
      </object_component>
      <object_component id="oc-a5">
         <name>.debug_info</name>
         <load_address>0x17231</load_address>
         <run_address>0x17231</run_address>
         <size>0xfbf</size>
         <input_file_ref idref="fl-aa"/>
      </object_component>
      <object_component id="oc-aa">
         <name>.debug_info</name>
         <load_address>0x181f0</load_address>
         <run_address>0x181f0</run_address>
         <size>0x73b</size>
         <input_file_ref idref="fl-ab"/>
      </object_component>
      <object_component id="oc-ad">
         <name>.debug_info</name>
         <load_address>0x1892b</load_address>
         <run_address>0x1892b</run_address>
         <size>0x6df</size>
         <input_file_ref idref="fl-ac"/>
      </object_component>
      <object_component id="oc-b0">
         <name>.debug_info</name>
         <load_address>0x1900a</load_address>
         <run_address>0x1900a</run_address>
         <size>0x782</size>
         <input_file_ref idref="fl-ad"/>
      </object_component>
      <object_component id="oc-b3">
         <name>.debug_info</name>
         <load_address>0x1978c</load_address>
         <run_address>0x1978c</run_address>
         <size>0x723</size>
         <input_file_ref idref="fl-ae"/>
      </object_component>
      <object_component id="oc-b6">
         <name>.debug_info</name>
         <load_address>0x19eaf</load_address>
         <run_address>0x19eaf</run_address>
         <size>0x676</size>
         <input_file_ref idref="fl-af"/>
      </object_component>
      <object_component id="oc-b9">
         <name>.debug_info</name>
         <load_address>0x1a525</load_address>
         <run_address>0x1a525</run_address>
         <size>0x809</size>
         <input_file_ref idref="fl-b0"/>
      </object_component>
      <object_component id="oc-bc">
         <name>.debug_info</name>
         <load_address>0x1ad2e</load_address>
         <run_address>0x1ad2e</run_address>
         <size>0x9a7</size>
         <input_file_ref idref="fl-b1"/>
      </object_component>
      <object_component id="oc-bf">
         <name>.debug_info</name>
         <load_address>0x1b6d5</load_address>
         <run_address>0x1b6d5</run_address>
         <size>0x73a</size>
         <input_file_ref idref="fl-b2"/>
      </object_component>
      <object_component id="oc-c2">
         <name>.debug_info</name>
         <load_address>0x1be0f</load_address>
         <run_address>0x1be0f</run_address>
         <size>0x9b8</size>
         <input_file_ref idref="fl-b3"/>
      </object_component>
      <object_component id="oc-c5">
         <name>.debug_info</name>
         <load_address>0x1c7c7</load_address>
         <run_address>0x1c7c7</run_address>
         <size>0x766</size>
         <input_file_ref idref="fl-b4"/>
      </object_component>
      <object_component id="oc-c8">
         <name>.debug_info</name>
         <load_address>0x1cf2d</load_address>
         <run_address>0x1cf2d</run_address>
         <size>0x71f</size>
         <input_file_ref idref="fl-b5"/>
      </object_component>
      <object_component id="oc-cb">
         <name>.debug_info</name>
         <load_address>0x1d64c</load_address>
         <run_address>0x1d64c</run_address>
         <size>0x751</size>
         <input_file_ref idref="fl-b6"/>
      </object_component>
      <object_component id="oc-ce">
         <name>.debug_info</name>
         <load_address>0x1dd9d</load_address>
         <run_address>0x1dd9d</run_address>
         <size>0xeaa</size>
         <input_file_ref idref="fl-b7"/>
      </object_component>
      <object_component id="oc-d2">
         <name>.debug_info</name>
         <load_address>0x1ec47</load_address>
         <run_address>0x1ec47</run_address>
         <size>0x8bb</size>
         <input_file_ref idref="fl-b8"/>
      </object_component>
      <object_component id="oc-d6">
         <name>.debug_info</name>
         <load_address>0x1f502</load_address>
         <run_address>0x1f502</run_address>
         <size>0x7f3</size>
         <input_file_ref idref="fl-b9"/>
      </object_component>
      <object_component id="oc-d9">
         <name>.debug_info</name>
         <load_address>0x1fcf5</load_address>
         <run_address>0x1fcf5</run_address>
         <size>0x7c3</size>
         <input_file_ref idref="fl-ba"/>
      </object_component>
      <object_component id="oc-dc">
         <name>.debug_info</name>
         <load_address>0x204b8</load_address>
         <run_address>0x204b8</run_address>
         <size>0x5c2</size>
         <input_file_ref idref="fl-bb"/>
      </object_component>
      <object_component id="oc-df">
         <name>.debug_info</name>
         <load_address>0x20a7a</load_address>
         <run_address>0x20a7a</run_address>
         <size>0xc6</size>
         <input_file_ref idref="fl-bc"/>
      </object_component>
      <object_component id="oc-e2">
         <name>.debug_info</name>
         <load_address>0x20b40</load_address>
         <run_address>0x20b40</run_address>
         <size>0x777</size>
         <input_file_ref idref="fl-bd"/>
      </object_component>
      <object_component id="oc-e5">
         <name>.debug_info</name>
         <load_address>0x212b7</load_address>
         <run_address>0x212b7</run_address>
         <size>0x878</size>
         <input_file_ref idref="fl-be"/>
      </object_component>
      <object_component id="oc-ea">
         <name>.debug_info</name>
         <load_address>0x21b2f</load_address>
         <run_address>0x21b2f</run_address>
         <size>0x7af</size>
         <input_file_ref idref="fl-bf"/>
      </object_component>
      <object_component id="oc-ed">
         <name>.debug_info</name>
         <load_address>0x222de</load_address>
         <run_address>0x222de</run_address>
         <size>0xb31</size>
         <input_file_ref idref="fl-c0"/>
      </object_component>
      <object_component id="oc-f3">
         <name>.debug_info</name>
         <load_address>0x22e0f</load_address>
         <run_address>0x22e0f</run_address>
         <size>0x7fc</size>
         <input_file_ref idref="fl-c1"/>
      </object_component>
      <object_component id="oc-f6">
         <name>.debug_info</name>
         <load_address>0x2360b</load_address>
         <run_address>0x2360b</run_address>
         <size>0x65a</size>
         <input_file_ref idref="fl-c2"/>
      </object_component>
      <object_component id="oc-191">
         <name>.debug_info</name>
         <load_address>0x23c65</load_address>
         <run_address>0x23c65</run_address>
         <size>0x1fb</size>
      </object_component>
      <object_component id="oc-11">
         <name>.debug_line</name>
         <load_address>0x0</load_address>
         <run_address>0x0</run_address>
         <size>0x8e</size>
         <input_file_ref idref="fl-2"/>
      </object_component>
      <object_component id="oc-15">
         <name>.debug_line</name>
         <load_address>0x8e</load_address>
         <run_address>0x8e</run_address>
         <size>0x91</size>
         <input_file_ref idref="fl-3"/>
      </object_component>
      <object_component id="oc-1a">
         <name>.debug_line</name>
         <load_address>0x11f</load_address>
         <run_address>0x11f</run_address>
         <size>0x97</size>
         <input_file_ref idref="fl-4"/>
      </object_component>
      <object_component id="oc-1f">
         <name>.debug_line</name>
         <load_address>0x1b6</load_address>
         <run_address>0x1b6</run_address>
         <size>0x2fb</size>
         <input_file_ref idref="fl-5"/>
      </object_component>
      <object_component id="oc-24">
         <name>.debug_line</name>
         <load_address>0x4b1</load_address>
         <run_address>0x4b1</run_address>
         <size>0x46</size>
         <input_file_ref idref="fl-6"/>
      </object_component>
      <object_component id="oc-29">
         <name>.debug_line</name>
         <load_address>0x4f7</load_address>
         <run_address>0x4f7</run_address>
         <size>0xd6</size>
         <input_file_ref idref="fl-7"/>
      </object_component>
      <object_component id="oc-2d">
         <name>.debug_line</name>
         <load_address>0x5cd</load_address>
         <run_address>0x5cd</run_address>
         <size>0x6c</size>
         <input_file_ref idref="fl-8"/>
      </object_component>
      <object_component id="oc-31">
         <name>.debug_line</name>
         <load_address>0x639</load_address>
         <run_address>0x639</run_address>
         <size>0x3d</size>
         <input_file_ref idref="fl-86"/>
      </object_component>
      <object_component id="oc-34">
         <name>.debug_line</name>
         <load_address>0x676</load_address>
         <run_address>0x676</run_address>
         <size>0x3c</size>
         <input_file_ref idref="fl-87"/>
      </object_component>
      <object_component id="oc-39">
         <name>.debug_line</name>
         <load_address>0x6b2</load_address>
         <run_address>0x6b2</run_address>
         <size>0x4f</size>
         <input_file_ref idref="fl-88"/>
      </object_component>
      <object_component id="oc-3c">
         <name>.debug_line</name>
         <load_address>0x701</load_address>
         <run_address>0x701</run_address>
         <size>0x3d</size>
         <input_file_ref idref="fl-89"/>
      </object_component>
      <object_component id="oc-3f">
         <name>.debug_line</name>
         <load_address>0x73e</load_address>
         <run_address>0x73e</run_address>
         <size>0x3e</size>
         <input_file_ref idref="fl-8a"/>
      </object_component>
      <object_component id="oc-42">
         <name>.debug_line</name>
         <load_address>0x77c</load_address>
         <run_address>0x77c</run_address>
         <size>0x8c</size>
         <input_file_ref idref="fl-8b"/>
      </object_component>
      <object_component id="oc-45">
         <name>.debug_line</name>
         <load_address>0x808</load_address>
         <run_address>0x808</run_address>
         <size>0x56</size>
         <input_file_ref idref="fl-8c"/>
      </object_component>
      <object_component id="oc-48">
         <name>.debug_line</name>
         <load_address>0x85e</load_address>
         <run_address>0x85e</run_address>
         <size>0x3d</size>
         <input_file_ref idref="fl-8d"/>
      </object_component>
      <object_component id="oc-4b">
         <name>.debug_line</name>
         <load_address>0x89b</load_address>
         <run_address>0x89b</run_address>
         <size>0x37</size>
         <input_file_ref idref="fl-8e"/>
      </object_component>
      <object_component id="oc-50">
         <name>.debug_line</name>
         <load_address>0x8d2</load_address>
         <run_address>0x8d2</run_address>
         <size>0x5c</size>
         <input_file_ref idref="fl-8f"/>
      </object_component>
      <object_component id="oc-53">
         <name>.debug_line</name>
         <load_address>0x92e</load_address>
         <run_address>0x92e</run_address>
         <size>0x6a</size>
         <input_file_ref idref="fl-90"/>
      </object_component>
      <object_component id="oc-56">
         <name>.debug_line</name>
         <load_address>0x998</load_address>
         <run_address>0x998</run_address>
         <size>0x38</size>
         <input_file_ref idref="fl-91"/>
      </object_component>
      <object_component id="oc-59">
         <name>.debug_line</name>
         <load_address>0x9d0</load_address>
         <run_address>0x9d0</run_address>
         <size>0x38</size>
         <input_file_ref idref="fl-92"/>
      </object_component>
      <object_component id="oc-5c">
[...]
         <value>0xffffffff</value>
      </symbol>
      <symbol id="sm-18">
         <name>___TI_prof_data_size</name>
         <value>0xffffffff</value>
      </symbol>
      <symbol id="sm-19">
         <name>$bss</name>
         <value>0x220</value>
      </symbol>
      <symbol id="sm-43">
         <name>_MpyFlottant64bits</name>
         <value>0xd0</value>
         <object_component_ref idref="oc-f"/>
      </symbol>
      <symbol id="sm-44">
         <name>_MpyEntierNonSigneOp32bitsRes64bits</name>
         <value>0x0</value>
         <object_component_ref idref="oc-f"/>
      </symbol>
      <symbol id="sm-45">
         <name>_MpyEntierSigneOp32bitsRes64bits</name>
         <value>0x88</value>
         <object_component_ref idref="oc-f"/>
      </symbol>
      <symbol id="sm-46">
         <name>_MpyFractionnaireOp32bitsRes64bits_Q724_Q1516</name>
         <value>0xa8</value>
         <object_component_ref idref="oc-f"/>
      </symbol>
      <symbol id="sm-56">
         <name>_DivFlottant32bits</name>
         <value>0xd440</value>
         <object_component_ref idref="oc-13"/>
      </symbol>
      <symbol id="sm-57">
         <name>_DivIncrementation</name>
         <value>0xd360</value>
         <object_component_ref idref="oc-13"/>
      </symbol>
      <symbol id="sm-58">
         <name>_DivSubc</name>
         <value>0xd3d4</value>
         <object_component_ref idref="oc-13"/>
      </symbol>
      <symbol id="sm-6a">
         <name>_AddEntierSigne32bits</name>
         <value>0xe874</value>
         <object_component_ref idref="oc-17"/>
      </symbol>
      <symbol id="sm-6b">
         <name>_AddFractionnaire32bits_Q724_Q1516</name>
         <value>0xe88c</value>
         <object_component_ref idref="oc-17"/>
      </symbol>
      <symbol id="sm-6c">
         <name>_AddEntierNonSigne32bits</name>
         <value>0xe840</value>
         <object_component_ref idref="oc-17"/>
      </symbol>
      <symbol id="sm-6d">
         <name>_EncrypterDonnees</name>
         <value>0xe8a8</value>
         <object_component_ref idref="oc-17"/>
      </symbol>
      <symbol id="sm-125">
         <name>_obtenirOperation</name>
         <value>0x5b8</value>
         <object_component_ref idref="oc-10b"/>
      </symbol>
      <symbol id="sm-126">
         <name>_obtenirFormat</name>
         <value>0x3ec</value>
         <object_component_ref idref="oc-10b"/>
      </symbol>
      <symbol id="sm-127">
         <name>_analyserListe</name>
         <value>0x80c</value>
         <object_component_ref idref="oc-10b"/>
      </symbol>
      <symbol id="sm-128">
         <name>_convertirListe</name>
         <value>0x7d8</value>
         <object_component_ref idref="oc-10b"/>
      </symbol>
      <symbol id="sm-129">
         <name>_obtenirType</name>
         <value>0x220</value>
         <object_component_ref idref="oc-10b"/>
      </symbol>
      <symbol id="sm-13e">
         <name>_main</name>
         <value>0xf060</value>
         <object_component_ref idref="oc-107"/>
      </symbol>
      <symbol id="sm-167">
         <name>_choisirOperandesFloat</name>
         <value>0x8c0c</value>
         <object_component_ref idref="oc-10e"/>
      </symbol>
      <symbol id="sm-168">
         <name>_choisirOperandesIntNoS</name>
         <value>0x8b20</value>
         <object_component_ref idref="oc-10e"/>
      </symbol>
      <symbol id="sm-169">
         <name>_ChoisirDonnees</name>
         <value>0x8e08</value>
         <object_component_ref idref="oc-10e"/>
      </symbol>
      <symbol id="sm-16a">
         <name>_choisirOperandesIntS</name>
         <value>0x8b98</value>
         <object_component_ref idref="oc-10e"/>
      </symbol>
      <symbol id="sm-16b">
         <name>_choisirOperandesDouble</name>
         <value>0x8c80</value>
         <object_component_ref idref="oc-10e"/>
      </symbol>
      <symbol id="sm-16c">
         <name>_choisirOperandes_Q724_Q1516</name>
         <value>0x8cf8</value>
         <object_component_ref idref="oc-10e"/>
      </symbol>
      <symbol id="sm-174">
         <name>_SubFlottant64bits</name>
         <value>0xf3d4</value>
         <object_component_ref idref="oc-2b"/>
      </symbol>
      <symbol id="sm-175">
         <name>_SubEntierNonSigne32bits</name>
         <value>0xf380</value>
         <object_component_ref idref="oc-2b"/>
      </symbol>
      <symbol id="sm-176">
         <name>_SubEntierSigne32bits</name>
         <value>0xf3a4</value>
         <object_component_ref idref="oc-2b"/>
      </symbol>
      <symbol id="sm-182">
         <name>_c_int00</name>
         <value>0xf280</value>
         <object_component_ref idref="oc-e"/>
      </symbol>
      <symbol id="sm-183">
         <name>__stack</name>
         <value>0xf760</value>
         <object_component_ref idref="oc-30"/>
      </symbol>
      <symbol id="sm-18d">
         <name>__divd</name>
         <value>0x2c20</value>
         <object_component_ref idref="oc-110"/>
      </symbol>
      <symbol id="sm-19d">
         <name>C$$EXIT</name>
         <value>0xf6a0</value>
         <object_component_ref idref="oc-108"/>
      </symbol>
      <symbol id="sm-19e">
         <name>_exit</name>
         <value>0xe4c0</value>
         <object_component_ref idref="oc-fb"/>
      </symbol>
      <symbol id="sm-19f">
         <name>___TI_enable_exit_profile_output</name>
         <value>0x122ec</value>
         <object_component_ref idref="oc-38"/>
      </symbol>
      <symbol id="sm-1a0">
         <name>_abort</name>
         <value>0xf6a0</value>
         <object_component_ref idref="oc-108"/>
      </symbol>
      <symbol id="sm-1a1">
         <name>__cleanup_ptr</name>
         <value>0x122e4</value>
         <object_component_ref idref="oc-38"/>
      </symbol>
      <symbol id="sm-1a2">
         <name>__dtors_ptr</name>
         <value>0x122e8</value>
         <object_component_ref idref="oc-38"/>
      </symbol>
      <symbol id="sm-1ac">
         <name>__fltllid</name>
         <value>0xc680</value>
         <object_component_ref idref="oc-111"/>
      </symbol>
      <symbol id="sm-1b6">
         <name>__frcmpyd_div</name>
         <value>0xc7c0</value>
         <object_component_ref idref="oc-120"/>
      </symbol>
      <symbol id="sm-1c6">
         <name>_scanf</name>
         <value>0xdd80</value>
         <object_component_ref idref="oc-10d"/>
      </symbol>
      <symbol id="sm-1d2">
         <name>__llshl</name>
         <value>0xf200</value>
         <object_component_ref idref="oc-122"/>
      </symbol>
      <symbol id="sm-1d3">
         <name>__llshru</name>
         <value>0xf460</value>
         <object_component_ref idref="oc-11f"/>
      </symbol>
      <symbol id="sm-1dd">
         <name>__mpyll</name>
         <value>0xec00</value>
         <object_component_ref idref="oc-133"/>
      </symbol>
      <symbol id="sm-1e7">
         <name>__negll</name>
         <value>0xf600</value>
         <object_component_ref idref="oc-121"/>
      </symbol>
      <symbol id="sm-1f5">
         <name>_pow</name>
         <value>0x1b60</value>
         <object_component_ref idref="oc-10f"/>
      </symbol>
      <symbol id="sm-203">
         <name>_printf</name>
         <value>0xdb80</value>
         <object_component_ref idref="oc-10c"/>
      </symbol>
      <symbol id="sm-20d">
         <name>__nround</name>
         <value>0xe300</value>
         <object_component_ref idref="oc-11c"/>
      </symbol>
      <symbol id="sm-217">
         <name>__trunc</name>
         <value>0xf5a0</value>
         <object_component_ref idref="oc-11d"/>
      </symbol>
      <symbol id="sm-221">
         <name>_ungetc</name>
         <value>0xc3e0</value>
         <object_component_ref idref="oc-129"/>
      </symbol>
      <symbol id="sm-22f">
         <name>__unlock</name>
         <value>0x122f4</value>
         <object_component_ref idref="oc-60"/>
      </symbol>
      <symbol id="sm-230">
         <name>__lock</name>
         <value>0x122f0</value>
         <object_component_ref idref="oc-60"/>
      </symbol>
      <symbol id="sm-231">
         <name>__nop</name>
         <value>0xf620</value>
         <object_component_ref idref="oc-fc"/>
      </symbol>
      <symbol id="sm-261">
         <name>__printfi</name>
         <value>0x5d00</value>
         <object_component_ref idref="oc-115"/>
      </symbol>
      <symbol id="sm-27f">
         <name>__scanfi</name>
         <value>0xfa0</value>
         <object_component_ref idref="oc-119"/>
      </symbol>
      <symbol id="sm-289">
         <name>__args_main</name>
         <value>0xf560</value>
         <object_component_ref idref="oc-fa"/>
      </symbol>
      <symbol id="sm-28a">
         <name>__TI_args_main</name>
         <value>0x1</value>
      </symbol>
      <symbol id="sm-294">
         <name>_atoi</name>
         <value>0xc900</value>
         <object_component_ref idref="oc-137"/>
      </symbol>
      <symbol id="sm-29e">
         <name>__auto_init</name>
         <value>0xd680</value>
         <object_component_ref idref="oc-f9"/>
      </symbol>
      <symbol id="sm-2a8">
         <name>___TI_cpp_init</name>
         <value>0xf100</value>
         <object_component_ref idref="oc-106"/>
      </symbol>
      <symbol id="sm-2b2">
         <name>_copy_in</name>
         <value>0xe9e0</value>
         <object_component_ref idref="oc-104"/>
      </symbol>
      <symbol id="sm-2ba">
         <name>__ctypes_</name>
         <value>0x11abc</value>
         <object_component_ref idref="oc-12a"/>
      </symbol>
      <symbol id="sm-2c4">
         <name>__tmpnams</name>
         <value>0x11f60</value>
         <object_component_ref idref="oc-7d"/>
      </symbol>
      <symbol id="sm-2c5">
         <name>__ft_end</name>
         <value>0x120a0</value>
         <object_component_ref idref="oc-7d"/>
      </symbol>
      <symbol id="sm-2c6">
         <name>__ftable</name>
         <value>0x11d80</value>
         <object_component_ref idref="oc-7d"/>
      </symbol>
      <symbol id="sm-2ce">
         <name>__c6xabi_divu</name>
         <value>0xe920</value>
         <object_component_ref idref="oc-16b"/>
      </symbol>
      <symbol id="sm-2cf">
         <name>__divu</name>
         <value>0xe920</value>
         <object_component_ref idref="oc-16b"/>
      </symbol>
      <symbol id="sm-2d9">
         <name>_errno</name>
         <value>0x120a4</value>
         <object_component_ref idref="oc-84"/>
      </symbol>
      <symbol id="sm-2e3">
         <name>_getc</name>
         <value>0xbce0</value>
         <object_component_ref idref="oc-12b"/>
      </symbol>
      <symbol id="sm-2e4">
         <name>_fgetc</name>
         <value>0xbce0</value>
         <object_component_ref idref="oc-12b"/>
      </symbol>
      <symbol id="sm-2ee">
         <name>__fixdli</name>
         <value>0xeb60</value>
         <object_component_ref idref="oc-168"/>
      </symbol>
      <symbol id="sm-2f8">
         <name>__fltlid</name>
         <value>0xf180</value>
         <object_component_ref idref="oc-16a"/>
      </symbol>
      <symbol id="sm-302">
         <name>_putc</name>
         <value>0xa080</value>
         <object_component_ref idref="oc-124"/>
      </symbol>
      <symbol id="sm-303">
         <name>_fputc</name>
         <value>0xa080</value>
         <object_component_ref idref="oc-124"/>
      </symbol>
      <symbol id="sm-30f">
         <name>_fputs</name>
         <value>0x6780</value>
         <object_component_ref idref="oc-123"/>
      </symbol>
      <symbol id="sm-319">
         <name>_frexp</name>
         <value>0xd120</value>
         <object_component_ref idref="oc-11a"/>
      </symbol>
      <symbol id="sm-329">
         <name>__divul</name>
         <value>0xa320</value>
         <object_component_ref idref="oc-154"/>
      </symbol>
      <symbol id="sm-32a">
         <name>__remli</name>
         <value>0xeca0</value>
         <object_component_ref idref="oc-16e"/>
      </symbol>
      <symbol id="sm-32b">
         <name>__remul</name>
         <value>0xed40</value>
         <object_component_ref idref="oc-15b"/>
      </symbol>
      <symbol id="sm-32c">
         <name>__divli</name>
         <value>0xd880</value>
         <object_component_ref idref="oc-16f"/>
      </symbol>
      <symbol id="sm-33a">
         <name>__subcull</name>
         <value>0xf4c0</value>
         <object_component_ref idref="oc-167"/>
      </symbol>
      <symbol id="sm-33b">
         <name>__divull</name>
         <value>0x80a0</value>
         <object_component_ref idref="oc-155"/>
      </symbol>
      <symbol id="sm-33c">
         <name>__remull</name>
         <value>0xede0</value>
         <object_component_ref idref="oc-15c"/>
      </symbol>
      <symbol id="sm-346">
         <name>___isinf</name>
         <value>0xf400</value>
         <object_component_ref idref="oc-14b"/>
      </symbol>
      <symbol id="sm-350">
         <name>_ldexp</name>
         <value>0xbb40</value>
         <object_component_ref idref="oc-11b"/>
      </symbol>
      <symbol id="sm-36a">
         <name>_read</name>
         <value>0xdc80</value>
         <object_component_ref idref="oc-13e"/>
      </symbol>
      <symbol id="sm-36b">
         <name>_unlink</name>
         <value>0xef20</value>
         <object_component_ref idref="oc-170"/>
      </symbol>
      <symbol id="sm-36c">
         <name>_lseek</name>
         <value>0xda80</value>
         <object_component_ref idref="oc-15d"/>
      </symbol>
      <symbol id="sm-36d">
         <name>_close</name>
         <value>0xd000</value>
         <object_component_ref idref="oc-16c"/>
      </symbol>
      <symbol id="sm-36e">
         <name>_write</name>
         <value>0xde80</value>
         <object_component_ref idref="oc-136"/>
      </symbol>
      <symbol id="sm-378">
         <name>_ltoa</name>
         <value>0xca40</value>
         <object_component_ref idref="oc-169"/>
      </symbol>
      <symbol id="sm-382">
         <name>_memccpy</name>
         <value>0xf300</value>
         <object_component_ref idref="oc-13a"/>
      </symbol>
      <symbol id="sm-38c">
         <name>_memcpy</name>
         <value>0xaa00</value>
         <object_component_ref idref="oc-105"/>
      </symbol>
      <symbol id="sm-396">
         <name>_memset</name>
         <value>0xd240</value>
         <object_component_ref idref="oc-12c"/>
      </symbol>
      <symbol id="sm-3a0">
         <name>_modf</name>
         <value>0xe680</value>
         <object_component_ref idref="oc-11e"/>
      </symbol>
      <symbol id="sm-3aa">
         <name>_setvbuf</name>
         <value>0x9b20</value>
         <object_component_ref idref="oc-13b"/>
      </symbol>
      <symbol id="sm-3b8">
         <name>_strtod</name>
         <value>0x4040</value>
         <object_component_ref idref="oc-145"/>
      </symbol>
      <symbol id="sm-3c2">
         <name>_strtol</name>
         <value>0x5780</value>
         <object_component_ref idref="oc-147"/>
      </symbol>
      <symbol id="sm-3d0">
         <name>_strtold</name>
         <value>0x4620</value>
         <object_component_ref idref="oc-146"/>
      </symbol>
      <symbol id="sm-3da">
         <name>_strtoll</name>
         <value>0x4c00</value>
         <object_component_ref idref="oc-148"/>
      </symbol>
      <symbol id="sm-3e4">
         <name>_strtoul</name>
         <value>0x6260</value>
         <object_component_ref idref="oc-143"/>
      </symbol>
      <symbol id="sm-3ee">
         <name>_strtoull</name>
         <value>0x6c40</value>
         <object_component_ref idref="oc-144"/>
      </symbol>
      <symbol id="sm-406">
         <name>_HOSTopen</name>
         <value>0xcb80</value>
         <object_component_ref idref="oc-fd"/>
      </symbol>
      <symbol id="sm-407">
         <name>_HOSTread</name>
         <value>0xc540</value>
         <object_component_ref idref="oc-ff"/>
      </symbol>
      <symbol id="sm-408">
         <name>_HOSTrename</name>
         <value>0xac40</value>
         <object_component_ref idref="oc-103"/>
      </symbol>
      <symbol id="sm-409">
         <name>_HOSTwrite</name>
         <value>0xcca0</value>
         <object_component_ref idref="oc-100"/>
      </symbol>
      <symbol id="sm-40a">
         <name>_HOSTlseek</name>
         <value>0xbe60</value>
         <object_component_ref idref="oc-101"/>
      </symbol>
      <symbol id="sm-40b">
         <name>_HOSTunlink</name>
         <value>0xd580</value>
         <object_component_ref idref="oc-102"/>
      </symbol>
      <symbol id="sm-40c">
         <name>_HOSTclose</name>
         <value>0xd480</value>
         <object_component_ref idref="oc-fe"/>
      </symbol>
      <symbol id="sm-41a">
         <name>C$$IO$$</name>
         <value>0xf038</value>
         <object_component_ref idref="oc-109"/>
      </symbol>
      <symbol id="sm-41b">
         <name>__CIOBUF_</name>
         <value>0x125b4</value>
         <object_component_ref idref="oc-d3"/>
      </symbol>
      <symbol id="sm-41c">
         <name>_readmsg</name>
         <value>0xee80</value>
         <object_component_ref idref="oc-10a"/>
      </symbol>
      <symbol id="sm-41d">
         <name>_writemsg</name>
         <value>0xefc0</value>
         <object_component_ref idref="oc-109"/>
      </symbol>
      <symbol id="sm-427">
         <name>__buff_read</name>
         <value>0xbfc0</value>
         <object_component_ref idref="oc-13d"/>
      </symbol>
      <symbol id="sm-433">
         <name>__rd_ok</name>
         <value>0xe3e0</value>
         <object_component_ref idref="oc-13c"/>
      </symbol>
      <symbol id="sm-434">
         <name>__wrt_ok</name>
         <value>0xcee0</value>
         <object_component_ref idref="oc-134"/>
      </symbol>
      <symbol id="sm-443">
         <name>__c6xabi_divi</name>
         <value>0xcdc0</value>
         <object_component_ref idref="oc-157"/>
      </symbol>
      <symbol id="sm-444">
         <name>__divi</name>
         <value>0xcdc0</value>
         <object_component_ref idref="oc-157"/>
      </symbol>
      <symbol id="sm-44e">
         <name>__doflush</name>
         <value>0xe060</value>
         <object_component_ref idref="oc-135"/>
      </symbol>
      <symbol id="sm-45c">
         <name>__cleanup</name>
         <value>0xdf80</value>
         <object_component_ref idref="oc-153"/>
      </symbol>
      <symbol id="sm-466">
         <name>_fseek</name>
         <value>0xb640</value>
         <object_component_ref idref="oc-149"/>
      </symbol>
      <symbol id="sm-47c">
         <name>__sys_memory</name>
         <value>0x10760</value>
         <object_component_ref idref="oc-f0"/>
      </symbol>
      <symbol id="sm-47d">
         <name>_free</name>
         <value>0x87a0</value>
         <object_component_ref idref="oc-151"/>
      </symbol>
      <symbol id="sm-47e">
         <name>_malloc</name>
         <value>0xa7c0</value>
         <object_component_ref idref="oc-152"/>
      </symbol>
      <symbol id="sm-488">
         <name>__closefile</name>
         <value>0xc120</value>
         <object_component_ref idref="oc-166"/>
      </symbol>
      <symbol id="sm-492">
         <name>_remove</name>
         <value>0xf6c0</value>
         <object_component_ref idref="oc-16d"/>
      </symbol>
   </symbol_table>
</link_info>
