<?xml version="1.0"?>
<link_info>
   <banner>TMS320C6x Linker PC v7.4.20</banner>
   <copyright>Copyright (c) 1996-2015 Texas Instruments Incorporated</copyright>
   <link_time>0x59b5435b</link_time>
   <output_file>APP2.out</output_file>
   <entry_point>
      <name>_c_int00</name>
      <address>0xd6a0</address>
   </entry_point>
   <input_file_list>
      <input_file id="fl-2">
         <path>.\</path>
         <kind>object</kind>
         <file>liste.obj</file>
         <name>liste.obj</name>
      </input_file>
      <input_file id="fl-3">
         <path>.\</path>
         <kind>object</kind>
         <file>main.obj</file>
         <name>main.obj</name>
      </input_file>
      <input_file id="fl-4">
         <path>.\</path>
         <kind>object</kind>
         <file>test.obj</file>
         <name>test.obj</name>
      </input_file>
      <input_file id="fl-82">
         <path>C:\ti\02 - Push compiler 7.x\c6000_7.4.20\lib\</path>
         <kind>archive</kind>
         <file>rts6700.lib</file>
         <name>boot.obj</name>
      </input_file>
      <input_file id="fl-83">
         <path>C:\ti\02 - Push compiler 7.x\c6000_7.4.20\lib\</path>
         <kind>archive</kind>
         <file>rts6700.lib</file>
         <name>exit.obj</name>
      </input_file>
      <input_file id="fl-84">
         <path>C:\ti\02 - Push compiler 7.x\c6000_7.4.20\lib\</path>
         <kind>archive</kind>
         <file>rts6700.lib</file>
         <name>fscanf.obj</name>
      </input_file>
      <input_file id="fl-85">
         <path>C:\ti\02 - Push compiler 7.x\c6000_7.4.20\lib\</path>
         <kind>archive</kind>
         <file>rts6700.lib</file>
         <name>printf.obj</name>
      </input_file>
      <input_file id="fl-86">
         <path>C:\ti\02 - Push compiler 7.x\c6000_7.4.20\lib\</path>
         <kind>archive</kind>
         <file>rts6700.lib</file>
         <name>ungetc.obj</name>
      </input_file>
      <input_file id="fl-87">
         <path>C:\ti\02 - Push compiler 7.x\c6000_7.4.20\lib\</path>
         <kind>archive</kind>
         <file>rts6700.lib</file>
         <name>_lock.obj</name>
      </input_file>
      <input_file id="fl-88">
         <path>C:\ti\02 - Push compiler 7.x\c6000_7.4.20\lib\</path>
         <kind>archive</kind>
         <file>rts6700.lib</file>
         <name>_printfi.obj</name>
      </input_file>
      <input_file id="fl-89">
         <path>C:\ti\02 - Push compiler 7.x\c6000_7.4.20\lib\</path>
         <kind>archive</kind>
         <file>rts6700.lib</file>
         <name>_scanfi.obj</name>
      </input_file>
      <input_file id="fl-8a">
         <path>C:\ti\02 - Push compiler 7.x\c6000_7.4.20\lib\</path>
         <kind>archive</kind>
         <file>rts6700.lib</file>
         <name>args_main.obj</name>
      </input_file>
      <input_file id="fl-8b">
         <path>C:\ti\02 - Push compiler 7.x\c6000_7.4.20\lib\</path>
         <kind>archive</kind>
         <file>rts6700.lib</file>
         <name>atoi.obj</name>
      </input_file>
      <input_file id="fl-8c">
         <path>C:\ti\02 - Push compiler 7.x\c6000_7.4.20\lib\</path>
         <kind>archive</kind>
         <file>rts6700.lib</file>
         <name>autoinit.obj</name>
      </input_file>
      <input_file id="fl-8d">
         <path>C:\ti\02 - Push compiler 7.x\c6000_7.4.20\lib\</path>
         <kind>archive</kind>
         <file>rts6700.lib</file>
         <name>cpp_init.obj</name>
      </input_file>
      <input_file id="fl-8e">
         <path>C:\ti\02 - Push compiler 7.x\c6000_7.4.20\lib\</path>
         <kind>archive</kind>
         <file>rts6700.lib</file>
         <name>cpy_tbl.obj</name>
      </input_file>
      <input_file id="fl-8f">
         <path>C:\ti\02 - Push compiler 7.x\c6000_7.4.20\lib\</path>
         <kind>archive</kind>
         <file>rts6700.lib</file>
         <name>ctype.obj</name>
      </input_file>
      <input_file id="fl-90">
         <path>C:\ti\02 - Push compiler 7.x\c6000_7.4.20\lib\</path>
         <kind>archive</kind>
         <file>rts6700.lib</file>
         <name>defs.obj</name>
      </input_file>
      <input_file id="fl-91">
         <path>C:\ti\02 - Push compiler 7.x\c6000_7.4.20\lib\</path>
         <kind>archive</kind>
         <file>rts6700.lib</file>
         <name>divd.obj</name>
      </input_file>
      <input_file id="fl-92">
         <path>C:\ti\02 - Push compiler 7.x\c6000_7.4.20\lib\</path>
         <kind>archive</kind>
         <file>rts6700.lib</file>
         <name>divu.obj</name>
      </input_file>
      <input_file id="fl-93">
         <path>C:\ti\02 - Push compiler 7.x\c6000_7.4.20\lib\</path>
         <kind>archive</kind>
         <file>rts6700.lib</file>
         <name>fgetc.obj</name>
      </input_file>
      <input_file id="fl-94">
         <path>C:\ti\02 - Push compiler 7.x\c6000_7.4.20\lib\</path>
         <kind>archive</kind>
         <file>rts6700.lib</file>
         <name>fixdli.obj</name>
      </input_file>
      <input_file id="fl-95">
         <path>C:\ti\02 - Push compiler 7.x\c6000_7.4.20\lib\</path>
         <kind>archive</kind>
         <file>rts6700.lib</file>
         <name>fltlid.obj</name>
      </input_file>
      <input_file id="fl-96">
         <path>C:\ti\02 - Push compiler 7.x\c6000_7.4.20\lib\</path>
         <kind>archive</kind>
         <file>rts6700.lib</file>
         <name>fputc.obj</name>
      </input_file>
      <input_file id="fl-97">
         <path>C:\ti\02 - Push compiler 7.x\c6000_7.4.20\lib\</path>
         <kind>archive</kind>
         <file>rts6700.lib</file>
         <name>fputs.obj</name>
      </input_file>
      <input_file id="fl-98">
         <path>C:\ti\02 - Push compiler 7.x\c6000_7.4.20\lib\</path>
         <kind>archive</kind>
         <file>rts6700.lib</file>
         <name>frcmpyd_div.obj</name>
      </input_file>
      <input_file id="fl-99">
         <path>C:\ti\02 - Push compiler 7.x\c6000_7.4.20\lib\</path>
         <kind>archive</kind>
         <file>rts6700.lib</file>
         <name>imath40.obj</name>
      </input_file>
      <input_file id="fl-9a">
         <path>C:\ti\02 - Push compiler 7.x\c6000_7.4.20\lib\</path>
         <kind>archive</kind>
         <file>rts6700.lib</file>
         <name>imath64.obj</name>
      </input_file>
      <input_file id="fl-9b">
         <path>C:\ti\02 - Push compiler 7.x\c6000_7.4.20\lib\</path>
         <kind>archive</kind>
         <file>rts6700.lib</file>
         <name>isinf.obj</name>
      </input_file>
      <input_file id="fl-9c">
         <path>C:\ti\02 - Push compiler 7.x\c6000_7.4.20\lib\</path>
         <kind>archive</kind>
         <file>rts6700.lib</file>
         <name>llshift.obj</name>
      </input_file>
      <input_file id="fl-9d">
         <path>C:\ti\02 - Push compiler 7.x\c6000_7.4.20\lib\</path>
         <kind>archive</kind>
         <file>rts6700.lib</file>
         <name>lowlev.obj</name>
      </input_file>
      <input_file id="fl-9e">
         <path>C:\ti\02 - Push compiler 7.x\c6000_7.4.20\lib\</path>
         <kind>archive</kind>
         <file>rts6700.lib</file>
         <name>ltoa.obj</name>
      </input_file>
      <input_file id="fl-9f">
         <path>C:\ti\02 - Push compiler 7.x\c6000_7.4.20\lib\</path>
         <kind>archive</kind>
         <file>rts6700.lib</file>
         <name>memccpy.obj</name>
      </input_file>
      <input_file id="fl-a0">
         <path>C:\ti\02 - Push compiler 7.x\c6000_7.4.20\lib\</path>
         <kind>archive</kind>
         <file>rts6700.lib</file>
         <name>memcpy62.obj</name>
      </input_file>
      <input_file id="fl-a1">
         <path>C:\ti\02 - Push compiler 7.x\c6000_7.4.20\lib\</path>
         <kind>archive</kind>
         <file>rts6700.lib</file>
         <name>memset.obj</name>
      </input_file>
      <input_file id="fl-a2">
         <path>C:\ti\02 - Push compiler 7.x\c6000_7.4.20\lib\</path>
         <kind>archive</kind>
         <file>rts6700.lib</file>
         <name>mpyll.obj</name>
      </input_file>
      <input_file id="fl-a3">
         <path>C:\ti\02 - Push compiler 7.x\c6000_7.4.20\lib\</path>
         <kind>archive</kind>
         <file>rts6700.lib</file>
         <name>negll.obj</name>
      </input_file>
      <input_file id="fl-a4">
         <path>C:\ti\02 - Push compiler 7.x\c6000_7.4.20\lib\</path>
         <kind>archive</kind>
         <file>rts6700.lib</file>
         <name>setvbuf.obj</name>
      </input_file>
      <input_file id="fl-a5">
         <path>C:\ti\02 - Push compiler 7.x\c6000_7.4.20\lib\</path>
         <kind>archive</kind>
         <file>rts6700.lib</file>
         <name>strtod.obj</name>
      </input_file>
      <input_file id="fl-a6">
         <path>C:\ti\02 - Push compiler 7.x\c6000_7.4.20\lib\</path>
         <kind>archive</kind>
         <file>rts6700.lib</file>
         <name>strtol.obj</name>
      </input_file>
      <input_file id="fl-a7">
         <path>C:\ti\02 - Push compiler 7.x\c6000_7.4.20\lib\</path>
         <kind>archive</kind>
         <file>rts6700.lib</file>
         <name>strtold.obj</name>
      </input_file>
      <input_file id="fl-a8">
         <path>C:\ti\02 - Push compiler 7.x\c6000_7.4.20\lib\</path>
         <kind>archive</kind>
         <file>rts6700.lib</file>
         <name>strtoll.obj</name>
      </input_file>
      <input_file id="fl-a9">
         <path>C:\ti\02 - Push compiler 7.x\c6000_7.4.20\lib\</path>
         <kind>archive</kind>
         <file>rts6700.lib</file>
         <name>strtoul.obj</name>
      </input_file>
      <input_file id="fl-aa">
         <path>C:\ti\02 - Push compiler 7.x\c6000_7.4.20\lib\</path>
         <kind>archive</kind>
         <file>rts6700.lib</file>
         <name>strtoull.obj</name>
      </input_file>
      <input_file id="fl-ab">
         <path>C:\ti\02 - Push compiler 7.x\c6000_7.4.20\lib\</path>
         <kind>archive</kind>
         <file>rts6700.lib</file>
         <name>trgdrv.obj</name>
      </input_file>
      <input_file id="fl-ac">
         <path>C:\ti\02 - Push compiler 7.x\c6000_7.4.20\lib\</path>
         <kind>archive</kind>
         <file>rts6700.lib</file>
         <name>trgmsg.obj</name>
      </input_file>
      <input_file id="fl-ad">
         <path>C:\ti\02 - Push compiler 7.x\c6000_7.4.20\lib\</path>
         <kind>archive</kind>
         <file>rts6700.lib</file>
         <name>_bufread.obj</name>
      </input_file>
      <input_file id="fl-ae">
         <path>C:\ti\02 - Push compiler 7.x\c6000_7.4.20\lib\</path>
         <kind>archive</kind>
         <file>rts6700.lib</file>
         <name>_io_perm.obj</name>
      </input_file>
      <input_file id="fl-af">
         <path>C:\ti\02 - Push compiler 7.x\c6000_7.4.20\lib\</path>
         <kind>archive</kind>
         <file>rts6700.lib</file>
         <name>abs.obj</name>
      </input_file>
      <input_file id="fl-b0">
         <path>C:\ti\02 - Push compiler 7.x\c6000_7.4.20\lib\</path>
         <kind>archive</kind>
         <file>rts6700.lib</file>
         <name>divi.obj</name>
      </input_file>
      <input_file id="fl-b1">
         <path>C:\ti\02 - Push compiler 7.x\c6000_7.4.20\lib\</path>
         <kind>archive</kind>
         <file>rts6700.lib</file>
         <name>errno.obj</name>
      </input_file>
      <input_file id="fl-b2">
         <path>C:\ti\02 - Push compiler 7.x\c6000_7.4.20\lib\</path>
         <kind>archive</kind>
         <file>rts6700.lib</file>
         <name>fflush.obj</name>
      </input_file>
      <input_file id="fl-b3">
         <path>C:\ti\02 - Push compiler 7.x\c6000_7.4.20\lib\</path>
         <kind>archive</kind>
         <file>rts6700.lib</file>
         <name>fopen.obj</name>
      </input_file>
      <input_file id="fl-b4">
         <path>C:\ti\02 - Push compiler 7.x\c6000_7.4.20\lib\</path>
         <kind>archive</kind>
         <file>rts6700.lib</file>
         <name>fseek.obj</name>
      </input_file>
      <input_file id="fl-b5">
         <path>C:\ti\02 - Push compiler 7.x\c6000_7.4.20\lib\</path>
         <kind>archive</kind>
         <file>rts6700.lib</file>
         <name>memory.obj</name>
      </input_file>
      <input_file id="fl-b6">
         <path>C:\ti\02 - Push compiler 7.x\c6000_7.4.20\lib\</path>
         <kind>archive</kind>
         <file>rts6700.lib</file>
         <name>fclose.obj</name>
      </input_file>
      <input_file id="fl-b7">
         <path>C:\ti\02 - Push compiler 7.x\c6000_7.4.20\lib\</path>
         <kind>archive</kind>
         <file>rts6700.lib</file>
         <name>remove.obj</name>
      </input_file>
   </input_file_list>
   <object_component_list>
      <object_component id="oc-ec">
         <name>.text:__scanfi</name>
         <load_address>0x220</load_address>
         <run_address>0x220</run_address>
         <size>0xbc0</size>
         <input_file_ref idref="fl-89"/>
      </object_component>
      <object_component id="oc-fc">
         <name>.text:__sset_arg</name>
         <load_address>0xde0</load_address>
         <run_address>0xde0</run_address>
         <size>0x7c0</size>
         <input_file_ref idref="fl-89"/>
      </object_component>
      <object_component id="oc-124">
         <name>.text:__divd</name>
         <load_address>0x15a0</load_address>
         <run_address>0x15a0</run_address>
         <size>0x720</size>
         <input_file_ref idref="fl-91"/>
      </object_component>
      <object_component id="oc-118">
         <name>.text:__getarg_diouxp</name>
         <load_address>0x1cc0</load_address>
         <run_address>0x1cc0</run_address>
         <size>0x6c0</size>
         <input_file_ref idref="fl-88"/>
      </object_component>
      <object_component id="oc-f1">
         <name>.text:__setfield</name>
         <load_address>0x2380</load_address>
         <run_address>0x2380</run_address>
         <size>0x640</size>
         <input_file_ref idref="fl-88"/>
      </object_component>
      <object_component id="oc-10e">
         <name>.text:_strtod</name>
         <load_address>0x29c0</load_address>
         <run_address>0x29c0</run_address>
         <size>0x5e0</size>
         <input_file_ref idref="fl-a5"/>
      </object_component>
      <object_component id="oc-10f">
         <name>.text:_strtold</name>
         <load_address>0x2fa0</load_address>
         <run_address>0x2fa0</run_address>
         <size>0x5e0</size>
         <input_file_ref idref="fl-a7"/>
      </object_component>
      <object_component id="oc-111">
         <name>.text:_strtoll</name>
         <load_address>0x3580</load_address>
         <run_address>0x3580</run_address>
         <size>0x5e0</size>
         <input_file_ref idref="fl-a8"/>
      </object_component>
      <object_component id="oc-e3">
         <name>.text</name>
         <load_address>0x3b60</load_address>
         <run_address>0x3b60</run_address>
         <size>0x5c0</size>
         <input_file_ref idref="fl-2"/>
      </object_component>
      <object_component id="oc-f9">
         <name>.text:__sproc_int</name>
         <load_address>0x4120</load_address>
         <run_address>0x4120</run_address>
         <size>0x5a0</size>
         <input_file_ref idref="fl-89"/>
      </object_component>
      <object_component id="oc-110">
         <name>.text:_strtol</name>
         <load_address>0x46c0</load_address>
         <run_address>0x46c0</run_address>
         <size>0x580</size>
         <input_file_ref idref="fl-a6"/>
      </object_component>
      <object_component id="oc-e8">
         <name>.text:__printfi</name>
         <load_address>0x4c40</load_address>
         <run_address>0x4c40</run_address>
         <size>0x560</size>
         <input_file_ref idref="fl-88"/>
      </object_component>
      <object_component id="oc-10c">
         <name>.text:_strtoul</name>
         <load_address>0x51a0</load_address>
         <run_address>0x51a0</run_address>
         <size>0x520</size>
         <input_file_ref idref="fl-a9"/>
      </object_component>
      <object_component id="oc-ed">
         <name>.text:_fputs</name>
         <load_address>0x56c0</load_address>
         <run_address>0x56c0</run_address>
         <size>0x4c0</size>
         <input_file_ref idref="fl-97"/>
      </object_component>
      <object_component id="oc-10d">
         <name>.text:_strtoull</name>
         <load_address>0x5b80</load_address>
         <run_address>0x5b80</run_address>
         <size>0x4a0</size>
         <input_file_ref idref="fl-aa"/>
      </object_component>
      <object_component id="oc-12d">
         <name>.text:_fcvt</name>
         <load_address>0x6020</load_address>
         <run_address>0x6020</run_address>
         <size>0x420</size>
         <input_file_ref idref="fl-88"/>
      </object_component>
      <object_component id="oc-101">
         <name>.text:__pproc_fge</name>
         <load_address>0x6440</load_address>
         <run_address>0x6440</run_address>
         <size>0x400</size>
         <input_file_ref idref="fl-88"/>
      </object_component>
      <object_component id="oc-12a">
         <name>.text:_ecvt</name>
         <load_address>0x6840</load_address>
         <run_address>0x6840</run_address>
         <size>0x400</size>
         <input_file_ref idref="fl-88"/>
      </object_component>
      <object_component id="oc-f7">
         <name>.text:__sget_conv</name>
         <load_address>0x6c40</load_address>
         <run_address>0x6c40</run_address>
         <size>0x3a0</size>
         <input_file_ref idref="fl-89"/>
      </object_component>
      <object_component id="oc-120">
         <name>.text:__divull</name>
         <load_address>0x6fe0</load_address>
         <run_address>0x6fe0</run_address>
         <size>0x380</size>
         <input_file_ref idref="fl-9a"/>
      </object_component>
      <object_component id="oc-f8">
         <name>.text:__sproc_float</name>
         <load_address>0x7360</load_address>
         <run_address>0x7360</run_address>
         <size>0x380</size>
         <input_file_ref idref="fl-89"/>
      </object_component>
      <object_component id="oc-11b">
         <name>.text:_free</name>
         <load_address>0x76e0</load_address>
         <run_address>0x76e0</run_address>
         <size>0x380</size>
         <input_file_ref idref="fl-b5"/>
      </object_component>
      <object_component id="oc-117">
         <name>.text:__pconv_e</name>
         <load_address>0x7a60</load_address>
         <run_address>0x7a60</run_address>
         <size>0x360</size>
         <input_file_ref idref="fl-88"/>
      </object_component>
      <object_component id="oc-f0">
         <name>.text:__pproc_fwp</name>
         <load_address>0x7dc0</load_address>
         <run_address>0x7dc0</run_address>
         <size>0x360</size>
         <input_file_ref idref="fl-88"/>
      </object_component>
      <object_component id="oc-102">
         <name>.text:__pproc_diouxp</name>
         <load_address>0x8120</load_address>
         <run_address>0x8120</run_address>
         <size>0x300</size>
         <input_file_ref idref="fl-88"/>
      </object_component>
      <object_component id="oc-f2">
         <name>.text:__pproc_str</name>
         <load_address>0x8420</load_address>
         <run_address>0x8420</run_address>
         <size>0x2c0</size>
         <input_file_ref idref="fl-88"/>
      </object_component>
      <object_component id="oc-104">
         <name>.text:_setvbuf</name>
         <load_address>0x86e0</load_address>
         <run_address>0x86e0</run_address>
         <size>0x2c0</size>
         <input_file_ref idref="fl-a4"/>
      </object_component>
      <object_component id="oc-115">
         <name>.text:__pconv_g</name>
         <load_address>0x89a0</load_address>
         <run_address>0x89a0</run_address>
         <size>0x2a0</size>
         <input_file_ref idref="fl-88"/>
      </object_component>
      <object_component id="oc-ee">
         <name>.text:_fputc</name>
         <load_address>0x8c40</load_address>
         <run_address>0x8c40</run_address>
         <size>0x2a0</size>
         <input_file_ref idref="fl-96"/>
      </object_component>
      <object_component id="oc-11e">
         <name>.text:__divul</name>
         <load_address>0x8ee0</load_address>
         <run_address>0x8ee0</run_address>
         <size>0x260</size>
         <input_file_ref idref="fl-99"/>
      </object_component>
      <object_component id="oc-12c">
         <name>.text:__mcpy</name>
         <load_address>0x9140</load_address>
         <run_address>0x9140</run_address>
         <size>0x240</size>
         <input_file_ref idref="fl-88"/>
      </object_component>
      <object_component id="oc-11c">
         <name>.text:_malloc</name>
         <load_address>0x9380</load_address>
         <run_address>0x9380</run_address>
         <size>0x240</size>
         <input_file_ref idref="fl-b5"/>
      </object_component>
      <object_component id="oc-dd">
         <name>.text:_memcpy</name>
         <load_address>0x95c0</load_address>
         <run_address>0x95c0</run_address>
         <size>0x240</size>
         <input_file_ref idref="fl-a0"/>
      </object_component>
      <object_component id="oc-db">
         <name>.text:_HOSTrename</name>
         <load_address>0x9800</load_address>
         <run_address>0x9800</run_address>
         <size>0x220</size>
         <input_file_ref idref="fl-ab"/>
      </object_component>
      <object_component id="oc-fa">
         <name>.text:__sproc_str</name>
         <load_address>0x9a20</load_address>
         <run_address>0x9a20</run_address>
         <size>0x220</size>
         <input_file_ref idref="fl-89"/>
      </object_component>
      <object_component id="oc-ea">
         <name>.text:__chkmbc</name>
         <load_address>0x9c40</load_address>
         <run_address>0x9c40</run_address>
         <size>0x200</size>
         <input_file_ref idref="fl-84"/>
      </object_component>
      <object_component id="oc-fb">
         <name>.text:__sproc_lb</name>
         <load_address>0x9e40</load_address>
         <run_address>0x9e40</run_address>
         <size>0x1e0</size>
         <input_file_ref idref="fl-89"/>
      </object_component>
      <object_component id="oc-140">
         <name>.text:_getdevice</name>
         <load_address>0xa020</load_address>
         <run_address>0xa020</run_address>
         <size>0x1e0</size>
         <input_file_ref idref="fl-9d"/>
      </object_component>
      <object_component id="oc-112">
         <name>.text:_fseek</name>
         <load_address>0xa200</load_address>
         <run_address>0xa200</run_address>
         <size>0x1c0</size>
         <input_file_ref idref="fl-b4"/>
      </object_component>
      <object_component id="oc-11a">
         <name>.text:__ltostr</name>
         <load_address>0xa3c0</load_address>
         <run_address>0xa3c0</run_address>
         <size>0x1a0</size>
         <input_file_ref idref="fl-88"/>
      </object_component>
      <object_component id="oc-ef">
         <name>.text:__pproc_fflags</name>
         <load_address>0xa560</load_address>
         <run_address>0xa560</run_address>
         <size>0x1a0</size>
         <input_file_ref idref="fl-88"/>
      </object_component>
      <object_component id="oc-f5">
         <name>.text:_fgetc</name>
         <load_address>0xa700</load_address>
         <run_address>0xa700</run_address>
         <size>0x180</size>
         <input_file_ref idref="fl-93"/>
      </object_component>
      <object_component id="oc-d9">
         <name>.text:_HOSTlseek</name>
         <load_address>0xa880</load_address>
         <run_address>0xa880</run_address>
         <size>0x160</size>
         <input_file_ref idref="fl-ab"/>
      </object_component>
      <object_component id="oc-106">
         <name>.text:__buff_read</name>
         <load_address>0xa9e0</load_address>
         <run_address>0xa9e0</run_address>
         <size>0x160</size>
         <input_file_ref idref="fl-ad"/>
      </object_component>
      <object_component id="oc-132">
         <name>.text:__closefile</name>
         <load_address>0xab40</load_address>
         <run_address>0xab40</run_address>
         <size>0x160</size>
         <input_file_ref idref="fl-b6"/>
      </object_component>
      <object_component id="oc-108">
         <name>.text:__sget_scanset</name>
         <load_address>0xaca0</load_address>
         <run_address>0xaca0</run_address>
         <size>0x160</size>
         <input_file_ref idref="fl-89"/>
      </object_component>
      <object_component id="oc-f3">
         <name>.text:_ungetc</name>
         <load_address>0xae00</load_address>
         <run_address>0xae00</run_address>
         <size>0x160</size>
         <input_file_ref idref="fl-86"/>
      </object_component>
      <object_component id="oc-d7">
         <name>.text:_HOSTread</name>
         <load_address>0xaf60</load_address>
         <run_address>0xaf60</run_address>
         <size>0x140</size>
         <input_file_ref idref="fl-ab"/>
      </object_component>
      <object_component id="oc-136">
         <name>.text:__frcmpyd_div</name>
         <load_address>0xb0a0</load_address>
         <run_address>0xb0a0</run_address>
         <size>0x140</size>
         <input_file_ref idref="fl-98"/>
      </object_component>
      <object_component id="oc-100">
         <name>.text:_atoi</name>
         <load_address>0xb1e0</load_address>
         <run_address>0xb1e0</run_address>
         <size>0x140</size>
         <input_file_ref idref="fl-8b"/>
      </object_component>
      <object_component id="oc-138">
         <name>.text:_ltoa</name>
         <load_address>0xb320</load_address>
         <run_address>0xb320</run_address>
         <size>0x140</size>
         <input_file_ref idref="fl-9e"/>
      </object_component>
      <object_component id="oc-d5">
         <name>.text:_HOSTopen</name>
         <load_address>0xb460</load_address>
         <run_address>0xb460</run_address>
         <size>0x120</size>
         <input_file_ref idref="fl-ab"/>
      </object_component>
      <object_component id="oc-d8">
         <name>.text:_HOSTwrite</name>
         <load_address>0xb580</load_address>
         <run_address>0xb580</run_address>
         <size>0x120</size>
         <input_file_ref idref="fl-ab"/>
      </object_component>
      <object_component id="oc-122">
         <name>.text:__divi</name>
         <load_address>0xb6a0</load_address>
         <run_address>0xb6a0</run_address>
         <size>0x120</size>
         <input_file_ref idref="fl-b0"/>
      </object_component>
      <object_component id="oc-fd">
         <name>.text:__wrt_ok</name>
         <load_address>0xb7c0</load_address>
         <run_address>0xb7c0</run_address>
         <size>0x120</size>
         <input_file_ref idref="fl-ae"/>
      </object_component>
      <object_component id="oc-13b">
         <name>.text:_close</name>
         <load_address>0xb8e0</load_address>
         <run_address>0xb8e0</run_address>
         <size>0x120</size>
         <input_file_ref idref="fl-9d"/>
      </object_component>
      <object_component id="oc-f6">
         <name>.text:_memset</name>
         <load_address>0xba00</load_address>
         <run_address>0xba00</run_address>
         <size>0x120</size>
         <input_file_ref idref="fl-a1"/>
      </object_component>
      <object_component id="oc-d6">
         <name>.text:_HOSTclose</name>
         <load_address>0xbb20</load_address>
         <run_address>0xbb20</run_address>
         <size>0x100</size>
         <input_file_ref idref="fl-ab"/>
      </object_component>
      <object_component id="oc-da">
         <name>.text:_HOSTunlink</name>
         <load_address>0xbc20</load_address>
         <run_address>0xbc20</run_address>
         <size>0x100</size>
         <input_file_ref idref="fl-ab"/>
      </object_component>
      <object_component id="oc-d1">
         <name>.text:__auto_init</name>
         <load_address>0xbd20</load_address>
         <run_address>0xbd20</run_address>
         <size>0x100</size>
         <input_file_ref idref="fl-8c"/>
      </object_component>
      <object_component id="oc-12f">
         <name>.text:__div</name>
         <load_address>0xbe20</load_address>
         <run_address>0xbe20</run_address>
         <size>0x100</size>
         <input_file_ref idref="fl-88"/>
      </object_component>
      <object_component id="oc-13e">
         <name>.text:__divli</name>
         <load_address>0xbf20</load_address>
         <run_address>0xbf20</run_address>
         <size>0x100</size>
         <input_file_ref idref="fl-99"/>
      </object_component>
      <object_component id="oc-116">
         <name>.text:__pconv_f</name>
         <load_address>0xc020</load_address>
         <run_address>0xc020</run_address>
         <size>0x100</size>
         <input_file_ref idref="fl-88"/>
      </object_component>
      <object_component id="oc-129">
         <name>.text:_lseek</name>
         <load_address>0xc120</load_address>
         <run_address>0xc120</run_address>
         <size>0x100</size>
         <input_file_ref idref="fl-9d"/>
      </object_component>
      <object_component id="oc-e4">
         <name>.text:_printf</name>
         <load_address>0xc220</load_address>
         <run_address>0xc220</run_address>
         <size>0x100</size>
         <input_file_ref idref="fl-85"/>
      </object_component>
      <object_component id="oc-107">
         <name>.text:_read</name>
         <load_address>0xc320</load_address>
         <run_address>0xc320</run_address>
         <size>0x100</size>
         <input_file_ref idref="fl-9d"/>
      </object_component>
      <object_component id="oc-e5">
         <name>.text:_scanf</name>
         <load_address>0xc420</load_address>
         <run_address>0xc420</run_address>
         <size>0x100</size>
         <input_file_ref idref="fl-84"/>
      </object_component>
      <object_component id="oc-ff">
         <name>.text:_write</name>
         <load_address>0xc520</load_address>
         <run_address>0xc520</run_address>
         <size>0x100</size>
         <input_file_ref idref="fl-9d"/>
      </object_component>
      <object_component id="oc-11d">
         <name>.text:__cleanup</name>
         <load_address>0xc620</load_address>
         <run_address>0xc620</run_address>
         <size>0xe0</size>
         <input_file_ref idref="fl-b3"/>
      </object_component>
      <object_component id="oc-fe">
         <name>.text:__doflush</name>
         <load_address>0xc700</load_address>
         <run_address>0xc700</run_address>
         <size>0xe0</size>
         <input_file_ref idref="fl-b2"/>
      </object_component>
      <object_component id="oc-12b">
         <name>.text:__ecpy</name>
         <load_address>0xc7e0</load_address>
         <run_address>0xc7e0</run_address>
         <size>0xe0</size>
         <input_file_ref idref="fl-88"/>
      </object_component>
      <object_component id="oc-12e">
         <name>.text:__fcpy</name>
         <load_address>0xc8c0</load_address>
         <run_address>0xc8c0</run_address>
         <size>0xe0</size>
         <input_file_ref idref="fl-88"/>
      </object_component>
      <object_component id="oc-105">
         <name>.text:__rd_ok</name>
         <load_address>0xc9a0</load_address>
         <run_address>0xc9a0</run_address>
         <size>0xe0</size>
         <input_file_ref idref="fl-ae"/>
      </object_component>
      <object_component id="oc-d3">
         <name>.text:_exit</name>
         <load_address>0xca80</load_address>
         <run_address>0xca80</run_address>
         <size>0xe0</size>
         <input_file_ref idref="fl-83"/>
      </object_component>
      <object_component id="oc-131">
         <name>.text:_minsert</name>
         <load_address>0xcb60</load_address>
         <run_address>0xcb60</run_address>
         <size>0xe0</size>
         <input_file_ref idref="fl-b5"/>
      </object_component>
      <object_component id="oc-130">
         <name>.text:_mremove</name>
         <load_address>0xcc40</load_address>
         <run_address>0xcc40</run_address>
         <size>0xe0</size>
         <input_file_ref idref="fl-b5"/>
      </object_component>
      <object_component id="oc-13a">
         <name>.text:__divu</name>
         <load_address>0xcd20</load_address>
         <run_address>0xcd20</run_address>
         <size>0xc0</size>
         <input_file_ref idref="fl-92"/>
      </object_component>
      <object_component id="oc-dc">
         <name>.text:_copy_in</name>
         <load_address>0xcde0</load_address>
         <run_address>0xcde0</run_address>
         <size>0xc0</size>
         <input_file_ref idref="fl-8e"/>
      </object_component>
      <object_component id="oc-141">
         <name>.text:_finddevice</name>
         <load_address>0xcea0</load_address>
         <run_address>0xcea0</run_address>
         <size>0xc0</size>
         <input_file_ref idref="fl-9d"/>
      </object_component>
      <object_component id="oc-df">
         <name>.text</name>
         <load_address>0xcf60</load_address>
         <run_address>0xcf60</run_address>
         <size>0xc0</size>
         <input_file_ref idref="fl-3"/>
      </object_component>
      <object_component id="oc-137">
         <name>.text:__fixdli</name>
         <load_address>0xd020</load_address>
         <run_address>0xd020</run_address>
         <size>0xa0</size>
         <input_file_ref idref="fl-94"/>
      </object_component>
      <object_component id="oc-11f">
         <name>.text:__mpyll</name>
         <load_address>0xd0c0</load_address>
         <run_address>0xd0c0</run_address>
         <size>0xa0</size>
         <input_file_ref idref="fl-a2"/>
      </object_component>
      <object_component id="oc-13d">
         <name>.text:__remli</name>
         <load_address>0xd160</load_address>
         <run_address>0xd160</run_address>
         <size>0xa0</size>
         <input_file_ref idref="fl-99"/>
      </object_component>
      <object_component id="oc-127">
         <name>.text:__remul</name>
         <load_address>0xd200</load_address>
         <run_address>0xd200</run_address>
         <size>0xa0</size>
         <input_file_ref idref="fl-99"/>
      </object_component>
      <object_component id="oc-128">
         <name>.text:__remull</name>
         <load_address>0xd2a0</load_address>
         <run_address>0xd2a0</run_address>
         <size>0xa0</size>
         <input_file_ref idref="fl-9a"/>
      </object_component>
      <object_component id="oc-e2">
         <name>.text:_readmsg</name>
         <load_address>0xd340</load_address>
         <run_address>0xd340</run_address>
         <size>0xa0</size>
         <input_file_ref idref="fl-ac"/>
      </object_component>
      <object_component id="oc-13f">
         <name>.text:_unlink</name>
         <load_address>0xd3e0</load_address>
         <run_address>0xd3e0</run_address>
         <size>0xa0</size>
         <input_file_ref idref="fl-9d"/>
      </object_component>
      <object_component id="oc-e1">
         <name>.text:_writemsg</name>
         <load_address>0xd480</load_address>
         <run_address>0xd480</run_address>
         <size>0xa0</size>
         <input_file_ref idref="fl-ac"/>
      </object_component>
      <object_component id="oc-de">
         <name>.text:___TI_cpp_init</name>
         <load_address>0xd520</load_address>
         <run_address>0xd520</run_address>
         <size>0x80</size>
         <input_file_ref idref="fl-8d"/>
      </object_component>
      <object_component id="oc-139">
         <name>.text:__fltlid</name>
         <load_address>0xd5a0</load_address>
         <run_address>0xd5a0</run_address>
         <size>0x80</size>
         <input_file_ref idref="fl-95"/>
      </object_component>
      <object_component id="oc-133">
         <name>.text:__llshl</name>
         <load_address>0xd620</load_address>
         <run_address>0xd620</run_address>
         <size>0x80</size>
         <input_file_ref idref="fl-9c"/>
      </object_component>
      <object_component id="oc-e">
         <name>.text:_c_int00</name>
         <load_address>0xd6a0</load_address>
         <run_address>0xd6a0</run_address>
         <size>0x80</size>
         <input_file_ref idref="fl-82"/>
      </object_component>
      <object_component id="oc-103">
         <name>.text:_memccpy</name>
         <load_address>0xd720</load_address>
         <run_address>0xd720</run_address>
         <size>0x80</size>
         <input_file_ref idref="fl-9f"/>
      </object_component>
      <object_component id="oc-114">
         <name>.text:___isinf</name>
         <load_address>0xd7a0</load_address>
         <run_address>0xd7a0</run_address>
         <size>0x60</size>
         <input_file_ref idref="fl-9b"/>
      </object_component>
      <object_component id="oc-135">
         <name>.text:__llshru</name>
         <load_address>0xd800</load_address>
         <run_address>0xd800</run_address>
         <size>0x60</size>
         <input_file_ref idref="fl-9c"/>
      </object_component>
      <object_component id="oc-134">
         <name>.text:__subcull</name>
         <load_address>0xd860</load_address>
         <run_address>0xd860</run_address>
         <size>0x60</size>
         <input_file_ref idref="fl-9a"/>
      </object_component>
      <object_component id="oc-113">
         <name>.text:___isnan</name>
         <load_address>0xd8c0</load_address>
         <run_address>0xd8c0</run_address>
         <size>0x40</size>
         <input_file_ref idref="fl-88"/>
      </object_component>
      <object_component id="oc-d2">
         <name>.text:__args_main</name>
         <load_address>0xd900</load_address>
         <run_address>0xd900</run_address>
         <size>0x40</size>
         <input_file_ref idref="fl-8a"/>
      </object_component>
      <object_component id="oc-eb">
         <name>.text:__inpchar</name>
         <load_address>0xd940</load_address>
         <run_address>0xd940</run_address>
         <size>0x20</size>
         <input_file_ref idref="fl-84"/>
      </object_component>
      <object_component id="oc-119">
         <name>.text:__negll</name>
         <load_address>0xd960</load_address>
         <run_address>0xd960</run_address>
         <size>0x20</size>
         <input_file_ref idref="fl-a3"/>
      </object_component>
      <object_component id="oc-d4">
         <name>.text:__nop</name>
         <load_address>0xd980</load_address>
         <run_address>0xd980</run_address>
         <size>0x20</size>
         <input_file_ref idref="fl-87"/>
      </object_component>
      <object_component id="oc-e7">
         <name>.text:__outc</name>
         <load_address>0xd9a0</load_address>
         <run_address>0xd9a0</run_address>
         <size>0x20</size>
         <input_file_ref idref="fl-85"/>
      </object_component>
      <object_component id="oc-e6">
         <name>.text:__outs</name>
         <load_address>0xd9c0</load_address>
         <run_address>0xd9c0</run_address>
         <size>0x20</size>
         <input_file_ref idref="fl-85"/>
      </object_component>
      <object_component id="oc-e9">
         <name>.text:__uninpchar</name>
         <load_address>0xd9e0</load_address>
         <run_address>0xd9e0</run_address>
         <size>0x20</size>
         <input_file_ref idref="fl-84"/>
      </object_component>
      <object_component id="oc-e0">
         <name>.text:_abort</name>
         <load_address>0xda00</load_address>
         <run_address>0xda00</run_address>
         <size>0x20</size>
         <input_file_ref idref="fl-83"/>
      </object_component>
      <object_component id="oc-13c">
         <name>.text:_remove</name>
         <load_address>0xda20</load_address>
         <run_address>0xda20</run_address>
         <size>0x20</size>
         <input_file_ref idref="fl-b7"/>
      </object_component>
      <object_component id="oc-19">
         <name>.text</name>
         <load_address>0xda40</load_address>
         <run_address>0xda40</run_address>
         <size>0x20</size>
         <input_file_ref idref="fl-4"/>
      </object_component>
      <object_component id="oc-4e">
         <name>.cinit</name>
         <load_address>0x10350</load_address>
         <run_address>0x10350</run_address>
         <size>0x5c</size>
         <input_file_ref idref="fl-90"/>
      </object_component>
      <object_component id="oc-77">
         <name>.cinit</name>
         <load_address>0x103b0</load_address>
         <run_address>0x103b0</run_address>
         <size>0x5c</size>
         <input_file_ref idref="fl-9d"/>
      </object_component>
      <object_component id="oc-23">
         <name>.cinit</name>
         <load_address>0x10410</load_address>
         <run_address>0x10410</run_address>
         <size>0x2c</size>
         <input_file_ref idref="fl-83"/>
      </object_component>
      <object_component id="oc-c6">
         <name>.cinit</name>
         <load_address>0x10440</load_address>
         <run_address>0x10440</run_address>
         <size>0x2c</size>
         <input_file_ref idref="fl-b5"/>
      </object_component>
      <object_component id="oc-31">
         <name>.cinit</name>
         <load_address>0x10470</load_address>
         <run_address>0x10470</run_address>
         <size>0x1c</size>
         <input_file_ref idref="fl-87"/>
      </object_component>
      <object_component id="oc-b7">
         <name>.cinit</name>
         <load_address>0x10490</load_address>
         <run_address>0x10490</run_address>
         <size>0xc</size>
         <input_file_ref idref="fl-b1"/>
      </object_component>
      <object_component id="oc-be">
         <name>.cinit</name>
         <load_address>0x104a0</load_address>
         <run_address>0x104a0</run_address>
         <size>0xc</size>
         <input_file_ref idref="fl-b3"/>
      </object_component>
      <object_component id="oc-1f">
         <name>.stack</name>
         <uninitialized>true</uninitialized>
         <run_address>0xda60</run_address>
         <size>0x8</size>
         <input_file_ref idref="fl-82"/>
      </object_component>
      <object_component id="oc-159">
         <name>.stack</name>
         <uninitialized>true</uninitialized>
         <run_address>0xda60</run_address>
         <size>0x0</size>
      </object_component>
      <object_component id="oc-c8">
         <name>.sysmem</name>
         <uninitialized>true</uninitialized>
         <run_address>0xea60</run_address>
         <size>0x8</size>
         <input_file_ref idref="fl-b5"/>
      </object_component>
      <object_component id="oc-15a">
         <name>.sysmem</name>
         <uninitialized>true</uninitialized>
         <run_address>0xea60</run_address>
         <size>0x0</size>
      </object_component>
      <object_component id="oc-10">
         <name>.const:.string</name>
         <load_address>0xfa60</load_address>
         <run_address>0xfa60</run_address>
         <size>0x218</size>
         <input_file_ref idref="fl-2"/>
      </object_component>
      <object_component id="oc-f4">
         <name>.const:.string:__ctypes_</name>
         <load_address>0xfc78</load_address>
         <run_address>0xfc78</run_address>
         <size>0x101</size>
         <input_file_ref idref="fl-8f"/>
      </object_component>
      <object_component id="oc-64">
         <name>.const:.string</name>
         <load_address>0xfd79</load_address>
         <run_address>0xfd79</run_address>
         <size>0x2</size>
         <input_file_ref idref="fl-97"/>
      </object_component>
      <object_component id="oc-15">
         <name>.const:.string</name>
         <load_address>0xfd7c</load_address>
         <run_address>0xfd7c</run_address>
         <size>0x4</size>
         <input_file_ref idref="fl-3"/>
      </object_component>
      <object_component id="oc-121">
         <name>.const:_digits</name>
         <load_address>0xfd80</load_address>
         <run_address>0xfd80</run_address>
         <size>0x50</size>
         <input_file_ref idref="fl-a5"/>
      </object_component>
      <object_component id="oc-125">
         <name>.const:_digits</name>
         <load_address>0xfdd0</load_address>
         <run_address>0xfdd0</run_address>
         <size>0x50</size>
         <input_file_ref idref="fl-a7"/>
      </object_component>
      <object_component id="oc-123">
         <name>.const:_powerof10</name>
         <load_address>0xfe20</load_address>
         <run_address>0xfe20</run_address>
         <size>0x48</size>
         <input_file_ref idref="fl-a5"/>
      </object_component>
      <object_component id="oc-126">
         <name>.const:_powerof10</name>
         <load_address>0xfe68</load_address>
         <run_address>0xfe68</run_address>
         <size>0x48</size>
         <input_file_ref idref="fl-a7"/>
      </object_component>
      <object_component id="oc-36">
         <name>.const:.string</name>
         <load_address>0xfeb0</load_address>
         <run_address>0xfeb0</run_address>
         <size>0x23</size>
         <input_file_ref idref="fl-88"/>
      </object_component>
      <object_component id="oc-109">
         <name>.const:.string:_flit$1</name>
         <load_address>0xfed4</load_address>
         <run_address>0xfed4</run_address>
         <size>0x7</size>
         <input_file_ref idref="fl-89"/>
      </object_component>
      <object_component id="oc-10a">
         <name>.const:.string:_barr$2</name>
         <load_address>0xfedc</load_address>
         <run_address>0xfedc</run_address>
         <size>0x6</size>
         <input_file_ref idref="fl-89"/>
      </object_component>
      <object_component id="oc-10b">
         <name>.switch:__sset_arg</name>
         <load_address>0x105d4</load_address>
         <run_address>0x105d4</run_address>
         <size>0x28</size>
         <input_file_ref idref="fl-89"/>
      </object_component>
      <object_component id="oc-24">
         <name>.far</name>
         <uninitialized>true</uninitialized>
         <run_address>0x10324</run_address>
         <size>0xc</size>
         <input_file_ref idref="fl-83"/>
      </object_component>
      <object_component id="oc-32">
         <name>.far</name>
         <uninitialized>true</uninitialized>
         <run_address>0x10330</run_address>
         <size>0x8</size>
         <input_file_ref idref="fl-87"/>
      </object_component>
      <object_component id="oc-4f">
         <name>.far</name>
         <uninitialized>true</uninitialized>
         <run_address>0xfee4</run_address>
         <size>0x324</size>
         <input_file_ref idref="fl-90"/>
      </object_component>
      <object_component id="oc-78">
         <name>.far</name>
         <uninitialized>true</uninitialized>
         <run_address>0x10208</run_address>
         <size>0x11c</size>
         <input_file_ref idref="fl-9d"/>
      </object_component>
      <object_component id="oc-a3">
         <name>.far</name>
         <uninitialized>true</uninitialized>
         <run_address>0x10340</run_address>
         <size>0x8</size>
         <input_file_ref idref="fl-ab"/>
      </object_component>
      <object_component id="oc-b8">
         <name>.far</name>
         <uninitialized>true</uninitialized>
         <run_address>0x10348</run_address>
         <size>0x4</size>
         <input_file_ref idref="fl-b1"/>
      </object_component>
      <object_component id="oc-bf">
         <name>.far</name>
         <uninitialized>true</uninitialized>
         <run_address>0x1034c</run_address>
         <size>0x4</size>
         <input_file_ref idref="fl-b3"/>
      </object_component>
      <object_component id="oc-c7">
         <name>.far</name>
         <uninitialized>true</uninitialized>
         <run_address>0x10338</run_address>
         <size>0x8</size>
         <input_file_ref idref="fl-b5"/>
      </object_component>
      <object_component id="oc-a7">
         <name>.cio</name>
         <uninitialized>true</uninitialized>
         <run_address>0x104b4</run_address>
         <size>0x120</size>
         <input_file_ref idref="fl-ac"/>
      </object_component>
      <object_component id="oc-f">
         <name>.debug_info</name>
         <load_address>0x0</load_address>
         <run_address>0x0</run_address>
         <size>0x9b7</size>
         <input_file_ref idref="fl-2"/>
      </object_component>
      <object_component id="oc-14">
         <name>.debug_info</name>
         <load_address>0x9b7</load_address>
         <run_address>0x9b7</run_address>
         <size>0x755</size>
         <input_file_ref idref="fl-3"/>
      </object_component>
      <object_component id="oc-1b">
         <name>.debug_info</name>
         <load_address>0x110c</load_address>
         <run_address>0x110c</run_address>
         <size>0xd1</size>
         <input_file_ref idref="fl-4"/>
      </object_component>
      <object_component id="oc-1e">
         <name>.debug_info</name>
         <load_address>0x11dd</load_address>
         <run_address>0x11dd</run_address>
         <size>0x701</size>
         <input_file_ref idref="fl-82"/>
      </object_component>
      <object_component id="oc-22">
         <name>.debug_info</name>
         <load_address>0x18de</load_address>
         <run_address>0x18de</run_address>
         <size>0x7f2</size>
         <input_file_ref idref="fl-83"/>
      </object_component>
      <object_component id="oc-27">
         <name>.debug_info</name>
         <load_address>0x20d0</load_address>
         <run_address>0x20d0</run_address>
         <size>0xbe5</size>
         <input_file_ref idref="fl-84"/>
      </object_component>
      <object_component id="oc-2a">
         <name>.debug_info</name>
         <load_address>0x2cb5</load_address>
         <run_address>0x2cb5</run_address>
         <size>0x8f8</size>
         <input_file_ref idref="fl-85"/>
      </object_component>
      <object_component id="oc-2d">
         <name>.debug_info</name>
         <load_address>0x35ad</load_address>
         <run_address>0x35ad</run_address>
         <size>0x767</size>
         <input_file_ref idref="fl-86"/>
      </object_component>
      <object_component id="oc-30">
         <name>.debug_info</name>
         <load_address>0x3d14</load_address>
         <run_address>0x3d14</run_address>
         <size>0x642</size>
         <input_file_ref idref="fl-87"/>
      </object_component>
      <object_component id="oc-35">
         <name>.debug_info</name>
         <load_address>0x4356</load_address>
         <run_address>0x4356</run_address>
         <size>0x2acb</size>
         <input_file_ref idref="fl-88"/>
      </object_component>
      <object_component id="oc-39">
         <name>.debug_info</name>
         <load_address>0x6e21</load_address>
         <run_address>0x6e21</run_address>
         <size>0x1e28</size>
         <input_file_ref idref="fl-89"/>
      </object_component>
      <object_component id="oc-3c">
         <name>.debug_info</name>
         <load_address>0x8c49</load_address>
         <run_address>0x8c49</run_address>
         <size>0x6d7</size>
         <input_file_ref idref="fl-8a"/>
      </object_component>
      <object_component id="oc-3f">
         <name>.debug_info</name>
         <load_address>0x9320</load_address>
         <run_address>0x9320</run_address>
         <size>0x712</size>
         <input_file_ref idref="fl-8b"/>
      </object_component>
      <object_component id="oc-42">
         <name>.debug_info</name>
         <load_address>0x9a32</load_address>
         <run_address>0x9a32</run_address>
         <size>0x864</size>
         <input_file_ref idref="fl-8c"/>
      </object_component>
      <object_component id="oc-45">
         <name>.debug_info</name>
         <load_address>0xa296</load_address>
         <run_address>0xa296</run_address>
         <size>0x6dc</size>
         <input_file_ref idref="fl-8d"/>
      </object_component>
      <object_component id="oc-48">
         <name>.debug_info</name>
         <load_address>0xa972</load_address>
         <run_address>0xa972</run_address>
         <size>0x7d2</size>
         <input_file_ref idref="fl-8e"/>
      </object_component>
      <object_component id="oc-4b">
         <name>.debug_info</name>
         <load_address>0xb144</load_address>
         <run_address>0xb144</run_address>
         <size>0x5f0</size>
         <input_file_ref idref="fl-8f"/>
      </object_component>
      <object_component id="oc-4d">
         <name>.debug_info</name>
         <load_address>0xb734</load_address>
         <run_address>0xb734</run_address>
         <size>0x6dd</size>
         <input_file_ref idref="fl-90"/>
      </object_component>
      <object_component id="oc-51">
         <name>.debug_info</name>
         <load_address>0xbe11</load_address>
         <run_address>0xbe11</run_address>
         <size>0x978</size>
         <input_file_ref idref="fl-91"/>
      </object_component>
      <object_component id="oc-54">
         <name>.debug_info</name>
         <load_address>0xc789</load_address>
         <run_address>0xc789</run_address>
         <size>0xc6</size>
         <input_file_ref idref="fl-92"/>
      </object_component>
      <object_component id="oc-57">
         <name>.debug_info</name>
         <load_address>0xc84f</load_address>
         <run_address>0xc84f</run_address>
         <size>0x7b8</size>
         <input_file_ref idref="fl-93"/>
      </object_component>
      <object_component id="oc-5a">
         <name>.debug_info</name>
         <load_address>0xd007</load_address>
         <run_address>0xd007</run_address>
         <size>0x687</size>
         <input_file_ref idref="fl-94"/>
      </object_component>
      <object_component id="oc-5d">
         <name>.debug_info</name>
         <load_address>0xd68e</load_address>
         <run_address>0xd68e</run_address>
         <size>0x6a0</size>
         <input_file_ref idref="fl-95"/>
      </object_component>
      <object_component id="oc-60">
         <name>.debug_info</name>
         <load_address>0xdd2e</load_address>
         <run_address>0xdd2e</run_address>
         <size>0x820</size>
         <input_file_ref idref="fl-96"/>
      </object_component>
      <object_component id="oc-63">
         <name>.debug_info</name>
         <load_address>0xe54e</load_address>
         <run_address>0xe54e</run_address>
         <size>0xb59</size>
         <input_file_ref idref="fl-97"/>
      </object_component>
      <object_component id="oc-67">
         <name>.debug_info</name>
         <load_address>0xf0a7</load_address>
         <run_address>0xf0a7</run_address>
         <size>0x69a</size>
         <input_file_ref idref="fl-98"/>
      </object_component>
      <object_component id="oc-6a">
         <name>.debug_info</name>
         <load_address>0xf741</load_address>
         <run_address>0xf741</run_address>
         <size>0x822</size>
         <input_file_ref idref="fl-99"/>
      </object_component>
      <object_component id="oc-6d">
         <name>.debug_info</name>
         <load_address>0xff63</load_address>
         <run_address>0xff63</run_address>
         <size>0x82e</size>
         <input_file_ref idref="fl-9a"/>
      </object_component>
      <object_component id="oc-70">
         <name>.debug_info</name>
         <load_address>0x10791</load_address>
         <run_address>0x10791</run_address>
         <size>0x80c</size>
         <input_file_ref idref="fl-9b"/>
      </object_component>
      <object_component id="oc-73">
         <name>.debug_info</name>
         <load_address>0x10f9d</load_address>
         <run_address>0x10f9d</run_address>
         <size>0x6f7</size>
         <input_file_ref idref="fl-9c"/>
      </object_component>
      <object_component id="oc-76">
         <name>.debug_info</name>
         <load_address>0x11694</load_address>
         <run_address>0x11694</run_address>
         <size>0xfbf</size>
         <input_file_ref idref="fl-9d"/>
      </object_component>
      <object_component id="oc-7b">
         <name>.debug_info</name>
         <load_address>0x12653</load_address>
         <run_address>0x12653</run_address>
         <size>0x73b</size>
         <input_file_ref idref="fl-9e"/>
      </object_component>
      <object_component id="oc-7e">
         <name>.debug_info</name>
         <load_address>0x12d8e</load_address>
         <run_address>0x12d8e</run_address>
         <size>0x6df</size>
         <input_file_ref idref="fl-9f"/>
      </object_component>
      <object_component id="oc-81">
         <name>.debug_info</name>
         <load_address>0x1346d</load_address>
         <run_address>0x1346d</run_address>
         <size>0x782</size>
         <input_file_ref idref="fl-a0"/>
      </object_component>
      <object_component id="oc-84">
         <name>.debug_info</name>
         <load_address>0x13bef</load_address>
         <run_address>0x13bef</run_address>
         <size>0x723</size>
         <input_file_ref idref="fl-a1"/>
      </object_component>
      <object_component id="oc-87">
         <name>.debug_info</name>
         <load_address>0x14312</load_address>
         <run_address>0x14312</run_address>
         <size>0x6ad</size>
         <input_file_ref idref="fl-a2"/>
      </object_component>
      <object_component id="oc-8a">
         <name>.debug_info</name>
         <load_address>0x149bf</load_address>
         <run_address>0x149bf</run_address>
         <size>0x60e</size>
         <input_file_ref idref="fl-a3"/>
      </object_component>
      <object_component id="oc-8d">
         <name>.debug_info</name>
         <load_address>0x14fcd</load_address>
         <run_address>0x14fcd</run_address>
         <size>0x809</size>
         <input_file_ref idref="fl-a4"/>
      </object_component>
      <object_component id="oc-90">
         <name>.debug_info</name>
         <load_address>0x157d6</load_address>
         <run_address>0x157d6</run_address>
         <size>0x9a7</size>
         <input_file_ref idref="fl-a5"/>
      </object_component>
      <object_component id="oc-93">
         <name>.debug_info</name>
         <load_address>0x1617d</load_address>
         <run_address>0x1617d</run_address>
         <size>0x73a</size>
         <input_file_ref idref="fl-a6"/>
      </object_component>
      <object_component id="oc-96">
         <name>.debug_info</name>
         <load_address>0x168b7</load_address>
         <run_address>0x168b7</run_address>
         <size>0x9b8</size>
         <input_file_ref idref="fl-a7"/>
      </object_component>
      <object_component id="oc-99">
         <name>.debug_info</name>
         <load_address>0x1726f</load_address>
         <run_address>0x1726f</run_address>
         <size>0x766</size>
         <input_file_ref idref="fl-a8"/>
      </object_component>
      <object_component id="oc-9c">
         <name>.debug_info</name>
         <load_address>0x179d5</load_address>
         <run_address>0x179d5</run_address>
         <size>0x71f</size>
         <input_file_ref idref="fl-a9"/>
      </object_component>
      <object_component id="oc-9f">
         <name>.debug_info</name>
         <load_address>0x180f4</load_address>
         <run_address>0x180f4</run_address>
         <size>0x751</size>
         <input_file_ref idref="fl-aa"/>
      </object_component>
      <object_component id="oc-a2">
         <name>.debug_info</name>
         <load_address>0x18845</load_address>
         <run_address>0x18845</run_address>
         <size>0xeaa</size>
         <input_file_ref idref="fl-ab"/>
      </object_component>
      <object_component id="oc-a6">
         <name>.debug_info</name>
         <load_address>0x196ef</load_address>
         <run_address>0x196ef</run_address>
         <size>0x8bb</size>
         <input_file_ref idref="fl-ac"/>
      </object_component>
      <object_component id="oc-aa">
         <name>.debug_info</name>
         <load_address>0x19faa</load_address>
         <run_address>0x19faa</run_address>
         <size>0x7f3</size>
         <input_file_ref idref="fl-ad"/>
      </object_component>
      <object_component id="oc-ad">
         <name>.debug_info</name>
         <load_address>0x1a79d</load_address>
         <run_address>0x1a79d</run_address>
         <size>0x7c3</size>
         <input_file_ref idref="fl-ae"/>
      </object_component>
      <object_component id="oc-b0">
         <name>.debug_info</name>
         <load_address>0x1af60</load_address>
         <run_address>0x1af60</run_address>
         <size>0x5c2</size>
         <input_file_ref idref="fl-af"/>
      </object_component>
      <object_component id="oc-b3">
         <name>.debug_info</name>
         <load_address>0x1b522</load_address>
         <run_address>0x1b522</run_address>
         <size>0xc6</size>
         <input_file_ref idref="fl-b0"/>
      </object_component>
      <object_component id="oc-b6">
         <name>.debug_info</name>
         <load_address>0x1b5e8</load_address>
         <run_address>0x1b5e8</run_address>
         <size>0x5d8</size>
         <input_file_ref idref="fl-b1"/>
      </object_component>
      <object_component id="oc-ba">
         <name>.debug_info</name>
         <load_address>0x1bbc0</load_address>
         <run_address>0x1bbc0</run_address>
         <size>0x777</size>
         <input_file_ref idref="fl-b2"/>
      </object_component>
      <object_component id="oc-bd">
         <name>.debug_info</name>
         <load_address>0x1c337</load_address>
         <run_address>0x1c337</run_address>
         <size>0x878</size>
         <input_file_ref idref="fl-b3"/>
      </object_component>
      <object_component id="oc-c2">
         <name>.debug_info</name>
         <load_address>0x1cbaf</load_address>
         <run_address>0x1cbaf</run_address>
         <size>0x7af</size>
         <input_file_ref idref="fl-b4"/>
      </object_component>
      <object_component id="oc-c5">
         <name>.debug_info</name>
         <load_address>0x1d35e</load_address>
         <run_address>0x1d35e</run_address>
         <size>0xb31</size>
         <input_file_ref idref="fl-b5"/>
      </object_component>
      <object_component id="oc-cb">
         <name>.debug_info</name>
         <load_address>0x1de8f</load_address>
         <run_address>0x1de8f</run_address>
         <size>0x7fc</size>
         <input_file_ref idref="fl-b6"/>
      </object_component>
      <object_component id="oc-ce">
         <name>.debug_info</name>
         <load_address>0x1e68b</load_address>
         <run_address>0x1e68b</run_address>
         <size>0x65a</size>
         <input_file_ref idref="fl-b7"/>
      </object_component>
      <object_component id="oc-15b">
         <name>.debug_info</name>
         <load_address>0x1ece5</load_address>
         <run_address>0x1ece5</run_address>
         <size>0x6e</size>
      </object_component>
      <object_component id="oc-11">
         <name>.debug_frame</name>
         <load_address>0x0</load_address>
         <run_address>0x0</run_address>
         <size>0x29c</size>
         <input_file_ref idref="fl-2"/>
      </object_component>
      <object_component id="oc-16">
         <name>.debug_frame</name>
         <load_address>0x29c</load_address>
         <run_address>0x29c</run_address>
         <size>0x25d</size>
         <input_file_ref idref="fl-3"/>
      </object_component>
      <object_component id="oc-12">
         <name>.debug_line</name>
         <load_address>0x0</load_address>
         <run_address>0x0</run_address>
         <size>0xfa</size>
         <input_file_ref idref="fl-2"/>
      </object_component>
      <object_component id="oc-17">
         <name>.debug_line</name>
         <load_address>0xfa</load_address>
         <run_address>0xfa</run_address>
         <size>0x45</size>
         <input_file_ref idref="fl-3"/>
      </object_component>
      <object_component id="oc-1c">
         <name>.debug_line</name>
         <load_address>0x13f</load_address>
         <run_address>0x13f</run_address>
         <size>0x38</size>
         <input_file_ref idref="fl-4"/>
      </object_component>
      <object_component id="oc-20">
         <name>.debug_line</name>
         <load_address>0x177</load_address>
         <run_address>0x177</run_address>
         <size>0x3d</size>
         <input_file_ref idref="fl-82"/>
      </object_component>
      <object_component id="oc-25">
         <name>.debug_line</name>
         <load_address>0x1b4</load_address>
         <run_address>0x1b4</run_address>
         <size>0x4f</size>
         <input_file_ref idref="fl-83"/>
      </object_component>
      <object_component id="oc-28">
         <name>.debug_line</name>
         <load_address>0x203</load_address>
         <run_address>0x203</run_address>
         <size>0x8c</size>
         <input_file_ref idref="fl-84"/>
      </object_component>
      <object_component id="oc-2b">
         <name>.debug_line</name>
         <load_address>0x28f</load_address>
         <run_address>0x28f</run_address>
         <size>0x6a</size>
         <input_file_ref idref="fl-85"/>
      </object_component>
      <object_component id="oc-2e">
         <name>.debug_line</name>
         <load_address>0x2f9</load_address>
         <run_address>0x2f9</run_address>
         <size>0x3d</size>
         <input_file_ref idref="fl-86"/>
      </object_component>
      <object_component id="oc-33">
         <name>.debug_line</name>
         <load_address>0x336</load_address>
         <run_address>0x336</run_address>
         <size>0x36</size>
         <input_file_ref idref="fl-87"/>
      </object_component>
      <object_component id="oc-37">
         <name>.debug_line</name>
         <load_address>0x36c</load_address>
         <run_address>0x36c</run_address>
         <size>0x32f</size>
         <input_file_ref idref="fl-88"/>
      </object_component>
      <object_component id="oc-3a">
         <name>.debug_line</name>
         <load_address>0x69b</load_address>
         <run_address>0x69b</run_address>
         <size>0x194</size>
         <input_file_ref idref="fl-89"/>
      </object_component>
      <object_component id="oc-3d">
         <name>.debug_line</name>
         <load_address>0x82f</load_address>
         <run_address>0x82f</run_address>
         <size>0x41</size>
         <input_file_ref idref="fl-8a"/>
      </object_component>
      <object_component id="oc-40">
         <name>.debug_line</name>
         <load_address>0x870</load_address>
         <run_address>0x870</run_address>
         <size>0x41</size>
         <input_file_ref idref="fl-8b"/>
      </object_component>
      <object_component id="oc-43">
         <name>.debug_line</name>
         <load_address>0x8b1</load_address>
         <run_address>0x8b1</run_address>
         <size>0x47</size>
         <input_file_ref idref="fl-8c"/>
      </object_component>
      <object_component id="oc-46">
         <name>.debug_line</name>
         <load_address>0x8f8</load_address>
         <run_address>0x8f8</run_address>
         <size>0x45</size>
         <input_file_ref idref="fl-8d"/>
      </object_component>
      <object_component id="oc-49">
         <name>.debug_line</name>
         <load_address>0x93d</load_address>
         <run_address>0x93d</run_address>
         <size>0x44</size>
         <input_file_ref idref="fl-8e"/>
      </object_component>
      <object_component id="oc-52">
         <name>.debug_line</name>
         <load_address>0x981</load_address>
         <run_address>0x981</run_address>
         <size>0x3c</size>
         <input_file_ref idref="fl-91"/>
      </object_component>
      <object_component id="oc-55">
         <name>.debug_line</name>
         <load_address>0x9bd</load_address>
         <run_address>0x9bd</run_address>
         <size>0x44</size>
         <input_file_ref idref="fl-92"/>
      </object_component>
      <object_component id="oc-58">
         <name>.debug_line</name>
         <load_address>0xa01</load_address>
         <run_address>0xa01</run_address>
         <size>0x3e</size>
         <input_file_ref idref="fl-93"/>
      </object_component>
      <object_component id="oc-5b">
         <name>.debug_line</name>
         <load_address>0xa3f</load_address>
         <run_address>0xa3f</run_address>
         <size>0x3d</size>
         <input_file_ref idref="fl-94"/>
      </object_component>
      <object_component id="oc-5e">
         <name>.debug_line</name>
         <load_address>0xa7c</load_address>
         <run_address>0xa7c</run_address>
         <size>0x3d</size>
         <input_file_ref idref="fl-95"/>
      </object_component>
      <object_component id="oc-61">
         <name>.debug_line</name>
         <load_address>0xab9</load_address>
         <run_address>0xab9</run_address>
         <size>0x3f</size>
         <input_file_ref idref="fl-96"/>
      </object_component>
      <object_component id="oc-65">
         <name>.debug_line</name>
         <load_address>0xaf8</load_address>
         <run_address>0xaf8</run_address>
         <size>0x9f</size>
         <input_file_ref idref="fl-97"/>
      </object_component>
      <object_component id="oc-68">
         <name>.debug_line</name>
         <load_address>0xb97</load_address>
         <run_address>0xb97</run_address>
         <size>0x3e</size>
         <input_file_ref idref="fl-98"/>
      </object_component>
      <object_component id="oc-6b">
         <name>.debug_line</name>
         <load_address>0xbd5</load_address>
         <run_address>0xbd5</run_address>
         <size>0x89</size>
         <input_file_ref idref="fl-99"/>
      </object_component>
      <object_component id="oc-6e">
         <name>.debug_line</name>
         <load_address>0xc5e</load_address>
         <run_address>0xc5e</run_address>
         <size>0x75</size>
         <input_file_ref idref="fl-9a"/>
      </object_component>
      <object_component id="oc-71">
         <name>.debug_line</name>
         <load_address>0xcd3</load_address>
         <run_address>0xcd3</run_address>
         <size>0x38</size>
         <input_file_ref idref="fl-9b"/>
      </object_component>
      <object_component id="oc-74">
         <name>.debug_line</name>
         <load_address>0xd0b</load_address>
         <run_address>0xd0b</run_address>
         <size>0x56</size>
         <input_file_ref idref="fl-9c"/>
      </object_component>
      <object_component id="oc-79">
         <name>.debug_line</name>
         <load_address>0xd61</load_address>
         <run_address>0xd61</run_address>
         <size>0x118</size>
         <input_file_ref idref="fl-9d"/>
      </object_component>
      <object_component id="oc-7c">
         <name>.debug_line</name>
         <load_address>0xe79</load_address>
         <run_address>0xe79</run_address>
         <size>0x40</size>
         <input_file_ref idref="fl-9e"/>
      </object_component>
      <object_component id="oc-7f">
         <name>.debug_line</name>
         <load_address>0xeb9</load_address>
         <run_address>0xeb9</run_address>
         <size>0x3f</size>
         <input_file_ref idref="fl-9f"/>
      </object_component>
      <object_component id="oc-82">
         <name>.debug_line</name>
         <load_address>0xef8</load_address>
         <run_address>0xef8</run_address>
         <size>0x4e</size>
         <input_file_ref idref="fl-a0"/>
      </object_component>
      <object_component id="oc-85">
         <name>.debug_line</name>
         <load_address>0xf46</load_address>
         <run_address>0xf46</run_address>
         <size>0x47</size>
         <input_file_ref idref="fl-a1"/>
      </object_component>
      <object_component id="oc-88">
         <name>.debug_line</name>
         <load_address>0xf8d</load_address>
         <run_address>0xf8d</run_address>
         <size>0x3d</size>
         <input_file_ref idref="fl-a2"/>
      </object_component>
      <object_component id="oc-8b">
         <name>.debug_line</name>
         <load_address>0xfca</load_address>
         <run_address>0xfca</run_address>
         <size>0x37</size>
         <input_file_ref idref="fl-a3"/>
      </object_component>
      <object_component id="oc-8e">
         <name>.debug_line</name>
         <load_address>0x1001</load_address>
         <run_address>0x1001</run_address>
         <size>0x40</size>
         <input_file_ref idref="fl-a4"/>
      </object_component>
      <object_component id="oc-91">
         <name>.debug_line</name>
         <load_address>0x1041</load_address>
         <run_address>0x1041</run_address>
         <size>0x5f</size>
         <input_file_ref idref="fl-a5"/>
      </object_component>
      <object_component id="oc-94">
         <name>.debug_line</name>
         <load_address>0x10a0</load_address>
         <run_address>0x10a0</run_address>
         <size>0x44</size>
         <input_file_ref idref="fl-a6"/>
      </object_component>
      <object_component id="oc-97">
         <name>.debug_line</name>
         <load_address>0x10e4</load_address>
         <run_address>0x10e4</run_address>
         <size>0x60</size>
         <input_file_ref idref="fl-a7"/>
      </object_component>
      <object_component id="oc-9a">
         <name>.debug_line</name>
         <load_address>0x1144</load_address>
         <run_address>0x1144</run_address>
         <size>0x45</size>
         <input_file_ref idref="fl-a8"/>
      </object_component>
      <object_component id="oc-9d">
         <name>.debug_line</name>
         <load_address>0x1189</load_address>
         <run_address>0x1189</run_address>
         <size>0x46</size>
         <input_file_ref idref="fl-a9"/>
      </object_component>
      <object_component id="oc-a0">
         <name>.debug_line</name>
         <load_address>0x11cf</load_address>
         <run_address>0x11cf</run_address>
         <size>0x47</size>
         <input_file_ref idref="fl-aa"/>
      </object_component>
      <object_component id="oc-a4">
         <name>.debug_line</name>
         <load_address>0x1216</load_address>
         <run_address>0x1216</run_address>
         <size>0x12f</size>
         <input_file_ref idref="fl-ab"/>
      </object_component>
      <object_component id="oc-a8">
         <name>.debug_line</name>
         <load_address>0x1345</load_address>
         <run_address>0x1345</run_address>
         <size>0x64</size>
         <input_file_ref idref="fl-ac"/>
      </object_component>
      <object_component id="oc-ab">
         <name>.debug_line</name>
         <load_address>0x13a9</load_address>
         <run_address>0x13a9</run_address>
         <size>0x4a</size>
         <input_file_ref idref="fl-ad"/>
      </object_component>
      <object_component id="oc-ae">
         <name>.debug_line</name>
         <load_address>0x13f3</load_address>
         <run_address>0x13f3</run_address>
         <size>0x57</size>
         <input_file_ref idref="fl-ae"/>
      </object_component>
      <object_component id="oc-b1">
         <name>.debug_line</name>
         <load_address>0x144a</load_address>
         <run_address>0x144a</run_address>
         <size>0x23</size>
         <input_file_ref idref="fl-af"/>
      </object_component>
      <object_component id="oc-b4">
         <name>.debug_line</name>
         <load_address>0x146d</load_address>
         <run_address>0x146d</run_address>
         <size>0x45</size>
         <input_file_ref idref="fl-b0"/>
      </object_component>
      <object_component id="oc-bb">
         <name>.debug_line</name>
         <load_address>0x14b2</load_address>
         <run_address>0x14b2</run_address>
         <size>0x3e</size>
         <input_file_ref idref="fl-b2"/>
      </object_component>
      <object_component id="oc-c0">
         <name>.debug_line</name>
         <load_address>0x14f0</load_address>
         <run_address>0x14f0</run_address>
         <size>0x42</size>
         <input_file_ref idref="fl-b3"/>
      </object_component>
      <object_component id="oc-c3">
         <name>.debug_line</name>
         <load_address>0x1532</load_address>
         <run_address>0x1532</run_address>
         <size>0x3c</size>
         <input_file_ref idref="fl-b4"/>
      </object_component>
      <object_component id="oc-c9">
         <name>.debug_line</name>
         <load_address>0x156e</load_address>
         <run_address>0x156e</run_address>
         <size>0xa7</size>
         <input_file_ref idref="fl-b5"/>
      </object_component>
      <object_component id="oc-cc">
         <name>.debug_line</name>
         <load_address>0x1615</load_address>
         <run_address>0x1615</run_address>
         <size>0x3e</size>
         <input_file_ref idref="fl-b6"/>
      </object_component>
      <object_component id="oc-cf">
         <name>.debug_line</name>
         <load_address>0x1653</load_address>
         <run_address>0x1653</run_address>
         <size>0x39</size>
         <input_file_ref idref="fl-b7"/>
      </object_component>
      <object_component id="oc-13">
         <name>.debug_abbrev</name>
         <load_address>0x0</load_address>
         <run_address>0x0</run_address>
         <size>0xbf</size>
         <input_file_ref idref="fl-2"/>
      </object_component>
      <object_component id="oc-18">
         <name>.debug_abbrev</name>
         <load_address>0xbf</load_address>
         <run_address>0xbf</run_address>
         <size>0xd3</size>
         <input_file_ref idref="fl-3"/>
      </object_component>
      <object_component id="oc-1d">
         <name>.debug_abbrev</name>
         <load_address>0x192</load_address>
         <run_address>0x192</run_address>
         <size>0x27</size>
         <input_file_ref idref="fl-4"/>
      </object_component>
      <object_component id="oc-21">
         <name>.debug_abbrev</name>
         <load_address>0x1b9</load_address>
         <run_address>0x1b9</run_address>
         <size>0xfe</size>
         <input_file_ref idref="fl-82"/>
      </object_component>
      <object_component id="oc-26">
         <name>.debug_abbrev</name>
         <load_address>0x2b7</load_address>
         <run_address>0x2b7</run_address>
         <size>0x119</size>
[...]
            </allocated_space>
            <allocated_space>
               <start_address>0xfa60</start_address>
               <size>0x482</size>
               <logical_group_ref idref="lg-9"/>
            </allocated_space>
            <available_space>
               <start_address>0xfee2</start_address>
               <size>0x2</size>
            </available_space>
            <allocated_space>
               <start_address>0xfee4</start_address>
               <size>0x46c</size>
               <logical_group_ref idref="lg-b"/>
            </allocated_space>
            <allocated_space>
               <start_address>0x10350</start_address>
               <size>0x164</size>
               <logical_group_ref idref="lg-6"/>
            </allocated_space>
            <allocated_space>
               <start_address>0x104b4</start_address>
               <size>0x120</size>
               <logical_group_ref idref="lg-c"/>
            </allocated_space>
            <allocated_space>
               <start_address>0x105d4</start_address>
               <size>0x28</size>
               <logical_group_ref idref="lg-a"/>
            </allocated_space>
            <available_space>
               <start_address>0x105fc</start_address>
               <size>0x1fa04</size>
            </available_space>
         </usage_details>
      </memory_area>
      <memory_area>
         <name>SDRAM</name>
         <page_id>0x0</page_id>
         <origin>0x80000000</origin>
         <length>0x1000000</length>
         <used_space>0x0</used_space>
         <unused_space>0x1000000</unused_space>
         <attributes>RWIX</attributes>
         <usage_details>
         </usage_details>
      </memory_area>
      <memory_area>
         <name>FLASH</name>
         <page_id>0x0</page_id>
         <origin>0x90000000</origin>
         <length>0x20000</length>
         <used_space>0x0</used_space>
         <unused_space>0x20000</unused_space>
         <attributes>RWIX</attributes>
         <usage_details>
         </usage_details>
      </memory_area>
   </placement_map>
   <symbol_table>
      <symbol id="sm-0">
         <name>cinit</name>
         <value>0x10350</value>
      </symbol>
      <symbol id="sm-1">
         <name>___cinit__</name>
         <value>0x10350</value>
      </symbol>
      <symbol id="sm-2">
         <name>pinit</name>
         <value>0xffffffff</value>
      </symbol>
      <symbol id="sm-3">
         <name>___pinit__</name>
         <value>0xffffffff</value>
      </symbol>
      <symbol id="sm-4">
         <name>binit</name>
         <value>0xffffffff</value>
      </symbol>
      <symbol id="sm-5">
         <name>___binit__</name>
         <value>0xffffffff</value>
      </symbol>
      <symbol id="sm-6">
         <name>__STACK_SIZE</name>
         <value>0x1000</value>
      </symbol>
      <symbol id="sm-7">
         <name>__STACK_END</name>
         <value>0xea60</value>
      </symbol>
      <symbol id="sm-8">
         <name>__SYSMEM_SIZE</name>
         <value>0x1000</value>
      </symbol>
      <symbol id="sm-9">
         <name>___c_args__</name>
         <value>0xffffffff</value>
      </symbol>
      <symbol id="sm-a">
         <name>.text</name>
         <value>0x220</value>
      </symbol>
      <symbol id="sm-b">
         <name>___text__</name>
         <value>0x220</value>
      </symbol>
      <symbol id="sm-c">
         <name>etext</name>
         <value>0xda60</value>
      </symbol>
      <symbol id="sm-d">
         <name>___etext__</name>
         <value>0xda60</value>
      </symbol>
      <symbol id="sm-e">
         <name>.data</name>
         <value>0x0</value>
      </symbol>
      <symbol id="sm-f">
         <name>___data__</name>
         <value>0x0</value>
      </symbol>
      <symbol id="sm-10">
         <name>edata</name>
         <value>0x38</value>
      </symbol>
      <symbol id="sm-11">
         <name>___edata__</name>
         <value>0x38</value>
      </symbol>
      <symbol id="sm-12">
         <name>.bss</name>
         <value>0x220</value>
      </symbol>
      <symbol id="sm-13">
         <name>___bss__</name>
         <value>0x220</value>
      </symbol>
      <symbol id="sm-14">
         <name>end</name>
         <value>0x220</value>
      </symbol>
      <symbol id="sm-15">
         <name>___end__</name>
         <value>0x220</value>
      </symbol>
      <symbol id="sm-16">
         <name>___TI_pprof_out_hndl</name>
         <value>0xffffffff</value>
      </symbol>
      <symbol id="sm-17">
         <name>___TI_prof_data_start</name>
         <value>0xffffffff</value>
      </symbol>
      <symbol id="sm-18">
         <name>___TI_prof_data_size</name>
         <value>0xffffffff</value>
      </symbol>
      <symbol id="sm-19">
         <name>$bss</name>
         <value>0x220</value>
      </symbol>
      <symbol id="sm-9c">
         <name>_obtenirOperation</name>
         <value>0x3ef8</value>
         <object_component_ref idref="oc-e3"/>
      </symbol>
      <symbol id="sm-9d">
         <name>_obtenirFormat</name>
         <value>0x3d2c</value>
         <object_component_ref idref="oc-e3"/>
      </symbol>
      <symbol id="sm-9e">
         <name>_obtenirType</name>
         <value>0x3b60</value>
         <object_component_ref idref="oc-e3"/>
      </symbol>
      <symbol id="sm-b1">
         <name>_main</name>
         <value>0xcf60</value>
         <object_component_ref idref="oc-df"/>
      </symbol>
      <symbol id="sm-c4">
         <name>_TaMere</name>
         <value>0xda40</value>
         <object_component_ref idref="oc-19"/>
      </symbol>
      <symbol id="sm-d0">
         <name>_c_int00</name>
         <value>0xd6a0</value>
         <object_component_ref idref="oc-e"/>
      </symbol>
      <symbol id="sm-d1">
         <name>__stack</name>
         <value>0xda60</value>
         <object_component_ref idref="oc-1f"/>
      </symbol>
      <symbol id="sm-e1">
         <name>C$$EXIT</name>
         <value>0xda00</value>
         <object_component_ref idref="oc-e0"/>
      </symbol>
      <symbol id="sm-e2">
         <name>_exit</name>
         <value>0xca80</value>
         <object_component_ref idref="oc-d3"/>
      </symbol>
      <symbol id="sm-e3">
         <name>___TI_enable_exit_profile_output</name>
         <value>0x1032c</value>
         <object_component_ref idref="oc-24"/>
      </symbol>
      <symbol id="sm-e4">
         <name>_abort</name>
         <value>0xda00</value>
         <object_component_ref idref="oc-e0"/>
      </symbol>
      <symbol id="sm-e5">
         <name>__cleanup_ptr</name>
         <value>0x10324</value>
         <object_component_ref idref="oc-24"/>
      </symbol>
      <symbol id="sm-e6">
         <name>__dtors_ptr</name>
         <value>0x10328</value>
         <object_component_ref idref="oc-24"/>
      </symbol>
      <symbol id="sm-f6">
         <name>_scanf</name>
         <value>0xc420</value>
         <object_component_ref idref="oc-e5"/>
      </symbol>
      <symbol id="sm-104">
         <name>_printf</name>
         <value>0xc220</value>
         <object_component_ref idref="oc-e4"/>
      </symbol>
      <symbol id="sm-10e">
         <name>_ungetc</name>
         <value>0xae00</value>
         <object_component_ref idref="oc-f3"/>
      </symbol>
      <symbol id="sm-11c">
         <name>__unlock</name>
         <value>0x10334</value>
         <object_component_ref idref="oc-32"/>
      </symbol>
      <symbol id="sm-11d">
         <name>__lock</name>
         <value>0x10330</value>
         <object_component_ref idref="oc-32"/>
      </symbol>
      <symbol id="sm-11e">
         <name>__nop</name>
         <value>0xd980</value>
         <object_component_ref idref="oc-d4"/>
      </symbol>
      <symbol id="sm-14e">
         <name>__printfi</name>
         <value>0x4c40</value>
         <object_component_ref idref="oc-e8"/>
      </symbol>
      <symbol id="sm-16c">
         <name>__scanfi</name>
         <value>0x220</value>
         <object_component_ref idref="oc-ec"/>
      </symbol>
      <symbol id="sm-176">
         <name>__args_main</name>
         <value>0xd900</value>
         <object_component_ref idref="oc-d2"/>
      </symbol>
      <symbol id="sm-177">
         <name>__TI_args_main</name>
         <value>0x1</value>
      </symbol>
      <symbol id="sm-181">
         <name>_atoi</name>
         <value>0xb1e0</value>
         <object_component_ref idref="oc-100"/>
      </symbol>
      <symbol id="sm-18b">
         <name>__auto_init</name>
         <value>0xbd20</value>
         <object_component_ref idref="oc-d1"/>
      </symbol>
      <symbol id="sm-195">
         <name>___TI_cpp_init</name>
         <value>0xd520</value>
         <object_component_ref idref="oc-de"/>
      </symbol>
      <symbol id="sm-19f">
         <name>_copy_in</name>
         <value>0xcde0</value>
         <object_component_ref idref="oc-dc"/>
      </symbol>
      <symbol id="sm-1a7">
         <name>__ctypes_</name>
         <value>0xfc78</value>
         <object_component_ref idref="oc-f4"/>
      </symbol>
      <symbol id="sm-1b1">
         <name>__tmpnams</name>
         <value>0x100c4</value>
         <object_component_ref idref="oc-4f"/>
      </symbol>
      <symbol id="sm-1b2">
         <name>__ft_end</name>
         <value>0x10204</value>
         <object_component_ref idref="oc-4f"/>
      </symbol>
      <symbol id="sm-1b3">
         <name>__ftable</name>
         <value>0xfee4</value>
         <object_component_ref idref="oc-4f"/>
      </symbol>
      <symbol id="sm-1bd">
         <name>__divd</name>
         <value>0x15a0</value>
         <object_component_ref idref="oc-124"/>
      </symbol>
      <symbol id="sm-1c5">
         <name>__c6xabi_divu</name>
         <value>0xcd20</value>
         <object_component_ref idref="oc-13a"/>
      </symbol>
      <symbol id="sm-1c6">
         <name>__divu</name>
         <value>0xcd20</value>
         <object_component_ref idref="oc-13a"/>
      </symbol>
      <symbol id="sm-1d0">
         <name>_getc</name>
         <value>0xa700</value>
         <object_component_ref idref="oc-f5"/>
      </symbol>
      <symbol id="sm-1d1">
         <name>_fgetc</name>
         <value>0xa700</value>
         <object_component_ref idref="oc-f5"/>
      </symbol>
      <symbol id="sm-1db">
         <name>__fixdli</name>
         <value>0xd020</value>
         <object_component_ref idref="oc-137"/>
      </symbol>
      <symbol id="sm-1e5">
         <name>__fltlid</name>
         <value>0xd5a0</value>
         <object_component_ref idref="oc-139"/>
      </symbol>
      <symbol id="sm-1ef">
         <name>_putc</name>
         <value>0x8c40</value>
         <object_component_ref idref="oc-ee"/>
      </symbol>
      <symbol id="sm-1f0">
         <name>_fputc</name>
         <value>0x8c40</value>
         <object_component_ref idref="oc-ee"/>
      </symbol>
      <symbol id="sm-1fc">
         <name>_fputs</name>
         <value>0x56c0</value>
         <object_component_ref idref="oc-ed"/>
      </symbol>
      <symbol id="sm-206">
         <name>__frcmpyd_div</name>
         <value>0xb0a0</value>
         <object_component_ref idref="oc-136"/>
      </symbol>
      <symbol id="sm-216">
         <name>__divul</name>
         <value>0x8ee0</value>
         <object_component_ref idref="oc-11e"/>
      </symbol>
      <symbol id="sm-217">
         <name>__remli</name>
         <value>0xd160</value>
         <object_component_ref idref="oc-13d"/>
      </symbol>
      <symbol id="sm-218">
         <name>__remul</name>
         <value>0xd200</value>
         <object_component_ref idref="oc-127"/>
      </symbol>
      <symbol id="sm-219">
         <name>__divli</name>
         <value>0xbf20</value>
         <object_component_ref idref="oc-13e"/>
      </symbol>
      <symbol id="sm-227">
         <name>__subcull</name>
         <value>0xd860</value>
         <object_component_ref idref="oc-134"/>
      </symbol>
      <symbol id="sm-228">
         <name>__divull</name>
         <value>0x6fe0</value>
         <object_component_ref idref="oc-120"/>
      </symbol>
      <symbol id="sm-229">
         <name>__remull</name>
         <value>0xd2a0</value>
         <object_component_ref idref="oc-128"/>
      </symbol>
      <symbol id="sm-233">
         <name>___isinf</name>
         <value>0xd7a0</value>
         <object_component_ref idref="oc-114"/>
      </symbol>
      <symbol id="sm-23f">
         <name>__llshl</name>
         <value>0xd620</value>
         <object_component_ref idref="oc-133"/>
      </symbol>
      <symbol id="sm-240">
         <name>__llshru</name>
         <value>0xd800</value>
         <object_component_ref idref="oc-135"/>
      </symbol>
      <symbol id="sm-25a">
         <name>_read</name>
         <value>0xc320</value>
         <object_component_ref idref="oc-107"/>
      </symbol>
      <symbol id="sm-25b">
         <name>_unlink</name>
         <value>0xd3e0</value>
         <object_component_ref idref="oc-13f"/>
      </symbol>
      <symbol id="sm-25c">
         <name>_lseek</name>
         <value>0xc120</value>
         <object_component_ref idref="oc-129"/>
      </symbol>
      <symbol id="sm-25d">
         <name>_close</name>
         <value>0xb8e0</value>
         <object_component_ref idref="oc-13b"/>
      </symbol>
      <symbol id="sm-25e">
         <name>_write</name>
         <value>0xc520</value>
         <object_component_ref idref="oc-ff"/>
      </symbol>
      <symbol id="sm-268">
         <name>_ltoa</name>
         <value>0xb320</value>
         <object_component_ref idref="oc-138"/>
      </symbol>
      <symbol id="sm-272">
         <name>_memccpy</name>
         <value>0xd720</value>
         <object_component_ref idref="oc-103"/>
      </symbol>
      <symbol id="sm-27c">
         <name>_memcpy</name>
         <value>0x95c0</value>
         <object_component_ref idref="oc-dd"/>
      </symbol>
      <symbol id="sm-286">
         <name>_memset</name>
         <value>0xba00</value>
         <object_component_ref idref="oc-f6"/>
      </symbol>
      <symbol id="sm-290">
         <name>__mpyll</name>
         <value>0xd0c0</value>
         <object_component_ref idref="oc-11f"/>
      </symbol>
      <symbol id="sm-29a">
         <name>__negll</name>
         <value>0xd960</value>
         <object_component_ref idref="oc-119"/>
      </symbol>
      <symbol id="sm-2a4">
         <name>_setvbuf</name>
         <value>0x86e0</value>
         <object_component_ref idref="oc-104"/>
      </symbol>
      <symbol id="sm-2b2">
         <name>_strtod</name>
         <value>0x29c0</value>
         <object_component_ref idref="oc-10e"/>
      </symbol>
      <symbol id="sm-2bc">
         <name>_strtol</name>
         <value>0x46c0</value>
         <object_component_ref idref="oc-110"/>
      </symbol>
      <symbol id="sm-2ca">
         <name>_strtold</name>
         <value>0x2fa0</value>
         <object_component_ref idref="oc-10f"/>
      </symbol>
      <symbol id="sm-2d4">
         <name>_strtoll</name>
         <value>0x3580</value>
         <object_component_ref idref="oc-111"/>
      </symbol>
      <symbol id="sm-2de">
         <name>_strtoul</name>
         <value>0x51a0</value>
         <object_component_ref idref="oc-10c"/>
      </symbol>
      <symbol id="sm-2e8">
         <name>_strtoull</name>
         <value>0x5b80</value>
         <object_component_ref idref="oc-10d"/>
      </symbol>
      <symbol id="sm-300">
         <name>_HOSTopen</name>
         <value>0xb460</value>
         <object_component_ref idref="oc-d5"/>
      </symbol>
      <symbol id="sm-301">
         <name>_HOSTread</name>
         <value>0xaf60</value>
         <object_component_ref idref="oc-d7"/>
      </symbol>
      <symbol id="sm-302">
         <name>_HOSTrename</name>
         <value>0x9800</value>
         <object_component_ref idref="oc-db"/>
      </symbol>
      <symbol id="sm-303">
         <name>_HOSTwrite</name>
         <value>0xb580</value>
         <object_component_ref idref="oc-d8"/>
      </symbol>
      <symbol id="sm-304">
         <name>_HOSTlseek</name>
         <value>0xa880</value>
         <object_component_ref idref="oc-d9"/>
      </symbol>
      <symbol id="sm-305">
         <name>_HOSTunlink</name>
         <value>0xbc20</value>
         <object_component_ref idref="oc-da"/>
      </symbol>
      <symbol id="sm-306">
         <name>_HOSTclose</name>
         <value>0xbb20</value>
         <object_component_ref idref="oc-d6"/>
      </symbol>
      <symbol id="sm-314">
         <name>C$$IO$$</name>
         <value>0xd4f8</value>
         <object_component_ref idref="oc-e1"/>
      </symbol>
      <symbol id="sm-315">
         <name>__CIOBUF_</name>
         <value>0x104b4</value>
         <object_component_ref idref="oc-a7"/>
      </symbol>
      <symbol id="sm-316">
         <name>_readmsg</name>
         <value>0xd340</value>
         <object_component_ref idref="oc-e2"/>
      </symbol>
      <symbol id="sm-317">
         <name>_writemsg</name>
         <value>0xd480</value>
         <object_component_ref idref="oc-e1"/>
      </symbol>
      <symbol id="sm-321">
         <name>__buff_read</name>
         <value>0xa9e0</value>
         <object_component_ref idref="oc-106"/>
      </symbol>
      <symbol id="sm-32d">
         <name>__rd_ok</name>
         <value>0xc9a0</value>
         <object_component_ref idref="oc-105"/>
      </symbol>
      <symbol id="sm-32e">
         <name>__wrt_ok</name>
         <value>0xb7c0</value>
         <object_component_ref idref="oc-fd"/>
      </symbol>
      <symbol id="sm-33d">
         <name>__c6xabi_divi</name>
         <value>0xb6a0</value>
         <object_component_ref idref="oc-122"/>
      </symbol>
      <symbol id="sm-33e">
         <name>__divi</name>
         <value>0xb6a0</value>
         <object_component_ref idref="oc-122"/>
      </symbol>
      <symbol id="sm-348">
         <name>_errno</name>
         <value>0x10348</value>
         <object_component_ref idref="oc-b8"/>
      </symbol>
      <symbol id="sm-352">
         <name>__doflush</name>
         <value>0xc700</value>
         <object_component_ref idref="oc-fe"/>
      </symbol>
      <symbol id="sm-360">
         <name>__cleanup</name>
         <value>0xc620</value>
         <object_component_ref idref="oc-11d"/>
      </symbol>
      <symbol id="sm-36a">
         <name>_fseek</name>
         <value>0xa200</value>
         <object_component_ref idref="oc-112"/>
      </symbol>
      <symbol id="sm-380">
         <name>__sys_memory</name>
         <value>0xea60</value>
         <object_component_ref idref="oc-c8"/>
      </symbol>
      <symbol id="sm-381">
         <name>_free</name>
         <value>0x76e0</value>
         <object_component_ref idref="oc-11b"/>
      </symbol>
      <symbol id="sm-382">
         <name>_malloc</name>
         <value>0x9380</value>
         <object_component_ref idref="oc-11c"/>
      </symbol>
      <symbol id="sm-38c">
         <name>__closefile</name>
         <value>0xab40</value>
         <object_component_ref idref="oc-132"/>
      </symbol>
      <symbol id="sm-396">
         <name>_remove</name>
         <value>0xda20</value>
         <object_component_ref idref="oc-13c"/>
      </symbol>
   </symbol_table>
</link_info>
