******************************************************************************
               TMS320C6x Linker PC v7.4.20                     
******************************************************************************
>> Linked Sun Sep 10 09:51:23 2017

OUTPUT FILE NAME:   <APP2.out>
ENTRY POINT SYMBOL: "_c_int00"  address: 0000d6a0


MEMORY CONFIGURATION

         name            origin    length      used     unused   attr    fill
----------------------  --------  ---------  --------  --------  ----  --------
  IVECS                 00000000   00000220  00000038  000001e8  RWIX
  IRAM                  00000220   0002fde0  000103da  0001fa06  RWIX
  SDRAM                 80000000   01000000  00000000  01000000  RWIX
  FLASH                 90000000   00020000  00000000  00020000  RWIX


SECTION ALLOCATION MAP

 output                                  attributes/
section   page    origin      length       input sections
--------  ----  ----------  ----------   ----------------
.data      0    00000000    00000038     
                  00000000    00000038     test.obj (.data)

.bss       0    00000220    00000000     UNINITIALIZED

.text      0    00000220    0000d840     
                  00000220    00000bc0     rts6700.lib : _scanfi.obj (.text:__scanfi)
                  00000de0    000007c0                 : _scanfi.obj (.text:__sset_arg)
                  000015a0    00000720                 : divd.obj (.text:__divd)
                  00001cc0    000006c0                 : _printfi.obj (.text:__getarg_diouxp)
                  00002380    00000640                 : _printfi.obj (.text:__setfield)
                  000029c0    000005e0                 : strtod.obj (.text:_strtod)
                  00002fa0    000005e0                 : strtold.obj (.text:_strtold)
                  00003580    000005e0                 : strtoll.obj (.text:_strtoll)
                  00003b60    000005c0     liste.obj (.text)
                  00004120    000005a0     rts6700.lib : _scanfi.obj (.text:__sproc_int)
                  000046c0    00000580                 : strtol.obj (.text:_strtol)
                  00004c40    00000560                 : _printfi.obj (.text:__printfi)
                  000051a0    00000520                 : strtoul.obj (.text:_strtoul)
                  000056c0    000004c0                 : fputs.obj (.text:_fputs)
                  00005b80    000004a0                 : strtoull.obj (.text:_strtoull)
                  00006020    00000420                 : _printfi.obj (.text:_fcvt)
                  00006440    00000400                 : _printfi.obj (.text:__pproc_fge)
                  00006840    00000400                 : _printfi.obj (.text:_ecvt)
                  00006c40    000003a0                 : _scanfi.obj (.text:__sget_conv)
                  00006fe0    00000380                 : imath64.obj (.text:__divull)
                  00007360    00000380                 : _scanfi.obj (.text:__sproc_float)
                  000076e0    00000380                 : memory.obj (.text:_free)
                  00007a60    00000360                 : _printfi.obj (.text:__pconv_e)
                  00007dc0    00000360                 : _printfi.obj (.text:__pproc_fwp)
                  00008120    00000300                 : _printfi.obj (.text:__pproc_diouxp)
                  00008420    000002c0                 : _printfi.obj (.text:__pproc_str)
                  000086e0    000002c0                 : setvbuf.obj (.text:_setvbuf)
                  000089a0    000002a0                 : _printfi.obj (.text:__pconv_g)
                  00008c40    000002a0                 : fputc.obj (.text:_fputc)
                  00008ee0    00000260                 : imath40.obj (.text:__divul)
                  00009140    00000240                 : _printfi.obj (.text:__mcpy)
                  00009380    00000240                 : memory.obj (.text:_malloc)
                  000095c0    00000240                 : memcpy62.obj (.text:_memcpy)
                  00009800    00000220                 : trgdrv.obj (.text:_HOSTrename)
                  00009a20    00000220                 : _scanfi.obj (.text:__sproc_str)
                  00009c40    00000200                 : fscanf.obj (.text:__chkmbc)
                  00009e40    000001e0                 : _scanfi.obj (.text:__sproc_lb)
                  0000a020    000001e0                 : lowlev.obj (.text:_getdevice)
                  0000a200    000001c0                 : fseek.obj (.text:_fseek)
                  0000a3c0    000001a0                 : _printfi.obj (.text:__ltostr)
                  0000a560    000001a0                 : _printfi.obj (.text:__pproc_fflags)
                  0000a700    00000180                 : fgetc.obj (.text:_fgetc)
                  0000a880    00000160                 : trgdrv.obj (.text:_HOSTlseek)
                  0000a9e0    00000160                 : _bufread.obj (.text:__buff_read)
                  0000ab40    00000160                 : fclose.obj (.text:__closefile)
                  0000aca0    00000160                 : _scanfi.obj (.text:__sget_scanset)
                  0000ae00    00000160                 : ungetc.obj (.text:_ungetc)
                  0000af60    00000140                 : trgdrv.obj (.text:_HOSTread)
                  0000b0a0    00000140                 : frcmpyd_div.obj (.text:__frcmpyd_div)
                  0000b1e0    00000140                 : atoi.obj (.text:_atoi)
                  0000b320    00000140                 : ltoa.obj (.text:_ltoa)
                  0000b460    00000120                 : trgdrv.obj (.text:_HOSTopen)
                  0000b580    00000120                 : trgdrv.obj (.text:_HOSTwrite)
                  0000b6a0    00000120                 : divi.obj (.text:__divi)
                  0000b7c0    00000120                 : _io_perm.obj (.text:__wrt_ok)
                  0000b8e0    00000120                 : lowlev.obj (.text:_close)
                  0000ba00    00000120                 : memset.obj (.text:_memset)
                  0000bb20    00000100                 : trgdrv.obj (.text:_HOSTclose)
                  0000bc20    00000100                 : trgdrv.obj (.text:_HOSTunlink)
                  0000bd20    00000100                 : autoinit.obj (.text:__auto_init)
                  0000be20    00000100                 : _printfi.obj (.text:__div)
                  0000bf20    00000100                 : imath40.obj (.text:__divli)
                  0000c020    00000100                 : _printfi.obj (.text:__pconv_f)
                  0000c120    00000100                 : lowlev.obj (.text:_lseek)
                  0000c220    00000100                 : printf.obj (.text:_printf)
                  0000c320    00000100                 : lowlev.obj (.text:_read)
                  0000c420    00000100                 : fscanf.obj (.text:_scanf)
                  0000c520    00000100                 : lowlev.obj (.text:_write)
                  0000c620    000000e0                 : fopen.obj (.text:__cleanup)
                  0000c700    000000e0                 : fflush.obj (.text:__doflush)
                  0000c7e0    000000e0                 : _printfi.obj (.text:__ecpy)
                  0000c8c0    000000e0                 : _printfi.obj (.text:__fcpy)
                  0000c9a0    000000e0                 : _io_perm.obj (.text:__rd_ok)
                  0000ca80    000000e0                 : exit.obj (.text:_exit)
                  0000cb60    000000e0                 : memory.obj (.text:_minsert)
                  0000cc40    000000e0                 : memory.obj (.text:_mremove)
                  0000cd20    000000c0                 : divu.obj (.text:__divu)
                  0000cde0    000000c0                 : cpy_tbl.obj (.text:_copy_in)
                  0000cea0    000000c0                 : lowlev.obj (.text:_finddevice)
                  0000cf60    000000c0     main.obj (.text)
                  0000d020    000000a0     rts6700.lib : fixdli.obj (.text:__fixdli)
                  0000d0c0    000000a0                 : mpyll.obj (.text:__mpyll)
                  0000d160    000000a0                 : imath40.obj (.text:__remli)
                  0000d200    000000a0                 : imath40.obj (.text:__remul)
                  0000d2a0    000000a0                 : imath64.obj (.text:__remull)
                  0000d340    000000a0                 : trgmsg.obj (.text:_readmsg)
                  0000d3e0    000000a0                 : lowlev.obj (.text:_unlink)
                  0000d480    000000a0                 : trgmsg.obj (.text:_writemsg)
                  0000d520    00000080                 : cpp_init.obj (.text:___TI_cpp_init)
                  0000d5a0    00000080                 : fltlid.obj (.text:__fltlid)
                  0000d620    00000080                 : llshift.obj (.text:__llshl)
                  0000d6a0    00000080                 : boot.obj (.text:_c_int00)
                  0000d720    00000080                 : memccpy.obj (.text:_memccpy)
                  0000d7a0    00000060                 : isinf.obj (.text:___isinf)
                  0000d800    00000060                 : llshift.obj (.text:__llshru)
                  0000d860    00000060                 : imath64.obj (.text:__subcull)
                  0000d8c0    00000040                 : _printfi.obj (.text:___isnan)
                  0000d900    00000040                 : args_main.obj (.text:__args_main)
                  0000d940    00000020                 : fscanf.obj (.text:__inpchar)
                  0000d960    00000020                 : negll.obj (.text:__negll)
                  0000d980    00000020                 : _lock.obj (.text:__nop)
                  0000d9a0    00000020                 : printf.obj (.text:__outc)
                  0000d9c0    00000020                 : printf.obj (.text:__outs)
                  0000d9e0    00000020                 : fscanf.obj (.text:__uninpchar)
                  0000da00    00000020                 : exit.obj (.text:_abort)
                  0000da20    00000020                 : remove.obj (.text:_remove)
                  0000da40    00000020     test.obj (.text)

.stack     0    0000da60    00001000     UNINITIALIZED
                  0000da60    00000008     rts6700.lib : boot.obj (.stack)
                  0000da68    00000ff8     --HOLE--

.sysmem    0    0000ea60    00001000     UNINITIALIZED
                  0000ea60    00000008     rts6700.lib : memory.obj (.sysmem)
                  0000ea68    00000ff8     --HOLE--

.const     0    0000fa60    00000482     
                  0000fa60    00000218     liste.obj (.const:.string)
                  0000fc78    00000101     rts6700.lib : ctype.obj (.const:.string:__ctypes_)
                  0000fd79    00000002                 : fputs.obj (.const:.string)
                  0000fd7b    00000001     --HOLE-- [fill = 0]
                  0000fd7c    00000004     main.obj (.const:.string)
                  0000fd80    00000050     rts6700.lib : strtod.obj (.const:_digits)
                  0000fdd0    00000050                 : strtold.obj (.const:_digits)
                  0000fe20    00000048                 : strtod.obj (.const:_powerof10)
                  0000fe68    00000048                 : strtold.obj (.const:_powerof10)
                  0000feb0    00000023                 : _printfi.obj (.const:.string)
                  0000fed3    00000001     --HOLE-- [fill = 0]
                  0000fed4    00000007                 : _scanfi.obj (.const:.string:_flit$1)
                  0000fedb    00000001     --HOLE-- [fill = 0]
                  0000fedc    00000006                 : _scanfi.obj (.const:.string:_barr$2)

.far       0    0000fee4    0000046c     UNINITIALIZED
                  0000fee4    00000324     rts6700.lib : defs.obj (.far)
                  00010208    0000011c                 : lowlev.obj (.far)
                  00010324    0000000c                 : exit.obj (.far)
                  00010330    00000008                 : _lock.obj (.far)
                  00010338    00000008                 : memory.obj (.far)
                  00010340    00000008                 : trgdrv.obj (.far)
                  00010348    00000004                 : errno.obj (.far)
                  0001034c    00000004                 : fopen.obj (.far)

.cinit     0    00010350    00000164     
                  00010350    0000005c     rts6700.lib : defs.obj (.cinit)
                  000103ac    00000004     --HOLE-- [fill = 0]
                  000103b0    0000005c                 : lowlev.obj (.cinit)
                  0001040c    00000004     --HOLE-- [fill = 0]
                  00010410    0000002c                 : exit.obj (.cinit)
                  0001043c    00000004     --HOLE-- [fill = 0]
                  00010440    0000002c                 : memory.obj (.cinit)
                  0001046c    00000004     --HOLE-- [fill = 0]
                  00010470    0000001c                 : _lock.obj (.cinit)
                  0001048c    00000004     --HOLE-- [fill = 0]
                  00010490    0000000c                 : errno.obj (.cinit)
                  0001049c    00000004     --HOLE-- [fill = 0]
                  000104a0    0000000c                 : fopen.obj (.cinit)
                  000104ac    00000004     --HOLE-- [fill = 0]
                  000104b0    00000004     (.pad.cinit) [fill = 0]

.cio       0    000104b4    00000120     UNINITIALIZED
                  000104b4    00000120     rts6700.lib : trgmsg.obj (.cio)

.switch    0    000105d4    00000028     
                  000105d4    00000028     rts6700.lib : _scanfi.obj (.switch:__sset_arg)


GLOBAL SYMBOLS: SORTED ALPHABETICALLY BY Name 

address    name
--------   ----
00000220   $bss
00000220   .bss
00000000   .data
00000220   .text
0000da00   C$$EXIT
0000d4f8   C$$IO$$
0000bb20   _HOSTclose
0000a880   _HOSTlseek
0000b460   _HOSTopen
0000af60   _HOSTread
00009800   _HOSTrename
0000bc20   _HOSTunlink
0000b580   _HOSTwrite
0000da40   _TaMere
000104b4   __CIOBUF_
0000ea60   __STACK_END
00001000   __STACK_SIZE
00001000   __SYSMEM_SIZE
00000001   __TI_args_main
0000d520   ___TI_cpp_init
0001032c   ___TI_enable_exit_profile_output
ffffffff   ___TI_pprof_out_hndl
ffffffff   ___TI_prof_data_size
ffffffff   ___TI_prof_data_start
ffffffff   ___binit__
00000220   ___bss__
ffffffff   ___c_args__
00010350   ___cinit__
00000000   ___data__
00000038   ___edata__
00000220   ___end__
0000da60   ___etext__
0000d7a0   ___isinf
ffffffff   ___pinit__
00000220   ___text__
0000d900   __args_main
0000bd20   __auto_init
0000a9e0   __buff_read
0000b6a0   __c6xabi_divi
0000cd20   __c6xabi_divu
0000c620   __cleanup
00010324   __cleanup_ptr
0000ab40   __closefile
0000fc78   __ctypes_
000015a0   __divd
0000b6a0   __divi
0000bf20   __divli
0000cd20   __divu
00008ee0   __divul
00006fe0   __divull
0000c700   __doflush
00010328   __dtors_ptr
0000d020   __fixdli
0000d5a0   __fltlid
0000b0a0   __frcmpyd_div
00010204   __ft_end
0000fee4   __ftable
0000d620   __llshl
0000d800   __llshru
00010330   __lock
0000d0c0   __mpyll
0000d960   __negll
0000d980   __nop
00004c40   __printfi
0000c9a0   __rd_ok
0000d160   __remli
0000d200   __remul
0000d2a0   __remull
00000220   __scanfi
0000da60   __stack
0000d860   __subcull
0000ea60   __sys_memory
000100c4   __tmpnams
00010334   __unlock
0000b7c0   __wrt_ok
0000da00   _abort
0000b1e0   _atoi
0000d6a0   _c_int00
0000b8e0   _close
0000cde0   _copy_in
00010348   _errno
0000ca80   _exit
0000a700   _fgetc
00008c40   _fputc
000056c0   _fputs
000076e0   _free
0000a200   _fseek
0000a700   _getc
0000c120   _lseek
0000b320   _ltoa
0000cf60   _main
00009380   _malloc
0000d720   _memccpy
000095c0   _memcpy
0000ba00   _memset
00003d2c   _obtenirFormat
00003ef8   _obtenirOperation
00003b60   _obtenirType
0000c220   _printf
00008c40   _putc
0000c320   _read
0000d340   _readmsg
0000da20   _remove
0000c420   _scanf
000086e0   _setvbuf
000029c0   _strtod
000046c0   _strtol
00002fa0   _strtold
00003580   _strtoll
000051a0   _strtoul
00005b80   _strtoull
0000ae00   _ungetc
0000d3e0   _unlink
0000c520   _write
0000d480   _writemsg
ffffffff   binit
00010350   cinit
00000038   edata
00000220   end
0000da60   etext
ffffffff   pinit


GLOBAL SYMBOLS: SORTED BY Symbol Address 

address    name
--------   ----
00000000   .data
00000000   ___data__
00000001   __TI_args_main
00000038   ___edata__
00000038   edata
00000220   $bss
00000220   .bss
00000220   .text
00000220   ___bss__
00000220   ___end__
00000220   ___text__
00000220   __scanfi
00000220   end
00001000   __STACK_SIZE
00001000   __SYSMEM_SIZE
000015a0   __divd
000029c0   _strtod
00002fa0   _strtold
00003580   _strtoll
00003b60   _obtenirType
00003d2c   _obtenirFormat
00003ef8   _obtenirOperation
000046c0   _strtol
00004c40   __printfi
000051a0   _strtoul
000056c0   _fputs
00005b80   _strtoull
00006fe0   __divull
000076e0   _free
000086e0   _setvbuf
00008c40   _fputc
00008c40   _putc
00008ee0   __divul
00009380   _malloc
000095c0   _memcpy
00009800   _HOSTrename
0000a200   _fseek
0000a700   _fgetc
0000a700   _getc
0000a880   _HOSTlseek
0000a9e0   __buff_read
0000ab40   __closefile
0000ae00   _ungetc
0000af60   _HOSTread
0000b0a0   __frcmpyd_div
0000b1e0   _atoi
0000b320   _ltoa
0000b460   _HOSTopen
0000b580   _HOSTwrite
0000b6a0   __c6xabi_divi
0000b6a0   __divi
0000b7c0   __wrt_ok
0000b8e0   _close
0000ba00   _memset
0000bb20   _HOSTclose
0000bc20   _HOSTunlink
0000bd20   __auto_init
0000bf20   __divli
0000c120   _lseek
0000c220   _printf
0000c320   _read
0000c420   _scanf
0000c520   _write
0000c620   __cleanup
0000c700   __doflush
0000c9a0   __rd_ok
0000ca80   _exit
0000cd20   __c6xabi_divu
0000cd20   __divu
0000cde0   _copy_in
0000cf60   _main
0000d020   __fixdli
0000d0c0   __mpyll
0000d160   __remli
0000d200   __remul
0000d2a0   __remull
0000d340   _readmsg
0000d3e0   _unlink
0000d480   _writemsg
0000d4f8   C$$IO$$
0000d520   ___TI_cpp_init
0000d5a0   __fltlid
0000d620   __llshl
0000d6a0   _c_int00
0000d720   _memccpy
0000d7a0   ___isinf
0000d800   __llshru
0000d860   __subcull
0000d900   __args_main
0000d960   __negll
0000d980   __nop
0000da00   C$$EXIT
0000da00   _abort
0000da20   _remove
0000da40   _TaMere
0000da60   ___etext__
0000da60   __stack
0000da60   etext
0000ea60   __STACK_END
0000ea60   __sys_memory
0000fc78   __ctypes_
0000fee4   __ftable
000100c4   __tmpnams
00010204   __ft_end
00010324   __cleanup_ptr
00010328   __dtors_ptr
0001032c   ___TI_enable_exit_profile_output
00010330   __lock
00010334   __unlock
00010348   _errno
00010350   ___cinit__
00010350   cinit
000104b4   __CIOBUF_
ffffffff   ___TI_pprof_out_hndl
ffffffff   ___TI_prof_data_size
ffffffff   ___TI_prof_data_start
ffffffff   ___binit__
ffffffff   ___c_args__
ffffffff   ___pinit__
ffffffff   binit
ffffffff   pinit

[121 symbols]
