******************************************************************************
               TMS320C6x Linker PC v7.4.20                     
******************************************************************************
>> Linked Mon Sep 11 14:47:51 2017

OUTPUT FILE NAME:   <APP2.out>
ENTRY POINT SYMBOL: "_c_int00"  address: 0000f280


MEMORY CONFIGURATION

         name            origin    length      used     unused   attr    fill
----------------------  --------  ---------  --------  --------  ----  --------
  IVECS                 00000000   00000220  00000100  00000120  RWIX
  IRAM                  00000220   0002fde0  000124e6  0001d8fa  RWIX
  SDRAM                 80000000   01000000  00000000  01000000  RWIX
  FLASH                 90000000   00020000  00000000  00020000  RWIX


SECTION ALLOCATION MAP

 output                                  attributes/
section   page    origin      length       input sections
--------  ----  ----------  ----------   ----------------
.data      0    00000000    00000100     
                  00000000    000000e0     Mpy.obj (.data)
                  000000e0    0000001c     fonctionHugo.obj (.data)
                  000000fc    00000004     --HOLE-- [fill = 00000000]

.bss       0    00000220    00000000     UNINITIALIZED

.text      0    00000220    0000f540     
                  00000220    00000d80     liste.obj (.text)
                  00000fa0    00000bc0     rts6700.lib : _scanfi.obj (.text:__scanfi)
                  00001b60    00000900                 : pow.obj (.text:_pow)
                  00002460    000007c0                 : _scanfi.obj (.text:__sset_arg)
                  00002c20    00000720                 : divd.obj (.text:__divd)
                  00003340    000006c0                 : _printfi.obj (.text:__getarg_diouxp)
                  00003a00    00000640                 : _printfi.obj (.text:__setfield)
                  00004040    000005e0                 : strtod.obj (.text:_strtod)
                  00004620    000005e0                 : strtold.obj (.text:_strtold)
                  00004c00    000005e0                 : strtoll.obj (.text:_strtoll)
                  000051e0    000005a0                 : _scanfi.obj (.text:__sproc_int)
                  00005780    00000580                 : strtol.obj (.text:_strtol)
                  00005d00    00000560                 : _printfi.obj (.text:__printfi)
                  00006260    00000520                 : strtoul.obj (.text:_strtoul)
                  00006780    000004c0                 : fputs.obj (.text:_fputs)
                  00006c40    000004a0                 : strtoull.obj (.text:_strtoull)
                  000070e0    00000420                 : _printfi.obj (.text:_fcvt)
                  00007500    00000400                 : _printfi.obj (.text:__pproc_fge)
                  00007900    00000400                 : _printfi.obj (.text:_ecvt)
                  00007d00    000003a0                 : _scanfi.obj (.text:__sget_conv)
                  000080a0    00000380                 : imath64.obj (.text:__divull)
                  00008420    00000380                 : _scanfi.obj (.text:__sproc_float)
                  000087a0    00000380                 : memory.obj (.text:_free)
                  00008b20    00000380     operande.obj (.text)
                  00008ea0    00000360     rts6700.lib : _printfi.obj (.text:__pconv_e)
                  00009200    00000360                 : _printfi.obj (.text:__pproc_fwp)
                  00009560    00000300                 : _printfi.obj (.text:__pproc_diouxp)
                  00009860    000002c0                 : _printfi.obj (.text:__pproc_str)
                  00009b20    000002c0                 : setvbuf.obj (.text:_setvbuf)
                  00009de0    000002a0                 : _printfi.obj (.text:__pconv_g)
                  0000a080    000002a0                 : fputc.obj (.text:_fputc)
                  0000a320    00000260                 : imath40.obj (.text:__divul)
                  0000a580    00000240                 : _printfi.obj (.text:__mcpy)
                  0000a7c0    00000240                 : memory.obj (.text:_malloc)
                  0000aa00    00000240                 : memcpy62.obj (.text:_memcpy)
                  0000ac40    00000220                 : trgdrv.obj (.text:_HOSTrename)
                  0000ae60    00000220                 : _scanfi.obj (.text:__sproc_str)
                  0000b080    00000200                 : fscanf.obj (.text:__chkmbc)
                  0000b280    000001e0                 : _scanfi.obj (.text:__sproc_lb)
                  0000b460    000001e0                 : lowlev.obj (.text:_getdevice)
                  0000b640    000001c0                 : fseek.obj (.text:_fseek)
                  0000b800    000001a0                 : _printfi.obj (.text:__ltostr)
                  0000b9a0    000001a0                 : _printfi.obj (.text:__pproc_fflags)
                  0000bb40    000001a0                 : ldexp.obj (.text:_ldexp)
                  0000bce0    00000180                 : fgetc.obj (.text:_fgetc)
                  0000be60    00000160                 : trgdrv.obj (.text:_HOSTlseek)
                  0000bfc0    00000160                 : _bufread.obj (.text:__buff_read)
                  0000c120    00000160                 : fclose.obj (.text:__closefile)
                  0000c280    00000160                 : _scanfi.obj (.text:__sget_scanset)
                  0000c3e0    00000160                 : ungetc.obj (.text:_ungetc)
                  0000c540    00000140                 : trgdrv.obj (.text:_HOSTread)
                  0000c680    00000140                 : fltllid.obj (.text:__fltllid)
                  0000c7c0    00000140                 : frcmpyd_div.obj (.text:__frcmpyd_div)
                  0000c900    00000140                 : atoi.obj (.text:_atoi)
                  0000ca40    00000140                 : ltoa.obj (.text:_ltoa)
                  0000cb80    00000120                 : trgdrv.obj (.text:_HOSTopen)
                  0000cca0    00000120                 : trgdrv.obj (.text:_HOSTwrite)
                  0000cdc0    00000120                 : divi.obj (.text:__divi)
                  0000cee0    00000120                 : _io_perm.obj (.text:__wrt_ok)
                  0000d000    00000120                 : lowlev.obj (.text:_close)
                  0000d120    00000120                 : frexp.obj (.text:_frexp)
                  0000d240    00000120                 : memset.obj (.text:_memset)
                  0000d360    00000120     div.obj (.text)
                  0000d480    00000100     rts6700.lib : trgdrv.obj (.text:_HOSTclose)
                  0000d580    00000100                 : trgdrv.obj (.text:_HOSTunlink)
                  0000d680    00000100                 : autoinit.obj (.text:__auto_init)
                  0000d780    00000100                 : _printfi.obj (.text:__div)
                  0000d880    00000100                 : imath40.obj (.text:__divli)
                  0000d980    00000100                 : _printfi.obj (.text:__pconv_f)
                  0000da80    00000100                 : lowlev.obj (.text:_lseek)
                  0000db80    00000100                 : printf.obj (.text:_printf)
                  0000dc80    00000100                 : lowlev.obj (.text:_read)
                  0000dd80    00000100                 : fscanf.obj (.text:_scanf)
                  0000de80    00000100                 : lowlev.obj (.text:_write)
                  0000df80    000000e0                 : fopen.obj (.text:__cleanup)
                  0000e060    000000e0                 : fflush.obj (.text:__doflush)
                  0000e140    000000e0                 : _printfi.obj (.text:__ecpy)
                  0000e220    000000e0                 : _printfi.obj (.text:__fcpy)
                  0000e300    000000e0                 : round.obj (.text:__nround)
                  0000e3e0    000000e0                 : _io_perm.obj (.text:__rd_ok)
                  0000e4c0    000000e0                 : exit.obj (.text:_exit)
                  0000e5a0    000000e0                 : memory.obj (.text:_minsert)
                  0000e680    000000e0                 : modf.obj (.text:_modf)
                  0000e760    000000e0                 : memory.obj (.text:_mremove)
                  0000e840    000000e0     fonctionHugo.obj (.text)
                  0000e920    000000c0     rts6700.lib : divu.obj (.text:__divu)
                  0000e9e0    000000c0                 : cpy_tbl.obj (.text:_copy_in)
                  0000eaa0    000000c0                 : lowlev.obj (.text:_finddevice)
                  0000eb60    000000a0                 : fixdli.obj (.text:__fixdli)
                  0000ec00    000000a0                 : mpyll.obj (.text:__mpyll)
                  0000eca0    000000a0                 : imath40.obj (.text:__remli)
                  0000ed40    000000a0                 : imath40.obj (.text:__remul)
                  0000ede0    000000a0                 : imath64.obj (.text:__remull)
                  0000ee80    000000a0                 : trgmsg.obj (.text:_readmsg)
                  0000ef20    000000a0                 : lowlev.obj (.text:_unlink)
                  0000efc0    000000a0                 : trgmsg.obj (.text:_writemsg)
                  0000f060    000000a0     main.obj (.text)
                  0000f100    00000080     rts6700.lib : cpp_init.obj (.text:___TI_cpp_init)
                  0000f180    00000080                 : fltlid.obj (.text:__fltlid)
                  0000f200    00000080                 : llshift.obj (.text:__llshl)
                  0000f280    00000080                 : boot.obj (.text:_c_int00)
                  0000f300    00000080                 : memccpy.obj (.text:_memccpy)
                  0000f380    00000080     sub.obj (.text)
                  0000f400    00000060     rts6700.lib : isinf.obj (.text:___isinf)
                  0000f460    00000060                 : llshift.obj (.text:__llshru)
                  0000f4c0    00000060                 : imath64.obj (.text:__subcull)
                  0000f520    00000040                 : _printfi.obj (.text:___isnan)
                  0000f560    00000040                 : args_main.obj (.text:__args_main)
                  0000f5a0    00000040                 : trunc.obj (.text:__trunc)
                  0000f5e0    00000020                 : fscanf.obj (.text:__inpchar)
                  0000f600    00000020                 : negll.obj (.text:__negll)
                  0000f620    00000020                 : _lock.obj (.text:__nop)
                  0000f640    00000020                 : printf.obj (.text:__outc)
                  0000f660    00000020                 : printf.obj (.text:__outs)
                  0000f680    00000020                 : fscanf.obj (.text:__uninpchar)
                  0000f6a0    00000020                 : exit.obj (.text:_abort)
                  0000f6c0    00000020                 : remove.obj (.text:_remove)
                  0000f6e0    00000020     Mpy.obj ($Tramp$S$$_MpyFlottant64bits)
                  0000f700    00000020     Mpy.obj ($Tramp$S$$_MpyFractionnaireOp32bitsRes64bits_Q724_Q1516)
                  0000f720    00000020     Mpy.obj ($Tramp$S$$_MpyEntierSigneOp32bitsRes64bits)
                  0000f740    00000020     Mpy.obj ($Tramp$S$$_MpyEntierNonSigneOp32bitsRes64bits)

.stack     0    0000f760    00001000     UNINITIALIZED
                  0000f760    00000008     rts6700.lib : boot.obj (.stack)
                  0000f768    00000ff8     --HOLE--

.sysmem    0    00010760    00001000     UNINITIALIZED
                  00010760    00000008     rts6700.lib : memory.obj (.sysmem)
                  00010768    00000ff8     --HOLE--

.const     0    00011760    0000061a     
                  00011760    0000035c     liste.obj (.const:.string)
                  00011abc    00000101     rts6700.lib : ctype.obj (.const:.string:__ctypes_)
                  00011bbd    00000002                 : fputs.obj (.const:.string)
                  00011bbf    00000001     --HOLE-- [fill = 0]
                  00011bc0    00000054     operande.obj (.const:.string)
                  00011c14    00000004     main.obj (.const:.string)
                  00011c18    00000050     rts6700.lib : strtod.obj (.const:_digits)
                  00011c68    00000050                 : strtold.obj (.const:_digits)
                  00011cb8    00000048                 : strtod.obj (.const:_powerof10)
                  00011d00    00000048                 : strtold.obj (.const:_powerof10)
                  00011d48    00000023                 : _printfi.obj (.const:.string)
                  00011d6b    00000001     --HOLE-- [fill = 0]
                  00011d6c    00000007                 : _scanfi.obj (.const:.string:_flit$1)
                  00011d73    00000001     --HOLE-- [fill = 0]
                  00011d74    00000006                 : _scanfi.obj (.const:.string:_barr$2)

.far       0    00011d80    0000058c     UNINITIALIZED
                  00011d80    00000324     rts6700.lib : defs.obj (.far)
                  000120a4    00000004                 : errno.obj (.far)
                  000120a8    00000120                 : pow.obj (.far)
                  000121c8    0000011c                 : lowlev.obj (.far)
                  000122e4    0000000c                 : exit.obj (.far)
                  000122f0    00000008                 : _lock.obj (.far)
                  000122f8    00000008                 : memory.obj (.far)
                  00012300    00000008                 : trgdrv.obj (.far)
                  00012308    00000004                 : fopen.obj (.far)

.cinit     0    00012310    000002a4     
                  00012310    00000140     rts6700.lib : pow.obj (.cinit)
                  00012450    0000005c                 : defs.obj (.cinit)
                  000124ac    00000004     --HOLE-- [fill = 0]
                  000124b0    0000005c                 : lowlev.obj (.cinit)
                  0001250c    00000004     --HOLE-- [fill = 0]
                  00012510    0000002c                 : exit.obj (.cinit)
                  0001253c    00000004     --HOLE-- [fill = 0]
                  00012540    0000002c                 : memory.obj (.cinit)
                  0001256c    00000004     --HOLE-- [fill = 0]
                  00012570    0000001c                 : _lock.obj (.cinit)
                  0001258c    00000004     --HOLE-- [fill = 0]
                  00012590    0000000c                 : errno.obj (.cinit)
                  0001259c    00000004     --HOLE-- [fill = 0]
                  000125a0    0000000c                 : fopen.obj (.cinit)
                  000125ac    00000004     --HOLE-- [fill = 0]
                  000125b0    00000004     (.pad.cinit) [fill = 0]

.cio       0    000125b4    00000120     UNINITIALIZED
                  000125b4    00000120     rts6700.lib : trgmsg.obj (.cio)

.switch    0    000126d4    0000003c     
                  000126d4    00000028     rts6700.lib : _scanfi.obj (.switch:__sset_arg)
                  000126fc    00000014     liste.obj (.switch:_analyserListe)


FAR CALL TRAMPOLINES

callee name               trampoline name
   callee addr  tramp addr   call addr  call info
--------------  -----------  ---------  ----------------
_MpyFlottant64bits        $Tramp$S$$_MpyFlottant64bits
   000000d0     0000f6e0     00000d34   liste.obj (.text)
_MpyFractionnaireOp32bitsRes64bits_Q724_Q1516  $Tramp$S$$_MpyFractionnaireOp32bitsRes64bits_Q724_Q1516
   000000a8     0000f700     00000c5c   liste.obj (.text)
_MpyEntierSigneOp32bitsRes64bits  $Tramp$S$$_MpyEntierSigneOp32bitsRes64bits
   00000088     0000f720     00000bf4   liste.obj (.text)
_MpyEntierNonSigneOp32bitsRes64bits  $Tramp$S$$_MpyEntierNonSigneOp32bitsRes64bits
   00000000     0000f740     00000b88   liste.obj (.text)

[4 trampolines]
[4 trampoline calls]


GLOBAL SYMBOLS: SORTED ALPHABETICALLY BY Name 

address    name
--------   ----
00000220   $bss
00000220   .bss
00000000   .data
00000220   .text
0000f6a0   C$$EXIT
0000f038   C$$IO$$
0000e840   _AddEntierNonSigne32bits
0000e874   _AddEntierSigne32bits
0000e88c   _AddFractionnaire32bits_Q724_Q1516
00008e08   _ChoisirDonnees
0000d440   _DivFlottant32bits
0000d360   _DivIncrementation
0000d3d4   _DivSubc
0000e8a8   _EncrypterDonnees
0000d480   _HOSTclose
0000be60   _HOSTlseek
0000cb80   _HOSTopen
0000c540   _HOSTread
0000ac40   _HOSTrename
0000d580   _HOSTunlink
0000cca0   _HOSTwrite
00000000   _MpyEntierNonSigneOp32bitsRes64bits
00000088   _MpyEntierSigneOp32bitsRes64bits
000000d0   _MpyFlottant64bits
000000a8   _MpyFractionnaireOp32bitsRes64bits_Q724_Q1516
0000f380   _SubEntierNonSigne32bits
0000f3a4   _SubEntierSigne32bits
0000f3d4   _SubFlottant64bits
000125b4   __CIOBUF_
00010760   __STACK_END
00001000   __STACK_SIZE
00001000   __SYSMEM_SIZE
00000001   __TI_args_main
0000f100   ___TI_cpp_init
000122ec   ___TI_enable_exit_profile_output
ffffffff   ___TI_pprof_out_hndl
ffffffff   ___TI_prof_data_size
ffffffff   ___TI_prof_data_start
ffffffff   ___binit__
00000220   ___bss__
ffffffff   ___c_args__
00012310   ___cinit__
00000000   ___data__
00000100   ___edata__
00000220   ___end__
0000f760   ___etext__
0000f400   ___isinf
ffffffff   ___pinit__
00000220   ___text__
0000f560   __args_main
0000d680   __auto_init
0000bfc0   __buff_read
0000cdc0   __c6xabi_divi
0000e920   __c6xabi_divu
0000df80   __cleanup
000122e4   __cleanup_ptr
0000c120   __closefile
00011abc   __ctypes_
00002c20   __divd
0000cdc0   __divi
0000d880   __divli
0000e920   __divu
0000a320   __divul
000080a0   __divull
0000e060   __doflush
000122e8   __dtors_ptr
0000eb60   __fixdli
0000f180   __fltlid
0000c680   __fltllid
0000c7c0   __frcmpyd_div
000120a0   __ft_end
00011d80   __ftable
0000f200   __llshl
0000f460   __llshru
000122f0   __lock
0000ec00   __mpyll
0000f600   __negll
0000f620   __nop
0000e300   __nround
00005d00   __printfi
0000e3e0   __rd_ok
0000eca0   __remli
0000ed40   __remul
0000ede0   __remull
00000fa0   __scanfi
0000f760   __stack
0000f4c0   __subcull
00010760   __sys_memory
00011f60   __tmpnams
0000f5a0   __trunc
000122f4   __unlock
0000cee0   __wrt_ok
0000f6a0   _abort
0000080c   _analyserListe
0000c900   _atoi
0000f280   _c_int00
00008c80   _choisirOperandesDouble
00008c0c   _choisirOperandesFloat
00008b20   _choisirOperandesIntNoS
00008b98   _choisirOperandesIntS
00008cf8   _choisirOperandes_Q724_Q1516
0000d000   _close
000007d8   _convertirListe
0000e9e0   _copy_in
000120a4   _errno
0000e4c0   _exit
0000bce0   _fgetc
0000a080   _fputc
00006780   _fputs
000087a0   _free
0000d120   _frexp
0000b640   _fseek
0000bce0   _getc
0000bb40   _ldexp
0000da80   _lseek
0000ca40   _ltoa
0000f060   _main
0000a7c0   _malloc
0000f300   _memccpy
0000aa00   _memcpy
0000d240   _memset
0000e680   _modf
000003ec   _obtenirFormat
000005b8   _obtenirOperation
00000220   _obtenirType
00001b60   _pow
0000db80   _printf
0000a080   _putc
0000dc80   _read
0000ee80   _readmsg
0000f6c0   _remove
0000dd80   _scanf
00009b20   _setvbuf
00004040   _strtod
00005780   _strtol
00004620   _strtold
00004c00   _strtoll
00006260   _strtoul
00006c40   _strtoull
0000c3e0   _ungetc
0000ef20   _unlink
0000de80   _write
0000efc0   _writemsg
ffffffff   binit
00012310   cinit
00000100   edata
00000220   end
0000f760   etext
ffffffff   pinit


GLOBAL SYMBOLS: SORTED BY Symbol Address 

address    name
--------   ----
00000000   .data
00000000   _MpyEntierNonSigneOp32bitsRes64bits
00000000   ___data__
00000001   __TI_args_main
00000088   _MpyEntierSigneOp32bitsRes64bits
000000a8   _MpyFractionnaireOp32bitsRes64bits_Q724_Q1516
000000d0   _MpyFlottant64bits
00000100   ___edata__
00000100   edata
00000220   $bss
00000220   .bss
00000220   .text
00000220   ___bss__
00000220   ___end__
00000220   ___text__
00000220   _obtenirType
00000220   end
000003ec   _obtenirFormat
000005b8   _obtenirOperation
000007d8   _convertirListe
0000080c   _analyserListe
00000fa0   __scanfi
00001000   __STACK_SIZE
00001000   __SYSMEM_SIZE
00001b60   _pow
00002c20   __divd
00004040   _strtod
00004620   _strtold
00004c00   _strtoll
00005780   _strtol
00005d00   __printfi
00006260   _strtoul
00006780   _fputs
00006c40   _strtoull
000080a0   __divull
000087a0   _free
00008b20   _choisirOperandesIntNoS
00008b98   _choisirOperandesIntS
00008c0c   _choisirOperandesFloat
00008c80   _choisirOperandesDouble
00008cf8   _choisirOperandes_Q724_Q1516
00008e08   _ChoisirDonnees
00009b20   _setvbuf
0000a080   _fputc
0000a080   _putc
0000a320   __divul
0000a7c0   _malloc
0000aa00   _memcpy
0000ac40   _HOSTrename
0000b640   _fseek
0000bb40   _ldexp
0000bce0   _fgetc
0000bce0   _getc
0000be60   _HOSTlseek
0000bfc0   __buff_read
0000c120   __closefile
0000c3e0   _ungetc
0000c540   _HOSTread
0000c680   __fltllid
0000c7c0   __frcmpyd_div
0000c900   _atoi
0000ca40   _ltoa
0000cb80   _HOSTopen
0000cca0   _HOSTwrite
0000cdc0   __c6xabi_divi
0000cdc0   __divi
0000cee0   __wrt_ok
0000d000   _close
0000d120   _frexp
0000d240   _memset
0000d360   _DivIncrementation
0000d3d4   _DivSubc
0000d440   _DivFlottant32bits
0000d480   _HOSTclose
0000d580   _HOSTunlink
0000d680   __auto_init
0000d880   __divli
0000da80   _lseek
0000db80   _printf
0000dc80   _read
0000dd80   _scanf
0000de80   _write
0000df80   __cleanup
0000e060   __doflush
0000e300   __nround
0000e3e0   __rd_ok
0000e4c0   _exit
0000e680   _modf
0000e840   _AddEntierNonSigne32bits
0000e874   _AddEntierSigne32bits
0000e88c   _AddFractionnaire32bits_Q724_Q1516
0000e8a8   _EncrypterDonnees
0000e920   __c6xabi_divu
0000e920   __divu
0000e9e0   _copy_in
0000eb60   __fixdli
0000ec00   __mpyll
0000eca0   __remli
0000ed40   __remul
0000ede0   __remull
0000ee80   _readmsg
0000ef20   _unlink
0000efc0   _writemsg
0000f038   C$$IO$$
0000f060   _main
0000f100   ___TI_cpp_init
0000f180   __fltlid
0000f200   __llshl
0000f280   _c_int00
0000f300   _memccpy
0000f380   _SubEntierNonSigne32bits
0000f3a4   _SubEntierSigne32bits
0000f3d4   _SubFlottant64bits
0000f400   ___isinf
0000f460   __llshru
0000f4c0   __subcull
0000f560   __args_main
0000f5a0   __trunc
0000f600   __negll
0000f620   __nop
0000f6a0   C$$EXIT
0000f6a0   _abort
0000f6c0   _remove
0000f760   ___etext__
0000f760   __stack
0000f760   etext
00010760   __STACK_END
00010760   __sys_memory
00011abc   __ctypes_
00011d80   __ftable
00011f60   __tmpnams
000120a0   __ft_end
000120a4   _errno
000122e4   __cleanup_ptr
000122e8   __dtors_ptr
000122ec   ___TI_enable_exit_profile_output
000122f0   __lock
000122f4   __unlock
00012310   ___cinit__
00012310   cinit
000125b4   __CIOBUF_
ffffffff   ___TI_pprof_out_hndl
ffffffff   ___TI_prof_data_size
ffffffff   ___TI_prof_data_start
ffffffff   ___binit__
ffffffff   ___c_args__
ffffffff   ___pinit__
ffffffff   binit
ffffffff   pinit

[149 symbols]
